###############################################################################
#
# IAR ELF Linker V9.40.1.364/W64 for ARM                  25/Sep/2023  11:34:38
# Copyright 2007-2023 IAR Systems AB.
#
#    Output file  =
#        E:\IAR projects\STM32F4xx\w25qxx\HAL\EWARM\w25qxx\Exe\w25qxx.out
#    Map file     =
#        E:\IAR projects\STM32F4xx\w25qxx\HAL\EWARM\w25qxx\List\w25qxx.map
#    Command line =
#        -f "E:\IAR
#        projects\STM32F4xx\w25qxx\HAL\EWARM\w25qxx\Exe\w25qxx.out.rsp"
#        ("E:\IAR
#        projects\STM32F4xx\w25qxx\HAL\EWARM\w25qxx\Obj\Core_13247989168731456611.dir\gpio.o"
#        "E:\IAR
#        projects\STM32F4xx\w25qxx\HAL\EWARM\w25qxx\Obj\Core_13247989168731456611.dir\main.o"
#        "E:\IAR
#        projects\STM32F4xx\w25qxx\HAL\EWARM\w25qxx\Obj\Core_13247989168731456611.dir\spi.o"
#        "E:\IAR
#        projects\STM32F4xx\w25qxx\HAL\EWARM\w25qxx\Obj\EWARM_18443280873093131863.dir\startup_stm32f407xx.o"
#        "E:\IAR
#        projects\STM32F4xx\w25qxx\HAL\EWARM\w25qxx\Obj\STM32F4xx_HAL_Driver_1244631019742807970.dir\stm32f4xx_hal.o"
#        "E:\IAR
#        projects\STM32F4xx\w25qxx\HAL\EWARM\w25qxx\Obj\STM32F4xx_HAL_Driver_1244631019742807970.dir\stm32f4xx_hal_cortex.o"
#        "E:\IAR
#        projects\STM32F4xx\w25qxx\HAL\EWARM\w25qxx\Obj\STM32F4xx_HAL_Driver_1244631019742807970.dir\stm32f4xx_hal_dma.o"
#        "E:\IAR
#        projects\STM32F4xx\w25qxx\HAL\EWARM\w25qxx\Obj\STM32F4xx_HAL_Driver_1244631019742807970.dir\stm32f4xx_hal_dma_ex.o"
#        "E:\IAR
#        projects\STM32F4xx\w25qxx\HAL\EWARM\w25qxx\Obj\STM32F4xx_HAL_Driver_1244631019742807970.dir\stm32f4xx_hal_exti.o"
#        "E:\IAR
#        projects\STM32F4xx\w25qxx\HAL\EWARM\w25qxx\Obj\STM32F4xx_HAL_Driver_1244631019742807970.dir\stm32f4xx_hal_flash.o"
#        "E:\IAR
#        projects\STM32F4xx\w25qxx\HAL\EWARM\w25qxx\Obj\STM32F4xx_HAL_Driver_1244631019742807970.dir\stm32f4xx_hal_flash_ex.o"
#        "E:\IAR
#        projects\STM32F4xx\w25qxx\HAL\EWARM\w25qxx\Obj\STM32F4xx_HAL_Driver_1244631019742807970.dir\stm32f4xx_hal_flash_ramfunc.o"
#        "E:\IAR
#        projects\STM32F4xx\w25qxx\HAL\EWARM\w25qxx\Obj\STM32F4xx_HAL_Driver_1244631019742807970.dir\stm32f4xx_hal_gpio.o"
#        "E:\IAR
#        projects\STM32F4xx\w25qxx\HAL\EWARM\w25qxx\Obj\Core_13247989168731456611.dir\stm32f4xx_hal_msp.o"
#        "E:\IAR
#        projects\STM32F4xx\w25qxx\HAL\EWARM\w25qxx\Obj\STM32F4xx_HAL_Driver_1244631019742807970.dir\stm32f4xx_hal_pwr.o"
#        "E:\IAR
#        projects\STM32F4xx\w25qxx\HAL\EWARM\w25qxx\Obj\STM32F4xx_HAL_Driver_1244631019742807970.dir\stm32f4xx_hal_pwr_ex.o"
#        "E:\IAR
#        projects\STM32F4xx\w25qxx\HAL\EWARM\w25qxx\Obj\STM32F4xx_HAL_Driver_1244631019742807970.dir\stm32f4xx_hal_rcc.o"
#        "E:\IAR
#        projects\STM32F4xx\w25qxx\HAL\EWARM\w25qxx\Obj\STM32F4xx_HAL_Driver_1244631019742807970.dir\stm32f4xx_hal_rcc_ex.o"
#        "E:\IAR
#        projects\STM32F4xx\w25qxx\HAL\EWARM\w25qxx\Obj\STM32F4xx_HAL_Driver_1244631019742807970.dir\stm32f4xx_hal_spi.o"
#        "E:\IAR
#        projects\STM32F4xx\w25qxx\HAL\EWARM\w25qxx\Obj\STM32F4xx_HAL_Driver_1244631019742807970.dir\stm32f4xx_hal_tim.o"
#        "E:\IAR
#        projects\STM32F4xx\w25qxx\HAL\EWARM\w25qxx\Obj\STM32F4xx_HAL_Driver_1244631019742807970.dir\stm32f4xx_hal_tim_ex.o"
#        "E:\IAR
#        projects\STM32F4xx\w25qxx\HAL\EWARM\w25qxx\Obj\Core_13247989168731456611.dir\stm32f4xx_it.o"
#        "E:\IAR
#        projects\STM32F4xx\w25qxx\HAL\EWARM\w25qxx\Obj\CMSIS_6603591812247902717.dir\system_stm32f4xx.o"
#        "E:\IAR
#        projects\STM32F4xx\w25qxx\HAL\EWARM\w25qxx\Obj\w25qxx_12202358171051320134.dir\w25qxx.o"
#        "E:\IAR
#        projects\STM32F4xx\w25qxx\HAL\EWARM\w25qxx\Obj\w25qxx_12202358171051320134.dir\w25qxx_Interface.o"
#        --no_out_extension -o "E:\IAR
#        projects\STM32F4xx\w25qxx\HAL\EWARM\w25qxx\Exe\w25qxx.out" --redirect
#        _Printf=_PrintfFullNoMb --redirect _Scanf=_ScanfFullNoMb --map "E:\IAR
#        projects\STM32F4xx\w25qxx\HAL\EWARM\w25qxx\List\w25qxx.map" --config
#        "E:\IAR projects\STM32F4xx\w25qxx\HAL\EWARM\stm32f407xx_flash.icf"
#        --semihosting --entry __iar_program_start --vfe --text_out locale
#        --cpu=Cortex-M4 --fpu=VFPv4_sp) --dependencies=n "E:\IAR
#        projects\STM32F4xx\w25qxx\HAL\EWARM\w25qxx\Exe\w25qxx.out.iar_deps"
#
###############################################################################

*******************************************************************************
*** RUNTIME MODEL ATTRIBUTES
***

CppFlavor       = *
__CPP_Runtime   = 1
__Heap_Handler  = Basic
__SystemLibrary = DLib
__dlib_version  = 6


*******************************************************************************
*** HEAP SELECTION
***

The basic heap was selected because --advanced_heap
was not specified and the application did not appear to
be primarily optimized for speed.


*******************************************************************************
*** PLACEMENT SUMMARY
***

"A0":  place at address 0x800'0000 { ro section .intvec };
"P1":  place in [from 0x800'0000 to 0x80f'ffff] { ro };
define block CSTACK with size = 1K, alignment = 8 { };
define block HEAP with size = 512, alignment = 8 { };
"P2":  place in [from 0x2000'0000 to 0x2001'ffff] {
          rw, block CSTACK, block HEAP };
initialize by copy { rw };

  Section            Kind         Address    Size  Object
  -------            ----         -------    ----  ------
"A0":                                       0x188
  .intvec            ro code   0x800'0000   0x188  startup_stm32f407xx.o [3]
                             - 0x800'0188   0x188

"P1":                                      0x227c
  .text              ro code   0x800'0188   0x7d0  stm32f4xx_hal_spi.o [4]
  .text              ro code   0x800'0958    0xc4  spi.o [2]
  .text              ro code   0x800'0a1c     0xc  stm32f4xx_hal.o [4]
  .text              ro code   0x800'0a28   0x160  main.o [2]
  .text              ro code   0x800'0b88    0x14  memset.o [8]
  .text              ro code   0x800'0b9c   0x204  stm32f4xx_hal_gpio.o [4]
  .text              ro code   0x800'0da0    0x34  stm32f4xx_hal.o [4]
  .text              ro code   0x800'0dd4    0x88  gpio.o [2]
  .text              ro code   0x800'0e5c   0x61e  w25qxx.o [5]
  .text              ro code   0x800'147a    0x2a  copy_init3.o [8]
  .text              ro code   0x800'14a4    0x68  memcmp.o [8]
  .text              ro code   0x800'150c    0x66  ABImemset.o [8]
  .text              ro code   0x800'1574   0x3c4  stm32f4xx_hal_rcc.o [4]
  .text              ro code   0x800'1938   0x154  stm32f4xx_hal_rcc.o [4]
  .text              ro code   0x800'1a8c   0x100  stm32f4xx_hal_cortex.o [4]
  .text              ro code   0x800'1b8c    0x4c  stm32f4xx_hal.o [4]
  .text              ro code   0x800'1bd8    0x40  stm32f4xx_hal_msp.o [2]
  .text              ro code   0x800'1c18    0x2c  w25qxx_Interface.o [5]
  .text              ro code   0x800'1c44   0x13c  heap0.o [6]
  .text              ro code   0x800'1d80    0xa6  ABImemcpy.o [8]
  .text              ro code   0x800'1e26     0x4  heaptramp0.o [6]
  .text              ro code   0x800'1e2c    0x80  stm32f4xx_hal_rcc.o [4]
  .text              ro code   0x800'1eac    0x28  stm32f4xx_hal.o [4]
  .text              ro code   0x800'1ed4    0x2c  xgetmemchunk.o [6]
  .text              ro code   0x800'1f00   0x230  I64DivMod.o [8]
  .text              ro code   0x800'2130     0x2  I64DivZer.o [8]
  .text              ro code   0x800'2132    0x38  zero_init3.o [8]
  .text              ro code   0x800'216c    0x28  data_init.o [8]
  .text              ro code   0x800'2194    0x22  fpinit_M.o [7]
  .iar.init_table    const     0x800'21b8    0x24  - Linker created -
  .text              ro code   0x800'21dc    0x1e  cmain.o [8]
  .text              ro code   0x800'21fa     0x4  low_level_init.o [6]
  .text              ro code   0x800'21fe     0x4  exit.o [6]
  .text              ro code   0x800'2204     0xa  cexit.o [8]
  .text              ro code   0x800'2210    0x14  exit.o [9]
  .text              ro code   0x800'2224    0x1c  cstartup_M.o [8]
  .text              ro code   0x800'2240    0x18  stm32f4xx_hal.o [4]
  .text              ro code   0x800'2258    0x18  stm32f4xx_it.o [2]
  .rodata            const     0x800'2270    0x14  main.o [2]
  .rodata            const     0x800'2284    0x10  system_stm32f4xx.o [1]
  .text              ro code   0x800'2294    0x10  startup_stm32f407xx.o [3]
  .text              ro code   0x800'22a4    0x10  system_stm32f4xx.o [1]
  Initializer bytes  const     0x800'22b4     0xc  <for P2-1>
  .text              ro code   0x800'22c0     0x4  startup_stm32f407xx.o [3]
  .text              ro code   0x800'22c4     0x4  startup_stm32f407xx.o [3]
  .text              ro code   0x800'22c8     0x4  startup_stm32f407xx.o [3]
  .text              ro code   0x800'22cc     0x4  startup_stm32f407xx.o [3]
  .text              ro code   0x800'22d0     0x4  startup_stm32f407xx.o [3]
  .text              ro code   0x800'22d4     0x4  startup_stm32f407xx.o [3]
  .text              ro code   0x800'22d8     0x4  startup_stm32f407xx.o [3]
  .text              ro code   0x800'22dc     0x4  startup_stm32f407xx.o [3]
  .text              ro code   0x800'22e0     0x4  startup_stm32f407xx.o [3]
  .text              ro code   0x800'22e4     0x4  startup_stm32f407xx.o [3]
  .text              ro code   0x800'22e8     0x4  startup_stm32f407xx.o [3]
  .text              ro code   0x800'22ec     0x4  startup_stm32f407xx.o [3]
  .text              ro code   0x800'22f0     0x4  startup_stm32f407xx.o [3]
  .text              ro code   0x800'22f4     0x4  startup_stm32f407xx.o [3]
  .text              ro code   0x800'22f8     0x4  startup_stm32f407xx.o [3]
  .text              ro code   0x800'22fc     0x4  startup_stm32f407xx.o [3]
  .text              ro code   0x800'2300     0x4  startup_stm32f407xx.o [3]
  .text              ro code   0x800'2304     0x4  startup_stm32f407xx.o [3]
  .text              ro code   0x800'2308     0x4  startup_stm32f407xx.o [3]
  .text              ro code   0x800'230c     0x4  startup_stm32f407xx.o [3]
  .text              ro code   0x800'2310     0x4  startup_stm32f407xx.o [3]
  .text              ro code   0x800'2314     0x4  startup_stm32f407xx.o [3]
  .text              ro code   0x800'2318     0x4  startup_stm32f407xx.o [3]
  .text              ro code   0x800'231c     0x4  startup_stm32f407xx.o [3]
  .text              ro code   0x800'2320     0x4  startup_stm32f407xx.o [3]
  .text              ro code   0x800'2324     0x4  startup_stm32f407xx.o [3]
  .text              ro code   0x800'2328     0x4  startup_stm32f407xx.o [3]
  .text              ro code   0x800'232c     0x4  startup_stm32f407xx.o [3]
  .text              ro code   0x800'2330     0x4  startup_stm32f407xx.o [3]
  .text              ro code   0x800'2334     0x4  startup_stm32f407xx.o [3]
  .text              ro code   0x800'2338     0x4  startup_stm32f407xx.o [3]
  .text              ro code   0x800'233c     0x4  startup_stm32f407xx.o [3]
  .text              ro code   0x800'2340     0x4  startup_stm32f407xx.o [3]
  .text              ro code   0x800'2344     0x4  startup_stm32f407xx.o [3]
  .text              ro code   0x800'2348     0x4  startup_stm32f407xx.o [3]
  .text              ro code   0x800'234c     0x4  startup_stm32f407xx.o [3]
  .text              ro code   0x800'2350     0x4  startup_stm32f407xx.o [3]
  .text              ro code   0x800'2354     0x4  startup_stm32f407xx.o [3]
  .text              ro code   0x800'2358     0x4  startup_stm32f407xx.o [3]
  .text              ro code   0x800'235c     0x4  startup_stm32f407xx.o [3]
  .text              ro code   0x800'2360     0x4  startup_stm32f407xx.o [3]
  .text              ro code   0x800'2364     0x4  startup_stm32f407xx.o [3]
  .text              ro code   0x800'2368     0x4  startup_stm32f407xx.o [3]
  .text              ro code   0x800'236c     0x4  startup_stm32f407xx.o [3]
  .text              ro code   0x800'2370     0x4  startup_stm32f407xx.o [3]
  .text              ro code   0x800'2374     0x4  startup_stm32f407xx.o [3]
  .text              ro code   0x800'2378     0x4  startup_stm32f407xx.o [3]
  .text              ro code   0x800'237c     0x4  startup_stm32f407xx.o [3]
  .text              ro code   0x800'2380     0x4  startup_stm32f407xx.o [3]
  .text              ro code   0x800'2384     0x4  startup_stm32f407xx.o [3]
  .text              ro code   0x800'2388     0x4  startup_stm32f407xx.o [3]
  .text              ro code   0x800'238c     0x4  startup_stm32f407xx.o [3]
  .text              ro code   0x800'2390     0x4  startup_stm32f407xx.o [3]
  .text              ro code   0x800'2394     0x4  startup_stm32f407xx.o [3]
  .text              ro code   0x800'2398     0x4  startup_stm32f407xx.o [3]
  .text              ro code   0x800'239c     0x4  startup_stm32f407xx.o [3]
  .text              ro code   0x800'23a0     0x4  startup_stm32f407xx.o [3]
  .text              ro code   0x800'23a4     0x4  startup_stm32f407xx.o [3]
  .text              ro code   0x800'23a8     0x4  startup_stm32f407xx.o [3]
  .text              ro code   0x800'23ac     0x4  startup_stm32f407xx.o [3]
  .text              ro code   0x800'23b0     0x4  startup_stm32f407xx.o [3]
  .text              ro code   0x800'23b4     0x4  startup_stm32f407xx.o [3]
  .text              ro code   0x800'23b8     0x4  startup_stm32f407xx.o [3]
  .text              ro code   0x800'23bc     0x4  startup_stm32f407xx.o [3]
  .text              ro code   0x800'23c0     0x4  startup_stm32f407xx.o [3]
  .text              ro code   0x800'23c4     0x4  startup_stm32f407xx.o [3]
  .text              ro code   0x800'23c8     0x4  startup_stm32f407xx.o [3]
  .text              ro code   0x800'23cc     0x4  startup_stm32f407xx.o [3]
  .text              ro code   0x800'23d0     0x4  startup_stm32f407xx.o [3]
  .text              ro code   0x800'23d4     0x4  startup_stm32f407xx.o [3]
  .text              ro code   0x800'23d8     0x4  startup_stm32f407xx.o [3]
  .text              ro code   0x800'23dc     0x4  startup_stm32f407xx.o [3]
  .text              ro code   0x800'23e0     0x4  startup_stm32f407xx.o [3]
  .text              ro code   0x800'23e4     0x4  startup_stm32f407xx.o [3]
  .text              ro code   0x800'23e8     0x4  startup_stm32f407xx.o [3]
  .text              ro code   0x800'23ec     0x4  startup_stm32f407xx.o [3]
  .text              ro code   0x800'23f0     0x4  startup_stm32f407xx.o [3]
  .text              ro code   0x800'23f4     0x4  startup_stm32f407xx.o [3]
  .text              ro code   0x800'23f8     0x4  startup_stm32f407xx.o [3]
  .text              ro code   0x800'23fc     0x4  startup_stm32f407xx.o [3]
  .text              ro code   0x800'2400     0x4  startup_stm32f407xx.o [3]
  .rodata            const     0x800'2404     0x0  zero_init3.o [8]
  .rodata            const     0x800'2404     0x0  copy_init3.o [8]
                             - 0x800'2404  0x227c

"P2", part 1 of 3:                            0xc
  P2-1                        0x2000'0000     0x9  <Init block>
    .data            inited   0x2000'0000     0x4  stm32f4xx_hal.o [4]
    .data            inited   0x2000'0004     0x4  system_stm32f4xx.o [1]
    .data            inited   0x2000'0008     0x1  stm32f4xx_hal.o [4]
                            - 0x2000'0009     0x9

"P2", part 2 of 3:                           0x98
  .bss               zero     0x2000'000c    0x58  spi.o [2]
  .bss               zero     0x2000'0064    0x1c  main.o [2]
  .bss               zero     0x2000'0080    0x14  main.o [2]
  .bss               zero     0x2000'0094     0x8  heap0.o [6]
  .bss               zero     0x2000'009c     0x4  stm32f4xx_hal.o [4]
  .bss               zero     0x2000'00a0     0x4  xgetmemchunk.o [6]
                            - 0x2000'00a4    0x98

"P2", part 3 of 3:                          0x600
  CSTACK                      0x2000'00a8   0x400  <Block>
    CSTACK           uninit   0x2000'00a8   0x400  <Block tail>
  HEAP                        0x2000'04a8   0x200  <Block>
    HEAP             uninit   0x2000'04a8   0x200  <Block tail>
                            - 0x2000'06a8   0x600

Unused ranges:

         From           To      Size
         ----           --      ----
   0x800'2404   0x80f'ffff  0xf'dbfc
  0x2000'00a4  0x2000'00a7       0x4
  0x2000'06a8  0x2001'ffff  0x1'f958


*******************************************************************************
*** INIT TABLE
***

          Address      Size
          -------      ----
Zero (__iar_zero_init3)
    1 destination range, total size 0x98:
          0x2000'000c  0x98

Copy (__iar_copy_init3)
    1 source range, total size 0xc (133% of destination):
           0x800'22b4   0xc
    1 destination range, total size 0x9:
          0x2000'0000   0x9



*******************************************************************************
*** MODULE SUMMARY
***

    Module                  ro code  ro data  rw data
    ------                  -------  -------  -------
command line/config:
    -------------------------------------------------
    Total:

E:\IAR projects\STM32F4xx\w25qxx\HAL\EWARM\w25qxx\Obj\CMSIS_6603591812247902717.dir: [1]
    system_stm32f4xx.o           16       20        4
    -------------------------------------------------
    Total:                       16       20        4

E:\IAR projects\STM32F4xx\w25qxx\HAL\EWARM\w25qxx\Obj\Core_13247989168731456611.dir: [2]
    gpio.o                      136
    main.o                      352       20       48
    spi.o                       196                88
    stm32f4xx_hal_msp.o          64
    stm32f4xx_it.o               24
    -------------------------------------------------
    Total:                      772       20      136

E:\IAR projects\STM32F4xx\w25qxx\HAL\EWARM\w25qxx\Obj\EWARM_18443280873093131863.dir: [3]
    startup_stm32f407xx.o       732
    -------------------------------------------------
    Total:                      732

E:\IAR projects\STM32F4xx\w25qxx\HAL\EWARM\w25qxx\Obj\STM32F4xx_HAL_Driver_1244631019742807970.dir: [4]
    stm32f4xx_hal.o             204        5        9
    stm32f4xx_hal_cortex.o      256
    stm32f4xx_hal_gpio.o        516
    stm32f4xx_hal_rcc.o       1'432
    stm32f4xx_hal_spi.o       2'000
    -------------------------------------------------
    Total:                    4'408        5        9

E:\IAR projects\STM32F4xx\w25qxx\HAL\EWARM\w25qxx\Obj\w25qxx_12202358171051320134.dir: [5]
    w25qxx.o                  1'566
    w25qxx_Interface.o           44
    -------------------------------------------------
    Total:                    1'610

dl7M_tlf.a: [6]
    exit.o                        4
    heap0.o                     316                 8
    heaptramp0.o                  4
    low_level_init.o              4
    xgetmemchunk.o               44                 4
    -------------------------------------------------
    Total:                      372                12

m7M_tls.a: [7]
    fpinit_M.o                   34
    -------------------------------------------------
    Total:                       34

rt7M_tl.a: [8]
    ABImemcpy.o                 166
    ABImemset.o                 102
    I64DivMod.o                 560
    I64DivZer.o                   2
    cexit.o                      10
    cmain.o                      30
    copy_init3.o                 42
    cstartup_M.o                 28
    data_init.o                  40
    memcmp.o                    104
    memset.o                     20
    zero_init3.o                 56
    -------------------------------------------------
    Total:                    1'160

shb_l.a: [9]
    exit.o                       20
    -------------------------------------------------
    Total:                       20

    Gaps                         10        2
    Linker created                        39    1'536
-----------------------------------------------------
    Grand Total:              9'134       86    1'697


*******************************************************************************
*** ENTRY LIST
***

Entry                       Address   Size  Type      Object
-----                       -------   ----  ----      ------
.iar.init_table$$Base    0x800'21b8          --   Gb  - Linker created -
.iar.init_table$$Limit   0x800'21dc          --   Gb  - Linker created -
?main                    0x800'21dd         Code  Gb  cmain.o [8]
ADC_IRQHandler           0x800'2309         Code  Wk  startup_stm32f407xx.o [3]
AHBPrescTable            0x800'2284   0x10  Data  Gb  system_stm32f4xx.o [1]
Aldata                  0x2000'0094    0x8  Data  Lc  heap0.o [6]
BusFault_Handler         0x800'225f    0x2  Code  Gb  stm32f4xx_it.o [2]
CAN1_RX0_IRQHandler      0x800'2311         Code  Wk  startup_stm32f407xx.o [3]
CAN1_RX1_IRQHandler      0x800'2315         Code  Wk  startup_stm32f407xx.o [3]
CAN1_SCE_IRQHandler      0x800'2319         Code  Wk  startup_stm32f407xx.o [3]
CAN1_TX_IRQHandler       0x800'230d         Code  Wk  startup_stm32f407xx.o [3]
CAN2_RX0_IRQHandler      0x800'23c1         Code  Wk  startup_stm32f407xx.o [3]
CAN2_RX1_IRQHandler      0x800'23c5         Code  Wk  startup_stm32f407xx.o [3]
CAN2_SCE_IRQHandler      0x800'23c9         Code  Wk  startup_stm32f407xx.o [3]
CAN2_TX_IRQHandler       0x800'23bd         Code  Wk  startup_stm32f407xx.o [3]
CSTACK$$Base            0x2000'00a8          --   Gb  - Linker created -
CSTACK$$Limit           0x2000'04a8          --   Gb  - Linker created -
DCMI_IRQHandler          0x800'23f9         Code  Wk  startup_stm32f407xx.o [3]
DMA1_Stream0_IRQHandler
                         0x800'22ed         Code  Wk  startup_stm32f407xx.o [3]
DMA1_Stream1_IRQHandler
                         0x800'22f1         Code  Wk  startup_stm32f407xx.o [3]
DMA1_Stream2_IRQHandler
                         0x800'22f5         Code  Wk  startup_stm32f407xx.o [3]
DMA1_Stream3_IRQHandler
                         0x800'22f9         Code  Wk  startup_stm32f407xx.o [3]
DMA1_Stream4_IRQHandler
                         0x800'22fd         Code  Wk  startup_stm32f407xx.o [3]
DMA1_Stream5_IRQHandler
                         0x800'2301         Code  Wk  startup_stm32f407xx.o [3]
DMA1_Stream6_IRQHandler
                         0x800'2305         Code  Wk  startup_stm32f407xx.o [3]
DMA1_Stream7_IRQHandler
                         0x800'237d         Code  Wk  startup_stm32f407xx.o [3]
DMA2_Stream0_IRQHandler
                         0x800'23a1         Code  Wk  startup_stm32f407xx.o [3]
DMA2_Stream1_IRQHandler
                         0x800'23a5         Code  Wk  startup_stm32f407xx.o [3]
DMA2_Stream2_IRQHandler
                         0x800'23a9         Code  Wk  startup_stm32f407xx.o [3]
DMA2_Stream3_IRQHandler
                         0x800'23ad         Code  Wk  startup_stm32f407xx.o [3]
DMA2_Stream4_IRQHandler
                         0x800'23b1         Code  Wk  startup_stm32f407xx.o [3]
DMA2_Stream5_IRQHandler
                         0x800'23d1         Code  Wk  startup_stm32f407xx.o [3]
DMA2_Stream6_IRQHandler
                         0x800'23d5         Code  Wk  startup_stm32f407xx.o [3]
DMA2_Stream7_IRQHandler
                         0x800'23d9         Code  Wk  startup_stm32f407xx.o [3]
DebugMon_Handler         0x800'2265    0x2  Code  Gb  stm32f4xx_it.o [2]
ETH_IRQHandler           0x800'23b5         Code  Wk  startup_stm32f407xx.o [3]
ETH_WKUP_IRQHandler      0x800'23b9         Code  Wk  startup_stm32f407xx.o [3]
EXTI0_IRQHandler         0x800'22d9         Code  Wk  startup_stm32f407xx.o [3]
EXTI15_10_IRQHandler     0x800'2361         Code  Wk  startup_stm32f407xx.o [3]
EXTI1_IRQHandler         0x800'22dd         Code  Wk  startup_stm32f407xx.o [3]
EXTI2_IRQHandler         0x800'22e1         Code  Wk  startup_stm32f407xx.o [3]
EXTI3_IRQHandler         0x800'22e5         Code  Wk  startup_stm32f407xx.o [3]
EXTI4_IRQHandler         0x800'22e9         Code  Wk  startup_stm32f407xx.o [3]
EXTI9_5_IRQHandler       0x800'231d         Code  Wk  startup_stm32f407xx.o [3]
Error_Handler            0x800'0b85    0x4  Code  Gb  main.o [2]
FLASH_IRQHandler         0x800'22d1         Code  Wk  startup_stm32f407xx.o [3]
FPU_IRQHandler           0x800'2401         Code  Wk  startup_stm32f407xx.o [3]
FSMC_IRQHandler          0x800'2381         Code  Wk  startup_stm32f407xx.o [3]
HAL_Delay                0x800'1ead   0x28  Code  Wk  stm32f4xx_hal.o [4]
HAL_GPIO_Init            0x800'0b9d  0x1b6  Code  Gb  stm32f4xx_hal_gpio.o [4]
HAL_GPIO_WritePin        0x800'0d53   0x14  Code  Gb  stm32f4xx_hal_gpio.o [4]
HAL_GetTick              0x800'0a1d    0xc  Code  Wk  stm32f4xx_hal.o [4]
HAL_IncTick              0x800'2241   0x18  Code  Wk  stm32f4xx_hal.o [4]
HAL_Init                 0x800'0da1   0x30  Code  Gb  stm32f4xx_hal.o [4]
HAL_InitTick             0x800'1b8d   0x4c  Code  Wk  stm32f4xx_hal.o [4]
HAL_MspInit              0x800'1bd9   0x40  Code  Gb  stm32f4xx_hal_msp.o [2]
HAL_NVIC_SetPriority     0x800'1b47   0x22  Code  Gb  stm32f4xx_hal_cortex.o [4]
HAL_NVIC_SetPriorityGrouping
                         0x800'1b3f    0x8  Code  Gb  stm32f4xx_hal_cortex.o [4]
HAL_RCC_ClockConfig      0x800'1939  0x13a  Code  Gb  stm32f4xx_hal_rcc.o [4]
HAL_RCC_GetSysClockFreq
                         0x800'1e2d   0x80  Code  Wk  stm32f4xx_hal_rcc.o [4]
HAL_RCC_OscConfig        0x800'1575  0x3c4  Code  Wk  stm32f4xx_hal_rcc.o [4]
HAL_SPI_Init             0x800'0189   0xce  Code  Gb  stm32f4xx_hal_spi.o [4]
HAL_SPI_MspInit          0x800'099f   0x68  Code  Gb  spi.o [2]
HAL_SPI_Receive          0x800'0401  0x172  Code  Gb  stm32f4xx_hal_spi.o [4]
HAL_SPI_Transmit         0x800'0257  0x1aa  Code  Gb  stm32f4xx_hal_spi.o [4]
HAL_SPI_TransmitReceive
                         0x800'0573  0x21e  Code  Gb  stm32f4xx_hal_spi.o [4]
HAL_SYSTICK_Config       0x800'1b69    0x8  Code  Gb  stm32f4xx_hal_cortex.o [4]
HASH_RNG_IRQHandler      0x800'23fd         Code  Wk  startup_stm32f407xx.o [3]
HEAP$$Base              0x2000'04a8          --   Gb  - Linker created -
HEAP$$Limit             0x2000'06a8          --   Gb  - Linker created -
HardFault_Handler        0x800'225b    0x2  Code  Gb  stm32f4xx_it.o [2]
I2C1_ER_IRQHandler       0x800'2341         Code  Wk  startup_stm32f407xx.o [3]
I2C1_EV_IRQHandler       0x800'233d         Code  Wk  startup_stm32f407xx.o [3]
I2C2_ER_IRQHandler       0x800'2349         Code  Wk  startup_stm32f407xx.o [3]
I2C2_EV_IRQHandler       0x800'2345         Code  Wk  startup_stm32f407xx.o [3]
I2C3_ER_IRQHandler       0x800'23e5         Code  Wk  startup_stm32f407xx.o [3]
I2C3_EV_IRQHandler       0x800'23e1         Code  Wk  startup_stm32f407xx.o [3]
MX_GPIO_Init             0x800'0dd5   0x88  Code  Gb  gpio.o [2]
MX_SPI1_Init             0x800'0959   0x46  Code  Gb  spi.o [2]
MemManage_Handler        0x800'225d    0x2  Code  Gb  stm32f4xx_it.o [2]
ModBus_CRC               0x800'142d   0x4e  Code  Lc  w25qxx.o [5]
NMI_Handler              0x800'2259    0x2  Code  Gb  stm32f4xx_it.o [2]
NVIC_EncodePriority      0x800'1ad5   0x3c  Code  Lc  stm32f4xx_hal_cortex.o [4]
OTG_FS_IRQHandler        0x800'23cd         Code  Wk  startup_stm32f407xx.o [3]
OTG_FS_WKUP_IRQHandler   0x800'2369         Code  Wk  startup_stm32f407xx.o [3]
OTG_HS_EP1_IN_IRQHandler
                         0x800'23ed         Code  Wk  startup_stm32f407xx.o [3]
OTG_HS_EP1_OUT_IRQHandler
                         0x800'23e9         Code  Wk  startup_stm32f407xx.o [3]
OTG_HS_IRQHandler        0x800'23f5         Code  Wk  startup_stm32f407xx.o [3]
OTG_HS_WKUP_IRQHandler   0x800'23f1         Code  Wk  startup_stm32f407xx.o [3]
PVD_IRQHandler           0x800'22c5         Code  Wk  startup_stm32f407xx.o [3]
PendSV_Handler           0x800'2267    0x2  Code  Gb  stm32f4xx_it.o [2]
RCC_IRQHandler           0x800'22d5         Code  Wk  startup_stm32f407xx.o [3]
RTC_Alarm_IRQHandler     0x800'2365         Code  Wk  startup_stm32f407xx.o [3]
RTC_WKUP_IRQHandler      0x800'22cd         Code  Wk  startup_stm32f407xx.o [3]
Region$$Table$$Base      0x800'21b8          --   Gb  - Linker created -
Region$$Table$$Limit     0x800'21dc          --   Gb  - Linker created -
Reset_Handler            0x800'2295         Code  Wk  startup_stm32f407xx.o [3]
SDIO_IRQHandler          0x800'2385         Code  Wk  startup_stm32f407xx.o [3]
SPI1_IRQHandler          0x800'234d         Code  Wk  startup_stm32f407xx.o [3]
SPI2_IRQHandler          0x800'2351         Code  Wk  startup_stm32f407xx.o [3]
SPI3_IRQHandler          0x800'238d         Code  Wk  startup_stm32f407xx.o [3]
SPI_EndRxTransaction     0x800'0863   0x92  Code  Lc  stm32f4xx_hal_spi.o [4]
SPI_EndRxTxTransaction   0x800'08f5   0x5a  Code  Lc  stm32f4xx_hal_spi.o [4]
SPI_WaitFlagStateUntilTimeout
                         0x800'0791   0xd2  Code  Lc  stm32f4xx_hal_spi.o [4]
SVC_Handler              0x800'2263    0x2  Code  Gb  stm32f4xx_it.o [2]
SysTick_Config           0x800'1b11   0x2e  Code  Lc  stm32f4xx_hal_cortex.o [4]
SysTick_Handler          0x800'2269    0x8  Code  Gb  stm32f4xx_it.o [2]
SystemClock_Config       0x800'0abf   0xaa  Code  Gb  main.o [2]
SystemCoreClock         0x2000'0004    0x4  Data  Gb  system_stm32f4xx.o [1]
SystemInit               0x800'22a5    0xc  Code  Gb  system_stm32f4xx.o [1]
TAMP_STAMP_IRQHandler    0x800'22c9         Code  Wk  startup_stm32f407xx.o [3]
TIM1_BRK_TIM9_IRQHandler
                         0x800'2321         Code  Wk  startup_stm32f407xx.o [3]
TIM1_CC_IRQHandler       0x800'232d         Code  Wk  startup_stm32f407xx.o [3]
TIM1_TRG_COM_TIM11_IRQHandler
                         0x800'2329         Code  Wk  startup_stm32f407xx.o [3]
TIM1_UP_TIM10_IRQHandler
                         0x800'2325         Code  Wk  startup_stm32f407xx.o [3]
TIM2_IRQHandler          0x800'2331         Code  Wk  startup_stm32f407xx.o [3]
TIM3_IRQHandler          0x800'2335         Code  Wk  startup_stm32f407xx.o [3]
TIM4_IRQHandler          0x800'2339         Code  Wk  startup_stm32f407xx.o [3]
TIM5_IRQHandler          0x800'2389         Code  Wk  startup_stm32f407xx.o [3]
TIM6_DAC_IRQHandler      0x800'2399         Code  Wk  startup_stm32f407xx.o [3]
TIM7_IRQHandler          0x800'239d         Code  Wk  startup_stm32f407xx.o [3]
TIM8_BRK_TIM12_IRQHandler
                         0x800'236d         Code  Wk  startup_stm32f407xx.o [3]
TIM8_CC_IRQHandler       0x800'2379         Code  Wk  startup_stm32f407xx.o [3]
TIM8_TRG_COM_TIM14_IRQHandler
                         0x800'2375         Code  Wk  startup_stm32f407xx.o [3]
TIM8_UP_TIM13_IRQHandler
                         0x800'2371         Code  Wk  startup_stm32f407xx.o [3]
UART4_IRQHandler         0x800'2391         Code  Wk  startup_stm32f407xx.o [3]
UART5_IRQHandler         0x800'2395         Code  Wk  startup_stm32f407xx.o [3]
USART1_IRQHandler        0x800'2355         Code  Wk  startup_stm32f407xx.o [3]
USART2_IRQHandler        0x800'2359         Code  Wk  startup_stm32f407xx.o [3]
USART3_IRQHandler        0x800'235d         Code  Wk  startup_stm32f407xx.o [3]
USART6_IRQHandler        0x800'23dd         Code  Wk  startup_stm32f407xx.o [3]
UsageFault_Handler       0x800'2261    0x2  Code  Gb  stm32f4xx_it.o [2]
WWDG_IRQHandler          0x800'22c1         Code  Wk  startup_stm32f407xx.o [3]
__NVIC_GetPriorityGrouping
                         0x800'1aa7    0xa  Code  Lc  stm32f4xx_hal_cortex.o [4]
__NVIC_SetPriority       0x800'1ab1   0x24  Code  Lc  stm32f4xx_hal_cortex.o [4]
__NVIC_SetPriorityGrouping
                         0x800'1a8d   0x1a  Code  Lc  stm32f4xx_hal_cortex.o [4]
__aeabi_ldiv0            0x800'2131         Code  Gb  I64DivZer.o [8]
__aeabi_memcpy           0x800'1d81         Code  Gb  ABImemcpy.o [8]
__aeabi_memcpy4          0x800'1da1         Code  Gb  ABImemcpy.o [8]
__aeabi_memcpy8          0x800'1da1         Code  Gb  ABImemcpy.o [8]
__aeabi_memset           0x800'150d         Code  Gb  ABImemset.o [8]
__aeabi_uldivmod         0x800'1f01         Code  Gb  I64DivMod.o [8]
__basic_free             0x800'1cf1   0x16  Code  Gb  heap0.o [6]
__basic_free_intern      0x800'1d07   0x74  Code  Lc  heap0.o [6]
__basic_malloc           0x800'1c45   0x18  Code  Gb  heap0.o [6]
__basic_malloc_intern    0x800'1c5d   0x94  Code  Lc  heap0.o [6]
__cmain                  0x800'21dd         Code  Gb  cmain.o [8]
__data_GetMemChunk       0x800'1ed5   0x2c  Code  Gb  xgetmemchunk.o [6]
__data_GetMemChunk::start
                        0x2000'00a0    0x4  Data  Lc  xgetmemchunk.o [6]
__exit                   0x800'2211   0x14  Code  Gb  exit.o [9]
__iar_Memset             0x800'150d         Code  Gb  ABImemset.o [8]
__iar_Memset_word        0x800'1515         Code  Gb  ABImemset.o [8]
__iar_copy_init3         0x800'147b   0x2a  Code  Gb  copy_init3.o [8]
__iar_data_init3         0x800'216d   0x28  Code  Gb  data_init.o [8]
__iar_init_vfp           0x800'2195         Code  Gb  fpinit_M.o [7]
__iar_program_start      0x800'2225         Code  Gb  cstartup_M.o [8]
__iar_zero_init3         0x800'2133   0x38  Code  Gb  zero_init3.o [8]
__low_level_init         0x800'21fb    0x4  Code  Gb  low_level_init.o [6]
__vector_table           0x800'0000         Data  Gb  startup_stm32f407xx.o [3]
_call_main               0x800'21e9         Code  Gb  cmain.o [8]
_exit                    0x800'2205         Code  Gb  cexit.o [8]
bufferRead              0x2000'0080   0x14  Data  Gb  main.o [2]
bufferWrite              0x800'2270   0x14  Data  Gb  main.o [2]
exit                     0x800'21ff    0x4  Code  Gb  exit.o [6]
free                     0x800'1e27    0x4  Code  Gb  heaptramp0.o [6]
hspi1                   0x2000'000c   0x58  Data  Gb  spi.o [2]
main                     0x800'0a29   0x96  Code  Gb  main.o [2]
memcmp                   0x800'14a5         Code  Gb  memcmp.o [8]
memset                   0x800'0b89   0x14  Code  Gb  memset.o [8]
uwTick                  0x2000'009c    0x4  Data  Gb  stm32f4xx_hal.o [4]
uwTickFreq              0x2000'0008    0x1  Data  Gb  stm32f4xx_hal.o [4]
uwTickPrio              0x2000'0000    0x4  Data  Gb  stm32f4xx_hal.o [4]
w25qxx_Busy              0x800'127f   0x18  Code  Gb  w25qxx.o [5]
w25qxx_Delay             0x800'1c3d    0x8  Code  Gb  w25qxx_Interface.o [5]
w25qxx_Handle           0x2000'0064   0x1c  Data  Gb  main.o [2]
w25qxx_Init              0x800'0e5d  0x12a  Code  Gb  w25qxx.o [5]
w25qxx_Read              0x800'110d  0x172  Code  Gb  w25qxx.o [5]
w25qxx_ReadID            0x800'1353   0x6e  Code  Lc  w25qxx.o [5]
w25qxx_ReadStatus        0x800'1297   0xbc  Code  Lc  w25qxx.o [5]
w25qxx_SPI_Receive       0x800'1c2b   0x12  Code  Gb  w25qxx_Interface.o [5]
w25qxx_SPI_Transmit      0x800'1c19   0x12  Code  Gb  w25qxx_Interface.o [5]
w25qxx_WaitWithTimeout   0x800'13c1   0x2c  Code  Lc  w25qxx.o [5]
w25qxx_Write             0x800'0f87  0x186  Code  Gb  w25qxx.o [5]
w25qxx_WriteEnable       0x800'13fd   0x30  Code  Lc  w25qxx.o [5]


[1] = E:\IAR projects\STM32F4xx\w25qxx\HAL\EWARM\w25qxx\Obj\CMSIS_6603591812247902717.dir
[2] = E:\IAR projects\STM32F4xx\w25qxx\HAL\EWARM\w25qxx\Obj\Core_13247989168731456611.dir
[3] = E:\IAR projects\STM32F4xx\w25qxx\HAL\EWARM\w25qxx\Obj\EWARM_18443280873093131863.dir
[4] = E:\IAR projects\STM32F4xx\w25qxx\HAL\EWARM\w25qxx\Obj\STM32F4xx_HAL_Driver_1244631019742807970.dir
[5] = E:\IAR projects\STM32F4xx\w25qxx\HAL\EWARM\w25qxx\Obj\w25qxx_12202358171051320134.dir
[6] = dl7M_tlf.a
[7] = m7M_tls.a
[8] = rt7M_tl.a
[9] = shb_l.a

  9'134 bytes of readonly  code memory
     86 bytes of readonly  data memory
  1'697 bytes of readwrite data memory

Errors: none
Warnings: none
