###############################################################################
#
# IAR ELF Linker V9.40.1.364/W64 for ARM                  24/Nov/2023  16:05:30
# Copyright 2007-2023 IAR Systems AB.
#
#    Output file  =
#        E:\IAR projects\STM32F4xx\w25qxx\HAL\EWARM\w25qxx\Exe\w25qxx.out
#    Map file     =
#        E:\IAR projects\STM32F4xx\w25qxx\HAL\EWARM\w25qxx\List\w25qxx.map
#    Command line =
#        -f "E:\IAR
#        projects\STM32F4xx\w25qxx\HAL\EWARM\w25qxx\Exe\w25qxx.out.rsp"
#        ("E:\IAR
#        projects\STM32F4xx\w25qxx\HAL\EWARM\w25qxx\Obj\Core_13247989168731456611.dir\gpio.o"
#        "E:\IAR
#        projects\STM32F4xx\w25qxx\HAL\EWARM\w25qxx\Obj\Core_13247989168731456611.dir\main.o"
#        "E:\IAR
#        projects\STM32F4xx\w25qxx\HAL\EWARM\w25qxx\Obj\Core_13247989168731456611.dir\spi.o"
#        "E:\IAR
#        projects\STM32F4xx\w25qxx\HAL\EWARM\w25qxx\Obj\EWARM_18443280873093131863.dir\startup_stm32f407xx.o"
#        "E:\IAR
#        projects\STM32F4xx\w25qxx\HAL\EWARM\w25qxx\Obj\STM32F4xx_HAL_Driver_1244631019742807970.dir\stm32f4xx_hal.o"
#        "E:\IAR
#        projects\STM32F4xx\w25qxx\HAL\EWARM\w25qxx\Obj\STM32F4xx_HAL_Driver_1244631019742807970.dir\stm32f4xx_hal_cortex.o"
#        "E:\IAR
#        projects\STM32F4xx\w25qxx\HAL\EWARM\w25qxx\Obj\STM32F4xx_HAL_Driver_1244631019742807970.dir\stm32f4xx_hal_dma.o"
#        "E:\IAR
#        projects\STM32F4xx\w25qxx\HAL\EWARM\w25qxx\Obj\STM32F4xx_HAL_Driver_1244631019742807970.dir\stm32f4xx_hal_dma_ex.o"
#        "E:\IAR
#        projects\STM32F4xx\w25qxx\HAL\EWARM\w25qxx\Obj\STM32F4xx_HAL_Driver_1244631019742807970.dir\stm32f4xx_hal_exti.o"
#        "E:\IAR
#        projects\STM32F4xx\w25qxx\HAL\EWARM\w25qxx\Obj\STM32F4xx_HAL_Driver_1244631019742807970.dir\stm32f4xx_hal_flash.o"
#        "E:\IAR
#        projects\STM32F4xx\w25qxx\HAL\EWARM\w25qxx\Obj\STM32F4xx_HAL_Driver_1244631019742807970.dir\stm32f4xx_hal_flash_ex.o"
#        "E:\IAR
#        projects\STM32F4xx\w25qxx\HAL\EWARM\w25qxx\Obj\STM32F4xx_HAL_Driver_1244631019742807970.dir\stm32f4xx_hal_flash_ramfunc.o"
#        "E:\IAR
#        projects\STM32F4xx\w25qxx\HAL\EWARM\w25qxx\Obj\STM32F4xx_HAL_Driver_1244631019742807970.dir\stm32f4xx_hal_gpio.o"
#        "E:\IAR
#        projects\STM32F4xx\w25qxx\HAL\EWARM\w25qxx\Obj\Core_13247989168731456611.dir\stm32f4xx_hal_msp.o"
#        "E:\IAR
#        projects\STM32F4xx\w25qxx\HAL\EWARM\w25qxx\Obj\STM32F4xx_HAL_Driver_1244631019742807970.dir\stm32f4xx_hal_pwr.o"
#        "E:\IAR
#        projects\STM32F4xx\w25qxx\HAL\EWARM\w25qxx\Obj\STM32F4xx_HAL_Driver_1244631019742807970.dir\stm32f4xx_hal_pwr_ex.o"
#        "E:\IAR
#        projects\STM32F4xx\w25qxx\HAL\EWARM\w25qxx\Obj\STM32F4xx_HAL_Driver_1244631019742807970.dir\stm32f4xx_hal_rcc.o"
#        "E:\IAR
#        projects\STM32F4xx\w25qxx\HAL\EWARM\w25qxx\Obj\STM32F4xx_HAL_Driver_1244631019742807970.dir\stm32f4xx_hal_rcc_ex.o"
#        "E:\IAR
#        projects\STM32F4xx\w25qxx\HAL\EWARM\w25qxx\Obj\STM32F4xx_HAL_Driver_1244631019742807970.dir\stm32f4xx_hal_spi.o"
#        "E:\IAR
#        projects\STM32F4xx\w25qxx\HAL\EWARM\w25qxx\Obj\STM32F4xx_HAL_Driver_1244631019742807970.dir\stm32f4xx_hal_tim.o"
#        "E:\IAR
#        projects\STM32F4xx\w25qxx\HAL\EWARM\w25qxx\Obj\STM32F4xx_HAL_Driver_1244631019742807970.dir\stm32f4xx_hal_tim_ex.o"
#        "E:\IAR
#        projects\STM32F4xx\w25qxx\HAL\EWARM\w25qxx\Obj\Core_13247989168731456611.dir\stm32f4xx_it.o"
#        "E:\IAR
#        projects\STM32F4xx\w25qxx\HAL\EWARM\w25qxx\Obj\CMSIS_6603591812247902717.dir\system_stm32f4xx.o"
#        "E:\IAR
#        projects\STM32F4xx\w25qxx\HAL\EWARM\w25qxx\Obj\w25qxx_12202358171051320134.dir\w25qxx.o"
#        "E:\IAR
#        projects\STM32F4xx\w25qxx\HAL\EWARM\w25qxx\Obj\w25qxx_12202358171051320134.dir\w25qxx_Interface.o"
#        --no_out_extension -o "E:\IAR
#        projects\STM32F4xx\w25qxx\HAL\EWARM\w25qxx\Exe\w25qxx.out" --redirect
#        _Printf=_PrintfFullNoMb --redirect _Scanf=_ScanfFullNoMb --map "E:\IAR
#        projects\STM32F4xx\w25qxx\HAL\EWARM\w25qxx\List\w25qxx.map" --config
#        "E:\IAR projects\STM32F4xx\w25qxx\HAL\EWARM\stm32f407xx_flash.icf"
#        --semihosting --entry __iar_program_start --vfe --text_out locale
#        --cpu=Cortex-M4 --fpu=VFPv4_sp) --dependencies=n "E:\IAR
#        projects\STM32F4xx\w25qxx\HAL\EWARM\w25qxx\Exe\w25qxx.out.iar_deps"
#
###############################################################################

*******************************************************************************
*** RUNTIME MODEL ATTRIBUTES
***

CppFlavor       = *
__CPP_Runtime   = 1
__Heap_Handler  = Basic
__SystemLibrary = DLib
__dlib_version  = 6


*******************************************************************************
*** HEAP SELECTION
***

The basic heap was selected because --advanced_heap
was not specified and the application did not appear to
be primarily optimized for speed.


*******************************************************************************
*** PLACEMENT SUMMARY
***

"A0":  place at address 0x800'0000 { ro section .intvec };
"P1":  place in [from 0x800'0000 to 0x80f'ffff] { ro };
define block CSTACK with size = 1K, alignment = 8 { };
define block HEAP with size = 512, alignment = 8 { };
"P2":  place in [from 0x2000'0000 to 0x2001'ffff] {
          rw, block CSTACK, block HEAP };
initialize by copy { rw };

  Section            Kind         Address    Size  Object
  -------            ----         -------    ----  ------
"A0":                                       0x188
  .intvec            ro code   0x800'0000   0x188  startup_stm32f407xx.o [3]
                             - 0x800'0188   0x188

"P1":                                      0x25e4
  .text              ro code   0x800'0188   0x850  w25qxx.o [5]
  .text              ro code   0x800'09d8    0x50  w25qxx_Interface.o [5]
  .text              ro code   0x800'0a28   0x13c  heap0.o [6]
  .text              ro code   0x800'0b64    0x68  memcmp.o [8]
  .text              ro code   0x800'0bcc     0x4  heaptramp0.o [6]
  .text              ro code   0x800'0bd0    0xa6  ABImemcpy.o [8]
  .text              ro code   0x800'0c76    0x2a  copy_init3.o [8]
  .text              ro code   0x800'0ca0   0x818  stm32f4xx_hal_spi.o [4]
  .text              ro code   0x800'14b8   0x16c  main.o [2]
  .text              ro code   0x800'1624    0x28  stm32f4xx_hal.o [4]
  .text              ro code   0x800'164c    0x2c  xgetmemchunk.o [6]
  .text              ro code   0x800'1678    0xc4  spi.o [2]
  .text              ro code   0x800'173c     0xc  stm32f4xx_hal.o [4]
  .text              ro code   0x800'1748    0x34  stm32f4xx_hal.o [4]
  .text              ro code   0x800'177c    0x88  gpio.o [2]
  .text              ro code   0x800'1804    0x66  ABImemset.o [8]
  .text              ro code   0x800'186c   0x3ec  stm32f4xx_hal_rcc.o [4]
  .text              ro code   0x800'1c58   0x158  stm32f4xx_hal_rcc.o [4]
  .text              ro code   0x800'1db0    0x14  memset.o [8]
  .text              ro code   0x800'1dc4   0x258  stm32f4xx_hal_gpio.o [4]
  .text              ro code   0x800'201c   0x128  stm32f4xx_hal_cortex.o [4]
  .text              ro code   0x800'2144    0x4c  stm32f4xx_hal.o [4]
  .text              ro code   0x800'2190    0x40  stm32f4xx_hal_msp.o [2]
  .text              ro code   0x800'21d0    0x9c  stm32f4xx_hal_rcc.o [4]
  .text              ro code   0x800'226c   0x230  I64DivMod.o [8]
  .text              ro code   0x800'249c     0x2  I64DivZer.o [8]
  .text              ro code   0x800'249e    0x38  zero_init3.o [8]
  .text              ro code   0x800'24d8    0x28  data_init.o [8]
  .text              ro code   0x800'2500    0x22  fpinit_M.o [7]
  .iar.init_table    const     0x800'2524    0x24  - Linker created -
  .text              ro code   0x800'2548    0x1e  cmain.o [8]
  .text              ro code   0x800'2566     0x4  low_level_init.o [6]
  .text              ro code   0x800'256a     0x4  exit.o [6]
  .text              ro code   0x800'2570     0xa  cexit.o [8]
  .text              ro code   0x800'257c    0x14  exit.o [9]
  .text              ro code   0x800'2590    0x1c  cstartup_M.o [8]
  .text              ro code   0x800'25ac    0x18  stm32f4xx_hal.o [4]
  .text              ro code   0x800'25c4    0x18  stm32f4xx_it.o [2]
  .rodata            const     0x800'25dc    0x10  main.o [2]
  .rodata            const     0x800'25ec    0x10  system_stm32f4xx.o [1]
  .text              ro code   0x800'25fc    0x10  startup_stm32f407xx.o [3]
  .text              ro code   0x800'260c    0x10  system_stm32f4xx.o [1]
  Initializer bytes  const     0x800'261c     0xc  <for P2-1>
  .text              ro code   0x800'2628     0x4  startup_stm32f407xx.o [3]
  .text              ro code   0x800'262c     0x4  startup_stm32f407xx.o [3]
  .text              ro code   0x800'2630     0x4  startup_stm32f407xx.o [3]
  .text              ro code   0x800'2634     0x4  startup_stm32f407xx.o [3]
  .text              ro code   0x800'2638     0x4  startup_stm32f407xx.o [3]
  .text              ro code   0x800'263c     0x4  startup_stm32f407xx.o [3]
  .text              ro code   0x800'2640     0x4  startup_stm32f407xx.o [3]
  .text              ro code   0x800'2644     0x4  startup_stm32f407xx.o [3]
  .text              ro code   0x800'2648     0x4  startup_stm32f407xx.o [3]
  .text              ro code   0x800'264c     0x4  startup_stm32f407xx.o [3]
  .text              ro code   0x800'2650     0x4  startup_stm32f407xx.o [3]
  .text              ro code   0x800'2654     0x4  startup_stm32f407xx.o [3]
  .text              ro code   0x800'2658     0x4  startup_stm32f407xx.o [3]
  .text              ro code   0x800'265c     0x4  startup_stm32f407xx.o [3]
  .text              ro code   0x800'2660     0x4  startup_stm32f407xx.o [3]
  .text              ro code   0x800'2664     0x4  startup_stm32f407xx.o [3]
  .text              ro code   0x800'2668     0x4  startup_stm32f407xx.o [3]
  .text              ro code   0x800'266c     0x4  startup_stm32f407xx.o [3]
  .text              ro code   0x800'2670     0x4  startup_stm32f407xx.o [3]
  .text              ro code   0x800'2674     0x4  startup_stm32f407xx.o [3]
  .text              ro code   0x800'2678     0x4  startup_stm32f407xx.o [3]
  .text              ro code   0x800'267c     0x4  startup_stm32f407xx.o [3]
  .text              ro code   0x800'2680     0x4  startup_stm32f407xx.o [3]
  .text              ro code   0x800'2684     0x4  startup_stm32f407xx.o [3]
  .text              ro code   0x800'2688     0x4  startup_stm32f407xx.o [3]
  .text              ro code   0x800'268c     0x4  startup_stm32f407xx.o [3]
  .text              ro code   0x800'2690     0x4  startup_stm32f407xx.o [3]
  .text              ro code   0x800'2694     0x4  startup_stm32f407xx.o [3]
  .text              ro code   0x800'2698     0x4  startup_stm32f407xx.o [3]
  .text              ro code   0x800'269c     0x4  startup_stm32f407xx.o [3]
  .text              ro code   0x800'26a0     0x4  startup_stm32f407xx.o [3]
  .text              ro code   0x800'26a4     0x4  startup_stm32f407xx.o [3]
  .text              ro code   0x800'26a8     0x4  startup_stm32f407xx.o [3]
  .text              ro code   0x800'26ac     0x4  startup_stm32f407xx.o [3]
  .text              ro code   0x800'26b0     0x4  startup_stm32f407xx.o [3]
  .text              ro code   0x800'26b4     0x4  startup_stm32f407xx.o [3]
  .text              ro code   0x800'26b8     0x4  startup_stm32f407xx.o [3]
  .text              ro code   0x800'26bc     0x4  startup_stm32f407xx.o [3]
  .text              ro code   0x800'26c0     0x4  startup_stm32f407xx.o [3]
  .text              ro code   0x800'26c4     0x4  startup_stm32f407xx.o [3]
  .text              ro code   0x800'26c8     0x4  startup_stm32f407xx.o [3]
  .text              ro code   0x800'26cc     0x4  startup_stm32f407xx.o [3]
  .text              ro code   0x800'26d0     0x4  startup_stm32f407xx.o [3]
  .text              ro code   0x800'26d4     0x4  startup_stm32f407xx.o [3]
  .text              ro code   0x800'26d8     0x4  startup_stm32f407xx.o [3]
  .text              ro code   0x800'26dc     0x4  startup_stm32f407xx.o [3]
  .text              ro code   0x800'26e0     0x4  startup_stm32f407xx.o [3]
  .text              ro code   0x800'26e4     0x4  startup_stm32f407xx.o [3]
  .text              ro code   0x800'26e8     0x4  startup_stm32f407xx.o [3]
  .text              ro code   0x800'26ec     0x4  startup_stm32f407xx.o [3]
  .text              ro code   0x800'26f0     0x4  startup_stm32f407xx.o [3]
  .text              ro code   0x800'26f4     0x4  startup_stm32f407xx.o [3]
  .text              ro code   0x800'26f8     0x4  startup_stm32f407xx.o [3]
  .text              ro code   0x800'26fc     0x4  startup_stm32f407xx.o [3]
  .text              ro code   0x800'2700     0x4  startup_stm32f407xx.o [3]
  .text              ro code   0x800'2704     0x4  startup_stm32f407xx.o [3]
  .text              ro code   0x800'2708     0x4  startup_stm32f407xx.o [3]
  .text              ro code   0x800'270c     0x4  startup_stm32f407xx.o [3]
  .text              ro code   0x800'2710     0x4  startup_stm32f407xx.o [3]
  .text              ro code   0x800'2714     0x4  startup_stm32f407xx.o [3]
  .text              ro code   0x800'2718     0x4  startup_stm32f407xx.o [3]
  .text              ro code   0x800'271c     0x4  startup_stm32f407xx.o [3]
  .text              ro code   0x800'2720     0x4  startup_stm32f407xx.o [3]
  .text              ro code   0x800'2724     0x4  startup_stm32f407xx.o [3]
  .text              ro code   0x800'2728     0x4  startup_stm32f407xx.o [3]
  .text              ro code   0x800'272c     0x4  startup_stm32f407xx.o [3]
  .text              ro code   0x800'2730     0x4  startup_stm32f407xx.o [3]
  .text              ro code   0x800'2734     0x4  startup_stm32f407xx.o [3]
  .text              ro code   0x800'2738     0x4  startup_stm32f407xx.o [3]
  .text              ro code   0x800'273c     0x4  startup_stm32f407xx.o [3]
  .text              ro code   0x800'2740     0x4  startup_stm32f407xx.o [3]
  .text              ro code   0x800'2744     0x4  startup_stm32f407xx.o [3]
  .text              ro code   0x800'2748     0x4  startup_stm32f407xx.o [3]
  .text              ro code   0x800'274c     0x4  startup_stm32f407xx.o [3]
  .text              ro code   0x800'2750     0x4  startup_stm32f407xx.o [3]
  .text              ro code   0x800'2754     0x4  startup_stm32f407xx.o [3]
  .text              ro code   0x800'2758     0x4  startup_stm32f407xx.o [3]
  .text              ro code   0x800'275c     0x4  startup_stm32f407xx.o [3]
  .text              ro code   0x800'2760     0x4  startup_stm32f407xx.o [3]
  .text              ro code   0x800'2764     0x4  startup_stm32f407xx.o [3]
  .text              ro code   0x800'2768     0x4  startup_stm32f407xx.o [3]
  .rodata            const     0x800'276c     0x0  zero_init3.o [8]
  .rodata            const     0x800'276c     0x0  copy_init3.o [8]
                             - 0x800'276c  0x25e4

"P2", part 1 of 3:                            0xc
  P2-1                        0x2000'0000     0x9  <Init block>
    .data            inited   0x2000'0000     0x4  stm32f4xx_hal.o [4]
    .data            inited   0x2000'0004     0x4  system_stm32f4xx.o [1]
    .data            inited   0x2000'0008     0x1  stm32f4xx_hal.o [4]
                            - 0x2000'0009     0x9

"P2", part 2 of 3:                           0x94
  .bss               zero     0x2000'000c    0x58  spi.o [2]
  .bss               zero     0x2000'0064    0x1c  main.o [2]
  .bss               zero     0x2000'0080    0x10  main.o [2]
  .bss               zero     0x2000'0090     0x8  heap0.o [6]
  .bss               zero     0x2000'0098     0x4  stm32f4xx_hal.o [4]
  .bss               zero     0x2000'009c     0x4  xgetmemchunk.o [6]
                            - 0x2000'00a0    0x94

"P2", part 3 of 3:                          0x600
  CSTACK                      0x2000'00a0   0x400  <Block>
    CSTACK           uninit   0x2000'00a0   0x400  <Block tail>
  HEAP                        0x2000'04a0   0x200  <Block>
    HEAP             uninit   0x2000'04a0   0x200  <Block tail>
                            - 0x2000'06a0   0x600

Unused ranges:

         From           To      Size
         ----           --      ----
   0x800'276c   0x80f'ffff  0xf'd894
  0x2000'06a0  0x2001'ffff  0x1'f960


*******************************************************************************
*** INIT TABLE
***

          Address      Size
          -------      ----
Zero (__iar_zero_init3)
    1 destination range, total size 0x94:
          0x2000'000c  0x94

Copy (__iar_copy_init3)
    1 source range, total size 0xc (133% of destination):
           0x800'261c   0xc
    1 destination range, total size 0x9:
          0x2000'0000   0x9



*******************************************************************************
*** MODULE SUMMARY
***

    Module                  ro code  ro data  rw data
    ------                  -------  -------  -------
command line/config:
    -------------------------------------------------
    Total:

E:\IAR projects\STM32F4xx\w25qxx\HAL\EWARM\w25qxx\Obj\CMSIS_6603591812247902717.dir: [1]
    system_stm32f4xx.o           16       20        4
    -------------------------------------------------
    Total:                       16       20        4

E:\IAR projects\STM32F4xx\w25qxx\HAL\EWARM\w25qxx\Obj\Core_13247989168731456611.dir: [2]
    gpio.o                      136
    main.o                      364       16       44
    spi.o                       196                88
    stm32f4xx_hal_msp.o          64
    stm32f4xx_it.o               24
    -------------------------------------------------
    Total:                      784       16      132

E:\IAR projects\STM32F4xx\w25qxx\HAL\EWARM\w25qxx\Obj\EWARM_18443280873093131863.dir: [3]
    startup_stm32f407xx.o       732
    -------------------------------------------------
    Total:                      732

E:\IAR projects\STM32F4xx\w25qxx\HAL\EWARM\w25qxx\Obj\STM32F4xx_HAL_Driver_1244631019742807970.dir: [4]
    stm32f4xx_hal.o             204        5        9
    stm32f4xx_hal_cortex.o      296
    stm32f4xx_hal_gpio.o        600
    stm32f4xx_hal_rcc.o       1'504
    stm32f4xx_hal_spi.o       2'072
    -------------------------------------------------
    Total:                    4'676        5        9

E:\IAR projects\STM32F4xx\w25qxx\HAL\EWARM\w25qxx\Obj\w25qxx_12202358171051320134.dir: [5]
    w25qxx.o                  2'128
    w25qxx_Interface.o           80
    -------------------------------------------------
    Total:                    2'208

dl7M_tlf.a: [6]
    exit.o                        4
    heap0.o                     316                 8
    heaptramp0.o                  4
    low_level_init.o              4
    xgetmemchunk.o               44                 4
    -------------------------------------------------
    Total:                      372                12

m7M_tls.a: [7]
    fpinit_M.o                   34
    -------------------------------------------------
    Total:                       34

rt7M_tl.a: [8]
    ABImemcpy.o                 166
    ABImemset.o                 102
    I64DivMod.o                 560
    I64DivZer.o                   2
    cexit.o                      10
    cmain.o                      30
    copy_init3.o                 42
    cstartup_M.o                 28
    data_init.o                  40
    memcmp.o                    104
    memset.o                     20
    zero_init3.o                 56
    -------------------------------------------------
    Total:                    1'160

shb_l.a: [9]
    exit.o                       20
    -------------------------------------------------
    Total:                       20

    Gaps                          8        2
    Linker created                        39    1'536
-----------------------------------------------------
    Grand Total:             10'010       82    1'693


*******************************************************************************
*** ENTRY LIST
***

Entry                       Address   Size  Type      Object
-----                       -------   ----  ----      ------
.iar.init_table$$Base    0x800'2524          --   Gb  - Linker created -
.iar.init_table$$Limit   0x800'2548          --   Gb  - Linker created -
?main                    0x800'2549         Code  Gb  cmain.o [8]
ADC_IRQHandler           0x800'2671         Code  Wk  startup_stm32f407xx.o [3]
AHBPrescTable            0x800'25ec   0x10  Data  Gb  system_stm32f4xx.o [1]
Aldata                  0x2000'0090    0x8  Data  Lc  heap0.o [6]
BusFault_Handler         0x800'25cb    0x2  Code  Gb  stm32f4xx_it.o [2]
CAN1_RX0_IRQHandler      0x800'2679         Code  Wk  startup_stm32f407xx.o [3]
CAN1_RX1_IRQHandler      0x800'267d         Code  Wk  startup_stm32f407xx.o [3]
CAN1_SCE_IRQHandler      0x800'2681         Code  Wk  startup_stm32f407xx.o [3]
CAN1_TX_IRQHandler       0x800'2675         Code  Wk  startup_stm32f407xx.o [3]
CAN2_RX0_IRQHandler      0x800'2729         Code  Wk  startup_stm32f407xx.o [3]
CAN2_RX1_IRQHandler      0x800'272d         Code  Wk  startup_stm32f407xx.o [3]
CAN2_SCE_IRQHandler      0x800'2731         Code  Wk  startup_stm32f407xx.o [3]
CAN2_TX_IRQHandler       0x800'2725         Code  Wk  startup_stm32f407xx.o [3]
CSTACK$$Base            0x2000'00a0          --   Gb  - Linker created -
CSTACK$$Limit           0x2000'04a0          --   Gb  - Linker created -
DCMI_IRQHandler          0x800'2761         Code  Wk  startup_stm32f407xx.o [3]
DMA1_Stream0_IRQHandler
                         0x800'2655         Code  Wk  startup_stm32f407xx.o [3]
DMA1_Stream1_IRQHandler
                         0x800'2659         Code  Wk  startup_stm32f407xx.o [3]
DMA1_Stream2_IRQHandler
                         0x800'265d         Code  Wk  startup_stm32f407xx.o [3]
DMA1_Stream3_IRQHandler
                         0x800'2661         Code  Wk  startup_stm32f407xx.o [3]
DMA1_Stream4_IRQHandler
                         0x800'2665         Code  Wk  startup_stm32f407xx.o [3]
DMA1_Stream5_IRQHandler
                         0x800'2669         Code  Wk  startup_stm32f407xx.o [3]
DMA1_Stream6_IRQHandler
                         0x800'266d         Code  Wk  startup_stm32f407xx.o [3]
DMA1_Stream7_IRQHandler
                         0x800'26e5         Code  Wk  startup_stm32f407xx.o [3]
DMA2_Stream0_IRQHandler
                         0x800'2709         Code  Wk  startup_stm32f407xx.o [3]
DMA2_Stream1_IRQHandler
                         0x800'270d         Code  Wk  startup_stm32f407xx.o [3]
DMA2_Stream2_IRQHandler
                         0x800'2711         Code  Wk  startup_stm32f407xx.o [3]
DMA2_Stream3_IRQHandler
                         0x800'2715         Code  Wk  startup_stm32f407xx.o [3]
DMA2_Stream4_IRQHandler
                         0x800'2719         Code  Wk  startup_stm32f407xx.o [3]
DMA2_Stream5_IRQHandler
                         0x800'2739         Code  Wk  startup_stm32f407xx.o [3]
DMA2_Stream6_IRQHandler
                         0x800'273d         Code  Wk  startup_stm32f407xx.o [3]
DMA2_Stream7_IRQHandler
                         0x800'2741         Code  Wk  startup_stm32f407xx.o [3]
DebugMon_Handler         0x800'25d1    0x2  Code  Gb  stm32f4xx_it.o [2]
ETH_IRQHandler           0x800'271d         Code  Wk  startup_stm32f407xx.o [3]
ETH_WKUP_IRQHandler      0x800'2721         Code  Wk  startup_stm32f407xx.o [3]
EXTI0_IRQHandler         0x800'2641         Code  Wk  startup_stm32f407xx.o [3]
EXTI15_10_IRQHandler     0x800'26c9         Code  Wk  startup_stm32f407xx.o [3]
EXTI1_IRQHandler         0x800'2645         Code  Wk  startup_stm32f407xx.o [3]
EXTI2_IRQHandler         0x800'2649         Code  Wk  startup_stm32f407xx.o [3]
EXTI3_IRQHandler         0x800'264d         Code  Wk  startup_stm32f407xx.o [3]
EXTI4_IRQHandler         0x800'2651         Code  Wk  startup_stm32f407xx.o [3]
EXTI9_5_IRQHandler       0x800'2685         Code  Wk  startup_stm32f407xx.o [3]
Error_Handler            0x800'1621    0x4  Code  Gb  main.o [2]
FLASH_IRQHandler         0x800'2639         Code  Wk  startup_stm32f407xx.o [3]
FPU_IRQHandler           0x800'2769         Code  Wk  startup_stm32f407xx.o [3]
FSMC_IRQHandler          0x800'26e9         Code  Wk  startup_stm32f407xx.o [3]
HAL_Delay                0x800'1625   0x28  Code  Wk  stm32f4xx_hal.o [4]
HAL_GPIO_Init            0x800'1dc5  0x204  Code  Gb  stm32f4xx_hal_gpio.o [4]
HAL_GPIO_WritePin        0x800'1fc9   0x1a  Code  Gb  stm32f4xx_hal_gpio.o [4]
HAL_GetTick              0x800'173d    0xc  Code  Wk  stm32f4xx_hal.o [4]
HAL_IncTick              0x800'25ad   0x18  Code  Wk  stm32f4xx_hal.o [4]
HAL_Init                 0x800'1749   0x30  Code  Gb  stm32f4xx_hal.o [4]
HAL_InitTick             0x800'2145   0x4c  Code  Wk  stm32f4xx_hal.o [4]
HAL_MspInit              0x800'2191   0x40  Code  Gb  stm32f4xx_hal_msp.o [2]
HAL_NVIC_SetPriority     0x800'20f3   0x2a  Code  Gb  stm32f4xx_hal_cortex.o [4]
HAL_NVIC_SetPriorityGrouping
                         0x800'20e7    0xc  Code  Gb  stm32f4xx_hal_cortex.o [4]
HAL_RCC_ClockConfig      0x800'1c59  0x140  Code  Gb  stm32f4xx_hal_rcc.o [4]
HAL_RCC_GetSysClockFreq
                         0x800'21d1   0x9c  Code  Wk  stm32f4xx_hal_rcc.o [4]
HAL_RCC_OscConfig        0x800'186d  0x3ec  Code  Wk  stm32f4xx_hal_rcc.o [4]
HAL_SPI_Init             0x800'0ca1   0xce  Code  Gb  stm32f4xx_hal_spi.o [4]
HAL_SPI_MspInit          0x800'16bf   0x68  Code  Gb  spi.o [2]
HAL_SPI_Receive          0x800'0f25  0x17c  Code  Gb  stm32f4xx_hal_spi.o [4]
HAL_SPI_Transmit         0x800'0d6f  0x1b6  Code  Gb  stm32f4xx_hal_spi.o [4]
HAL_SPI_TransmitReceive
                         0x800'10a1  0x23c  Code  Gb  stm32f4xx_hal_spi.o [4]
HAL_SYSTICK_Config       0x800'211d    0xc  Code  Gb  stm32f4xx_hal_cortex.o [4]
HASH_RNG_IRQHandler      0x800'2765         Code  Wk  startup_stm32f407xx.o [3]
HEAP$$Base              0x2000'04a0          --   Gb  - Linker created -
HEAP$$Limit             0x2000'06a0          --   Gb  - Linker created -
HardFault_Handler        0x800'25c7    0x2  Code  Gb  stm32f4xx_it.o [2]
I2C1_ER_IRQHandler       0x800'26a9         Code  Wk  startup_stm32f407xx.o [3]
I2C1_EV_IRQHandler       0x800'26a5         Code  Wk  startup_stm32f407xx.o [3]
I2C2_ER_IRQHandler       0x800'26b1         Code  Wk  startup_stm32f407xx.o [3]
I2C2_EV_IRQHandler       0x800'26ad         Code  Wk  startup_stm32f407xx.o [3]
I2C3_ER_IRQHandler       0x800'274d         Code  Wk  startup_stm32f407xx.o [3]
I2C3_EV_IRQHandler       0x800'2749         Code  Wk  startup_stm32f407xx.o [3]
MX_GPIO_Init             0x800'177d   0x88  Code  Gb  gpio.o [2]
MX_SPI1_Init             0x800'1679   0x46  Code  Gb  spi.o [2]
MemManage_Handler        0x800'25c9    0x2  Code  Gb  stm32f4xx_it.o [2]
ModBus_CRC               0x800'098b   0x4e  Code  Lc  w25qxx.o [5]
NMI_Handler              0x800'25c5    0x2  Code  Gb  stm32f4xx_it.o [2]
NVIC_EncodePriority      0x800'2077   0x40  Code  Lc  stm32f4xx_hal_cortex.o [4]
OTG_FS_IRQHandler        0x800'2735         Code  Wk  startup_stm32f407xx.o [3]
OTG_FS_WKUP_IRQHandler   0x800'26d1         Code  Wk  startup_stm32f407xx.o [3]
OTG_HS_EP1_IN_IRQHandler
                         0x800'2755         Code  Wk  startup_stm32f407xx.o [3]
OTG_HS_EP1_OUT_IRQHandler
                         0x800'2751         Code  Wk  startup_stm32f407xx.o [3]
OTG_HS_IRQHandler        0x800'275d         Code  Wk  startup_stm32f407xx.o [3]
OTG_HS_WKUP_IRQHandler   0x800'2759         Code  Wk  startup_stm32f407xx.o [3]
PVD_IRQHandler           0x800'262d         Code  Wk  startup_stm32f407xx.o [3]
PendSV_Handler           0x800'25d3    0x2  Code  Gb  stm32f4xx_it.o [2]
RCC_IRQHandler           0x800'263d         Code  Wk  startup_stm32f407xx.o [3]
RTC_Alarm_IRQHandler     0x800'26cd         Code  Wk  startup_stm32f407xx.o [3]
RTC_WKUP_IRQHandler      0x800'2635         Code  Wk  startup_stm32f407xx.o [3]
Region$$Table$$Base      0x800'2524          --   Gb  - Linker created -
Region$$Table$$Limit     0x800'2548          --   Gb  - Linker created -
Reset_Handler            0x800'25fd         Code  Wk  startup_stm32f407xx.o [3]
SDIO_IRQHandler          0x800'26ed         Code  Wk  startup_stm32f407xx.o [3]
SPI1_IRQHandler          0x800'26b5         Code  Wk  startup_stm32f407xx.o [3]
SPI2_IRQHandler          0x800'26b9         Code  Wk  startup_stm32f407xx.o [3]
SPI3_IRQHandler          0x800'26f5         Code  Wk  startup_stm32f407xx.o [3]
SPI_EndRxTransaction     0x800'13b7   0x9a  Code  Lc  stm32f4xx_hal_spi.o [4]
SPI_EndRxTxTransaction   0x800'1451   0x5e  Code  Lc  stm32f4xx_hal_spi.o [4]
SPI_WaitFlagStateUntilTimeout
                         0x800'12dd   0xda  Code  Lc  stm32f4xx_hal_spi.o [4]
SVC_Handler              0x800'25cf    0x2  Code  Gb  stm32f4xx_it.o [2]
SysTick_Config           0x800'20b7   0x30  Code  Lc  stm32f4xx_hal_cortex.o [4]
SysTick_Handler          0x800'25d5    0x8  Code  Gb  stm32f4xx_it.o [2]
SystemClock_Config       0x800'155b   0xaa  Code  Gb  main.o [2]
SystemCoreClock         0x2000'0004    0x4  Data  Gb  system_stm32f4xx.o [1]
SystemInit               0x800'260d    0xc  Code  Gb  system_stm32f4xx.o [1]
TAMP_STAMP_IRQHandler    0x800'2631         Code  Wk  startup_stm32f407xx.o [3]
TIM1_BRK_TIM9_IRQHandler
                         0x800'2689         Code  Wk  startup_stm32f407xx.o [3]
TIM1_CC_IRQHandler       0x800'2695         Code  Wk  startup_stm32f407xx.o [3]
TIM1_TRG_COM_TIM11_IRQHandler
                         0x800'2691         Code  Wk  startup_stm32f407xx.o [3]
TIM1_UP_TIM10_IRQHandler
                         0x800'268d         Code  Wk  startup_stm32f407xx.o [3]
TIM2_IRQHandler          0x800'2699         Code  Wk  startup_stm32f407xx.o [3]
TIM3_IRQHandler          0x800'269d         Code  Wk  startup_stm32f407xx.o [3]
TIM4_IRQHandler          0x800'26a1         Code  Wk  startup_stm32f407xx.o [3]
TIM5_IRQHandler          0x800'26f1         Code  Wk  startup_stm32f407xx.o [3]
TIM6_DAC_IRQHandler      0x800'2701         Code  Wk  startup_stm32f407xx.o [3]
TIM7_IRQHandler          0x800'2705         Code  Wk  startup_stm32f407xx.o [3]
TIM8_BRK_TIM12_IRQHandler
                         0x800'26d5         Code  Wk  startup_stm32f407xx.o [3]
TIM8_CC_IRQHandler       0x800'26e1         Code  Wk  startup_stm32f407xx.o [3]
TIM8_TRG_COM_TIM14_IRQHandler
                         0x800'26dd         Code  Wk  startup_stm32f407xx.o [3]
TIM8_UP_TIM13_IRQHandler
                         0x800'26d9         Code  Wk  startup_stm32f407xx.o [3]
UART4_IRQHandler         0x800'26f9         Code  Wk  startup_stm32f407xx.o [3]
UART5_IRQHandler         0x800'26fd         Code  Wk  startup_stm32f407xx.o [3]
USART1_IRQHandler        0x800'26bd         Code  Wk  startup_stm32f407xx.o [3]
USART2_IRQHandler        0x800'26c1         Code  Wk  startup_stm32f407xx.o [3]
USART3_IRQHandler        0x800'26c5         Code  Wk  startup_stm32f407xx.o [3]
USART6_IRQHandler        0x800'2745         Code  Wk  startup_stm32f407xx.o [3]
UsageFault_Handler       0x800'25cd    0x2  Code  Gb  stm32f4xx_it.o [2]
WWDG_IRQHandler          0x800'2629         Code  Wk  startup_stm32f407xx.o [3]
__NVIC_GetPriorityGrouping
                         0x800'203f    0xc  Code  Lc  stm32f4xx_hal_cortex.o [4]
__NVIC_SetPriority       0x800'204b   0x2c  Code  Lc  stm32f4xx_hal_cortex.o [4]
__NVIC_SetPriorityGrouping
                         0x800'201d   0x22  Code  Lc  stm32f4xx_hal_cortex.o [4]
__aeabi_ldiv0            0x800'249d         Code  Gb  I64DivZer.o [8]
__aeabi_memcpy           0x800'0bd1         Code  Gb  ABImemcpy.o [8]
__aeabi_memcpy4          0x800'0bf1         Code  Gb  ABImemcpy.o [8]
__aeabi_memcpy8          0x800'0bf1         Code  Gb  ABImemcpy.o [8]
__aeabi_memset           0x800'1805         Code  Gb  ABImemset.o [8]
__aeabi_uldivmod         0x800'226d         Code  Gb  I64DivMod.o [8]
__basic_free             0x800'0ad5   0x16  Code  Gb  heap0.o [6]
__basic_free_intern      0x800'0aeb   0x74  Code  Lc  heap0.o [6]
__basic_malloc           0x800'0a29   0x18  Code  Gb  heap0.o [6]
__basic_malloc_intern    0x800'0a41   0x94  Code  Lc  heap0.o [6]
__cmain                  0x800'2549         Code  Gb  cmain.o [8]
__data_GetMemChunk       0x800'164d   0x2c  Code  Gb  xgetmemchunk.o [6]
__data_GetMemChunk::start
                        0x2000'009c    0x4  Data  Lc  xgetmemchunk.o [6]
__exit                   0x800'257d   0x14  Code  Gb  exit.o [9]
__iar_Memset             0x800'1805         Code  Gb  ABImemset.o [8]
__iar_Memset_word        0x800'180d         Code  Gb  ABImemset.o [8]
__iar_copy_init3         0x800'0c77   0x2a  Code  Gb  copy_init3.o [8]
__iar_data_init3         0x800'24d9   0x28  Code  Gb  data_init.o [8]
__iar_init_vfp           0x800'2501         Code  Gb  fpinit_M.o [7]
__iar_program_start      0x800'2591         Code  Gb  cstartup_M.o [8]
__iar_zero_init3         0x800'249f   0x38  Code  Gb  zero_init3.o [8]
__low_level_init         0x800'2567    0x4  Code  Gb  low_level_init.o [6]
__vector_table           0x800'0000         Data  Gb  startup_stm32f407xx.o [3]
_call_main               0x800'2555         Code  Gb  cmain.o [8]
_exit                    0x800'2571         Code  Gb  cexit.o [8]
bufferRead              0x2000'0080   0x10  Data  Gb  main.o [2]
bufferWrite              0x800'25dc   0x10  Data  Gb  main.o [2]
exit                     0x800'256b    0x4  Code  Gb  exit.o [6]
free                     0x800'0bcd    0x4  Code  Gb  heaptramp0.o [6]
hspi1                   0x2000'000c   0x58  Data  Gb  spi.o [2]
main                     0x800'14b9   0xa2  Code  Gb  main.o [2]
memcmp                   0x800'0b65         Code  Gb  memcmp.o [8]
memset                   0x800'1db1   0x14  Code  Gb  memset.o [8]
uwTick                  0x2000'0098    0x4  Data  Gb  stm32f4xx_hal.o [4]
uwTickFreq              0x2000'0008    0x1  Data  Gb  stm32f4xx_hal.o [4]
uwTickPrio              0x2000'0000    0x4  Data  Gb  stm32f4xx_hal.o [4]
w25qxx_Delay             0x800'0a1d    0xc  Code  Gb  w25qxx_Interface.o [5]
w25qxx_Erase             0x800'05eb  0x29a  Code  Gb  w25qxx.o [5]
w25qxx_Handle           0x2000'0064   0x1c  Data  Gb  main.o [2]
w25qxx_Init              0x800'0189  0x16e  Code  Gb  w25qxx.o [5]
w25qxx_Read              0x800'0439  0x1b2  Code  Gb  w25qxx.o [5]
w25qxx_ReadID            0x800'0885   0x5a  Code  Lc  w25qxx.o [5]
w25qxx_SPI_Receive       0x800'09fb   0x22  Code  Gb  w25qxx_Interface.o [5]
w25qxx_SPI_Transmit      0x800'09d9   0x22  Code  Gb  w25qxx_Interface.o [5]
w25qxx_WaitWithTimeout   0x800'08df   0x66  Code  Lc  w25qxx.o [5]
w25qxx_Write             0x800'02f7  0x142  Code  Gb  w25qxx.o [5]
w25qxx_WriteEnable       0x800'0959   0x32  Code  Lc  w25qxx.o [5]


[1] = E:\IAR projects\STM32F4xx\w25qxx\HAL\EWARM\w25qxx\Obj\CMSIS_6603591812247902717.dir
[2] = E:\IAR projects\STM32F4xx\w25qxx\HAL\EWARM\w25qxx\Obj\Core_13247989168731456611.dir
[3] = E:\IAR projects\STM32F4xx\w25qxx\HAL\EWARM\w25qxx\Obj\EWARM_18443280873093131863.dir
[4] = E:\IAR projects\STM32F4xx\w25qxx\HAL\EWARM\w25qxx\Obj\STM32F4xx_HAL_Driver_1244631019742807970.dir
[5] = E:\IAR projects\STM32F4xx\w25qxx\HAL\EWARM\w25qxx\Obj\w25qxx_12202358171051320134.dir
[6] = dl7M_tlf.a
[7] = m7M_tls.a
[8] = rt7M_tl.a
[9] = shb_l.a

  10'010 bytes of readonly  code memory
      82 bytes of readonly  data memory
   1'693 bytes of readwrite data memory

Errors: none
Warnings: none
