###############################################################################
#
# IAR ELF Linker V9.40.1.364/W64 for ARM                  18/Aug/2023  10:08:34
# Copyright 2007-2023 IAR Systems AB.
#
#    Output file  =
#        E:\IAR projects\STM32F4xx\w25qxx\HAL\EWARM\w25qxx\Exe\w25qxx.out
#    Map file     =
#        E:\IAR projects\STM32F4xx\w25qxx\HAL\EWARM\w25qxx\List\w25qxx.map
#    Command line =
#        -f "E:\IAR
#        projects\STM32F4xx\w25qxx\HAL\EWARM\w25qxx\Exe\w25qxx.out.rsp"
#        ("E:\IAR
#        projects\STM32F4xx\w25qxx\HAL\EWARM\w25qxx\Obj\Core_13247989168731456611.dir\gpio.o"
#        "E:\IAR
#        projects\STM32F4xx\w25qxx\HAL\EWARM\w25qxx\Obj\Core_13247989168731456611.dir\main.o"
#        "E:\IAR
#        projects\STM32F4xx\w25qxx\HAL\EWARM\w25qxx\Obj\Core_13247989168731456611.dir\spi.o"
#        "E:\IAR
#        projects\STM32F4xx\w25qxx\HAL\EWARM\w25qxx\Obj\EWARM_18443280873093131863.dir\startup_stm32f407xx.o"
#        "E:\IAR
#        projects\STM32F4xx\w25qxx\HAL\EWARM\w25qxx\Obj\STM32F4xx_HAL_Driver_1244631019742807970.dir\stm32f4xx_hal.o"
#        "E:\IAR
#        projects\STM32F4xx\w25qxx\HAL\EWARM\w25qxx\Obj\STM32F4xx_HAL_Driver_1244631019742807970.dir\stm32f4xx_hal_cortex.o"
#        "E:\IAR
#        projects\STM32F4xx\w25qxx\HAL\EWARM\w25qxx\Obj\STM32F4xx_HAL_Driver_1244631019742807970.dir\stm32f4xx_hal_dma.o"
#        "E:\IAR
#        projects\STM32F4xx\w25qxx\HAL\EWARM\w25qxx\Obj\STM32F4xx_HAL_Driver_1244631019742807970.dir\stm32f4xx_hal_dma_ex.o"
#        "E:\IAR
#        projects\STM32F4xx\w25qxx\HAL\EWARM\w25qxx\Obj\STM32F4xx_HAL_Driver_1244631019742807970.dir\stm32f4xx_hal_exti.o"
#        "E:\IAR
#        projects\STM32F4xx\w25qxx\HAL\EWARM\w25qxx\Obj\STM32F4xx_HAL_Driver_1244631019742807970.dir\stm32f4xx_hal_flash.o"
#        "E:\IAR
#        projects\STM32F4xx\w25qxx\HAL\EWARM\w25qxx\Obj\STM32F4xx_HAL_Driver_1244631019742807970.dir\stm32f4xx_hal_flash_ex.o"
#        "E:\IAR
#        projects\STM32F4xx\w25qxx\HAL\EWARM\w25qxx\Obj\STM32F4xx_HAL_Driver_1244631019742807970.dir\stm32f4xx_hal_flash_ramfunc.o"
#        "E:\IAR
#        projects\STM32F4xx\w25qxx\HAL\EWARM\w25qxx\Obj\STM32F4xx_HAL_Driver_1244631019742807970.dir\stm32f4xx_hal_gpio.o"
#        "E:\IAR
#        projects\STM32F4xx\w25qxx\HAL\EWARM\w25qxx\Obj\Core_13247989168731456611.dir\stm32f4xx_hal_msp.o"
#        "E:\IAR
#        projects\STM32F4xx\w25qxx\HAL\EWARM\w25qxx\Obj\STM32F4xx_HAL_Driver_1244631019742807970.dir\stm32f4xx_hal_pwr.o"
#        "E:\IAR
#        projects\STM32F4xx\w25qxx\HAL\EWARM\w25qxx\Obj\STM32F4xx_HAL_Driver_1244631019742807970.dir\stm32f4xx_hal_pwr_ex.o"
#        "E:\IAR
#        projects\STM32F4xx\w25qxx\HAL\EWARM\w25qxx\Obj\STM32F4xx_HAL_Driver_1244631019742807970.dir\stm32f4xx_hal_rcc.o"
#        "E:\IAR
#        projects\STM32F4xx\w25qxx\HAL\EWARM\w25qxx\Obj\STM32F4xx_HAL_Driver_1244631019742807970.dir\stm32f4xx_hal_rcc_ex.o"
#        "E:\IAR
#        projects\STM32F4xx\w25qxx\HAL\EWARM\w25qxx\Obj\STM32F4xx_HAL_Driver_1244631019742807970.dir\stm32f4xx_hal_spi.o"
#        "E:\IAR
#        projects\STM32F4xx\w25qxx\HAL\EWARM\w25qxx\Obj\STM32F4xx_HAL_Driver_1244631019742807970.dir\stm32f4xx_hal_tim.o"
#        "E:\IAR
#        projects\STM32F4xx\w25qxx\HAL\EWARM\w25qxx\Obj\STM32F4xx_HAL_Driver_1244631019742807970.dir\stm32f4xx_hal_tim_ex.o"
#        "E:\IAR
#        projects\STM32F4xx\w25qxx\HAL\EWARM\w25qxx\Obj\Core_13247989168731456611.dir\stm32f4xx_it.o"
#        "E:\IAR
#        projects\STM32F4xx\w25qxx\HAL\EWARM\w25qxx\Obj\CMSIS_6603591812247902717.dir\system_stm32f4xx.o"
#        "E:\IAR
#        projects\STM32F4xx\w25qxx\HAL\EWARM\w25qxx\Obj\w25qxx_12202358171051320134.dir\w25qxx.o"
#        "E:\IAR
#        projects\STM32F4xx\w25qxx\HAL\EWARM\w25qxx\Obj\w25qxx_12202358171051320134.dir\w25qxx_Interface.o"
#        --no_out_extension -o "E:\IAR
#        projects\STM32F4xx\w25qxx\HAL\EWARM\w25qxx\Exe\w25qxx.out" --redirect
#        _Printf=_PrintfFullNoMb --redirect _Scanf=_ScanfFullNoMb --map "E:\IAR
#        projects\STM32F4xx\w25qxx\HAL\EWARM\w25qxx\List\w25qxx.map" --config
#        "E:\IAR projects\STM32F4xx\w25qxx\HAL\EWARM/stm32f407xx_flash.icf"
#        --semihosting --entry __iar_program_start --vfe --text_out locale
#        --cpu=Cortex-M4 --fpu=VFPv4_sp) --dependencies=n "E:\IAR
#        projects\STM32F4xx\w25qxx\HAL\EWARM\w25qxx\Exe\w25qxx.out.iar_deps"
#
###############################################################################

*******************************************************************************
*** RUNTIME MODEL ATTRIBUTES
***

CppFlavor       = *
__CPP_Runtime   = 1
__SystemLibrary = DLib
__dlib_version  = 6


*******************************************************************************
*** HEAP SELECTION
***

The basic heap was selected because --advanced_heap
was not specified and the application did not appear to
be primarily optimized for speed.


*******************************************************************************
*** PLACEMENT SUMMARY
***

"A0":  place at address 0x800'0000 { ro section .intvec };
"P1":  place in [from 0x800'0000 to 0x80f'ffff] { ro };
define block CSTACK with size = 1K, alignment = 8 { };
define block HEAP with size = 512, alignment = 8 { };
"P2":  place in [from 0x2000'0000 to 0x2001'ffff] {
          rw, block CSTACK, block HEAP };
initialize by copy { rw };

  Section            Kind         Address    Size  Object
  -------            ----         -------    ----  ------
"A0":                                       0x188
  .intvec            ro code   0x800'0000   0x188  startup_stm32f407xx.o [3]
                             - 0x800'0188   0x188

"P1":                                      0x1e14
  .text              ro code   0x800'0188   0x7d0  stm32f4xx_hal_spi.o [4]
  .text              ro code   0x800'0958    0xc4  spi.o [2]
  .text              ro code   0x800'0a1c     0xc  stm32f4xx_hal.o [4]
  .text              ro code   0x800'0a28   0x166  main.o [2]
  .text              ro code   0x800'0b8e    0x14  memset.o [8]
  .text              ro code   0x800'0ba2    0x2a  copy_init3.o [8]
  .text              ro code   0x800'0bcc   0x204  stm32f4xx_hal_gpio.o [4]
  .text              ro code   0x800'0dd0    0x34  stm32f4xx_hal.o [4]
  .text              ro code   0x800'0e04    0x88  gpio.o [2]
  .text              ro code   0x800'0e8c   0x418  w25qxx.o [5]
  .text              ro code   0x800'12a4    0x2a  strncmp.o [6]
  .text              ro code   0x800'12d0    0x66  ABImemset.o [8]
  .text              ro code   0x800'1338   0x3c4  stm32f4xx_hal_rcc.o [4]
  .text              ro code   0x800'16fc   0x154  stm32f4xx_hal_rcc.o [4]
  .text              ro code   0x800'1850   0x100  stm32f4xx_hal_cortex.o [4]
  .text              ro code   0x800'1950    0x4c  stm32f4xx_hal.o [4]
  .text              ro code   0x800'199c    0x40  stm32f4xx_hal_msp.o [2]
  .text              ro code   0x800'19dc    0x3c  w25qxx_Interface.o [5]
  .text              ro code   0x800'1a18    0x80  stm32f4xx_hal_rcc.o [4]
  .text              ro code   0x800'1a98   0x230  I64DivMod.o [8]
  .text              ro code   0x800'1cc8     0x2  I64DivZer.o [8]
  .text              ro code   0x800'1cca    0x38  zero_init3.o [8]
  .text              ro code   0x800'1d04    0x28  data_init.o [8]
  .text              ro code   0x800'1d2c    0x22  fpinit_M.o [7]
  .iar.init_table    const     0x800'1d50    0x24  - Linker created -
  .text              ro code   0x800'1d74    0x1e  cmain.o [8]
  .text              ro code   0x800'1d92     0x4  low_level_init.o [6]
  .text              ro code   0x800'1d96     0x4  exit.o [6]
  .text              ro code   0x800'1d9c     0xa  cexit.o [8]
  .text              ro code   0x800'1da8    0x14  exit.o [9]
  .text              ro code   0x800'1dbc    0x1c  cstartup_M.o [8]
  .text              ro code   0x800'1dd8    0x18  stm32f4xx_hal.o [4]
  .text              ro code   0x800'1df0    0x18  stm32f4xx_it.o [2]
  .rodata            const     0x800'1e08    0x14  main.o [2]
  .rodata            const     0x800'1e1c    0x10  system_stm32f4xx.o [1]
  .text              ro code   0x800'1e2c    0x10  startup_stm32f407xx.o [3]
  .text              ro code   0x800'1e3c    0x10  system_stm32f4xx.o [1]
  Initializer bytes  const     0x800'1e4c     0xc  <for P2-1>
  .text              ro code   0x800'1e58     0x4  startup_stm32f407xx.o [3]
  .text              ro code   0x800'1e5c     0x4  startup_stm32f407xx.o [3]
  .text              ro code   0x800'1e60     0x4  startup_stm32f407xx.o [3]
  .text              ro code   0x800'1e64     0x4  startup_stm32f407xx.o [3]
  .text              ro code   0x800'1e68     0x4  startup_stm32f407xx.o [3]
  .text              ro code   0x800'1e6c     0x4  startup_stm32f407xx.o [3]
  .text              ro code   0x800'1e70     0x4  startup_stm32f407xx.o [3]
  .text              ro code   0x800'1e74     0x4  startup_stm32f407xx.o [3]
  .text              ro code   0x800'1e78     0x4  startup_stm32f407xx.o [3]
  .text              ro code   0x800'1e7c     0x4  startup_stm32f407xx.o [3]
  .text              ro code   0x800'1e80     0x4  startup_stm32f407xx.o [3]
  .text              ro code   0x800'1e84     0x4  startup_stm32f407xx.o [3]
  .text              ro code   0x800'1e88     0x4  startup_stm32f407xx.o [3]
  .text              ro code   0x800'1e8c     0x4  startup_stm32f407xx.o [3]
  .text              ro code   0x800'1e90     0x4  startup_stm32f407xx.o [3]
  .text              ro code   0x800'1e94     0x4  startup_stm32f407xx.o [3]
  .text              ro code   0x800'1e98     0x4  startup_stm32f407xx.o [3]
  .text              ro code   0x800'1e9c     0x4  startup_stm32f407xx.o [3]
  .text              ro code   0x800'1ea0     0x4  startup_stm32f407xx.o [3]
  .text              ro code   0x800'1ea4     0x4  startup_stm32f407xx.o [3]
  .text              ro code   0x800'1ea8     0x4  startup_stm32f407xx.o [3]
  .text              ro code   0x800'1eac     0x4  startup_stm32f407xx.o [3]
  .text              ro code   0x800'1eb0     0x4  startup_stm32f407xx.o [3]
  .text              ro code   0x800'1eb4     0x4  startup_stm32f407xx.o [3]
  .text              ro code   0x800'1eb8     0x4  startup_stm32f407xx.o [3]
  .text              ro code   0x800'1ebc     0x4  startup_stm32f407xx.o [3]
  .text              ro code   0x800'1ec0     0x4  startup_stm32f407xx.o [3]
  .text              ro code   0x800'1ec4     0x4  startup_stm32f407xx.o [3]
  .text              ro code   0x800'1ec8     0x4  startup_stm32f407xx.o [3]
  .text              ro code   0x800'1ecc     0x4  startup_stm32f407xx.o [3]
  .text              ro code   0x800'1ed0     0x4  startup_stm32f407xx.o [3]
  .text              ro code   0x800'1ed4     0x4  startup_stm32f407xx.o [3]
  .text              ro code   0x800'1ed8     0x4  startup_stm32f407xx.o [3]
  .text              ro code   0x800'1edc     0x4  startup_stm32f407xx.o [3]
  .text              ro code   0x800'1ee0     0x4  startup_stm32f407xx.o [3]
  .text              ro code   0x800'1ee4     0x4  startup_stm32f407xx.o [3]
  .text              ro code   0x800'1ee8     0x4  startup_stm32f407xx.o [3]
  .text              ro code   0x800'1eec     0x4  startup_stm32f407xx.o [3]
  .text              ro code   0x800'1ef0     0x4  startup_stm32f407xx.o [3]
  .text              ro code   0x800'1ef4     0x4  startup_stm32f407xx.o [3]
  .text              ro code   0x800'1ef8     0x4  startup_stm32f407xx.o [3]
  .text              ro code   0x800'1efc     0x4  startup_stm32f407xx.o [3]
  .text              ro code   0x800'1f00     0x4  startup_stm32f407xx.o [3]
  .text              ro code   0x800'1f04     0x4  startup_stm32f407xx.o [3]
  .text              ro code   0x800'1f08     0x4  startup_stm32f407xx.o [3]
  .text              ro code   0x800'1f0c     0x4  startup_stm32f407xx.o [3]
  .text              ro code   0x800'1f10     0x4  startup_stm32f407xx.o [3]
  .text              ro code   0x800'1f14     0x4  startup_stm32f407xx.o [3]
  .text              ro code   0x800'1f18     0x4  startup_stm32f407xx.o [3]
  .text              ro code   0x800'1f1c     0x4  startup_stm32f407xx.o [3]
  .text              ro code   0x800'1f20     0x4  startup_stm32f407xx.o [3]
  .text              ro code   0x800'1f24     0x4  startup_stm32f407xx.o [3]
  .text              ro code   0x800'1f28     0x4  startup_stm32f407xx.o [3]
  .text              ro code   0x800'1f2c     0x4  startup_stm32f407xx.o [3]
  .text              ro code   0x800'1f30     0x4  startup_stm32f407xx.o [3]
  .text              ro code   0x800'1f34     0x4  startup_stm32f407xx.o [3]
  .text              ro code   0x800'1f38     0x4  startup_stm32f407xx.o [3]
  .text              ro code   0x800'1f3c     0x4  startup_stm32f407xx.o [3]
  .text              ro code   0x800'1f40     0x4  startup_stm32f407xx.o [3]
  .text              ro code   0x800'1f44     0x4  startup_stm32f407xx.o [3]
  .text              ro code   0x800'1f48     0x4  startup_stm32f407xx.o [3]
  .text              ro code   0x800'1f4c     0x4  startup_stm32f407xx.o [3]
  .text              ro code   0x800'1f50     0x4  startup_stm32f407xx.o [3]
  .text              ro code   0x800'1f54     0x4  startup_stm32f407xx.o [3]
  .text              ro code   0x800'1f58     0x4  startup_stm32f407xx.o [3]
  .text              ro code   0x800'1f5c     0x4  startup_stm32f407xx.o [3]
  .text              ro code   0x800'1f60     0x4  startup_stm32f407xx.o [3]
  .text              ro code   0x800'1f64     0x4  startup_stm32f407xx.o [3]
  .text              ro code   0x800'1f68     0x4  startup_stm32f407xx.o [3]
  .text              ro code   0x800'1f6c     0x4  startup_stm32f407xx.o [3]
  .text              ro code   0x800'1f70     0x4  startup_stm32f407xx.o [3]
  .text              ro code   0x800'1f74     0x4  startup_stm32f407xx.o [3]
  .text              ro code   0x800'1f78     0x4  startup_stm32f407xx.o [3]
  .text              ro code   0x800'1f7c     0x4  startup_stm32f407xx.o [3]
  .text              ro code   0x800'1f80     0x4  startup_stm32f407xx.o [3]
  .text              ro code   0x800'1f84     0x4  startup_stm32f407xx.o [3]
  .text              ro code   0x800'1f88     0x4  startup_stm32f407xx.o [3]
  .text              ro code   0x800'1f8c     0x4  startup_stm32f407xx.o [3]
  .text              ro code   0x800'1f90     0x4  startup_stm32f407xx.o [3]
  .text              ro code   0x800'1f94     0x4  startup_stm32f407xx.o [3]
  .text              ro code   0x800'1f98     0x4  startup_stm32f407xx.o [3]
  .rodata            const     0x800'1f9c     0x0  zero_init3.o [8]
  .rodata            const     0x800'1f9c     0x0  copy_init3.o [8]
                             - 0x800'1f9c  0x1e14

"P2", part 1 of 3:                            0xc
  P2-1                        0x2000'0000     0x9  <Init block>
    .data            inited   0x2000'0000     0x4  stm32f4xx_hal.o [4]
    .data            inited   0x2000'0004     0x4  system_stm32f4xx.o [1]
    .data            inited   0x2000'0008     0x1  stm32f4xx_hal.o [4]
                            - 0x2000'0009     0x9

"P2", part 2 of 3:                           0x88
  .bss               zero     0x2000'000c    0x58  spi.o [2]
  .bss               zero     0x2000'0064    0x18  w25qxx.o [5]
  .bss               zero     0x2000'007c    0x14  main.o [2]
  .bss               zero     0x2000'0090     0x4  stm32f4xx_hal.o [4]
                            - 0x2000'0094    0x88

"P2", part 3 of 3:                          0x400
  CSTACK                      0x2000'0098   0x400  <Block>
    CSTACK           uninit   0x2000'0098   0x400  <Block tail>
                            - 0x2000'0498   0x400

Unused ranges:

         From           To      Size
         ----           --      ----
   0x800'1f9c   0x80f'ffff  0xf'e064
  0x2000'0094  0x2000'0097       0x4
  0x2000'0498  0x2001'ffff  0x1'fb68


*******************************************************************************
*** INIT TABLE
***

          Address      Size
          -------      ----
Zero (__iar_zero_init3)
    1 destination range, total size 0x88:
          0x2000'000c  0x88

Copy (__iar_copy_init3)
    1 source range, total size 0xc (133% of destination):
           0x800'1e4c   0xc
    1 destination range, total size 0x9:
          0x2000'0000   0x9



*******************************************************************************
*** MODULE SUMMARY
***

    Module                  ro code  ro data  rw data
    ------                  -------  -------  -------
command line/config:
    -------------------------------------------------
    Total:

E:\IAR projects\STM32F4xx\w25qxx\HAL\EWARM\w25qxx\Obj\CMSIS_6603591812247902717.dir: [1]
    system_stm32f4xx.o           16       20        4
    -------------------------------------------------
    Total:                       16       20        4

E:\IAR projects\STM32F4xx\w25qxx\HAL\EWARM\w25qxx\Obj\Core_13247989168731456611.dir: [2]
    gpio.o                      136
    main.o                      358       20       20
    spi.o                       196                88
    stm32f4xx_hal_msp.o          64
    stm32f4xx_it.o               24
    -------------------------------------------------
    Total:                      778       20      108

E:\IAR projects\STM32F4xx\w25qxx\HAL\EWARM\w25qxx\Obj\EWARM_18443280873093131863.dir: [3]
    startup_stm32f407xx.o       732
    -------------------------------------------------
    Total:                      732

E:\IAR projects\STM32F4xx\w25qxx\HAL\EWARM\w25qxx\Obj\STM32F4xx_HAL_Driver_1244631019742807970.dir: [4]
    stm32f4xx_hal.o             164        5        9
    stm32f4xx_hal_cortex.o      256
    stm32f4xx_hal_gpio.o        516
    stm32f4xx_hal_rcc.o       1'432
    stm32f4xx_hal_spi.o       2'000
    -------------------------------------------------
    Total:                    4'368        5        9

E:\IAR projects\STM32F4xx\w25qxx\HAL\EWARM\w25qxx\Obj\w25qxx_12202358171051320134.dir: [5]
    w25qxx.o                  1'048                24
    w25qxx_Interface.o           60
    -------------------------------------------------
    Total:                    1'108                24

dl7M_tlf.a: [6]
    exit.o                        4
    low_level_init.o              4
    strncmp.o                    42
    -------------------------------------------------
    Total:                       50

m7M_tls.a: [7]
    fpinit_M.o                   34
    -------------------------------------------------
    Total:                       34

rt7M_tl.a: [8]
    ABImemset.o                 102
    I64DivMod.o                 560
    I64DivZer.o                   2
    cexit.o                      10
    cmain.o                      30
    copy_init3.o                 42
    cstartup_M.o                 28
    data_init.o                  40
    memset.o                     20
    zero_init3.o                 56
    -------------------------------------------------
    Total:                      890

shb_l.a: [9]
    exit.o                       20
    -------------------------------------------------
    Total:                       20

    Gaps                         10        2
    Linker created                        39    1'024
-----------------------------------------------------
    Grand Total:              8'006       86    1'169


*******************************************************************************
*** ENTRY LIST
***

Entry                       Address   Size  Type      Object
-----                       -------   ----  ----      ------
.iar.init_table$$Base    0x800'1d50          --   Gb  - Linker created -
.iar.init_table$$Limit   0x800'1d74          --   Gb  - Linker created -
?main                    0x800'1d75         Code  Gb  cmain.o [8]
ADC_IRQHandler           0x800'1ea1         Code  Wk  startup_stm32f407xx.o [3]
AHBPrescTable            0x800'1e1c   0x10  Data  Gb  system_stm32f4xx.o [1]
BusFault_Handler         0x800'1df7    0x2  Code  Gb  stm32f4xx_it.o [2]
CAN1_RX0_IRQHandler      0x800'1ea9         Code  Wk  startup_stm32f407xx.o [3]
CAN1_RX1_IRQHandler      0x800'1ead         Code  Wk  startup_stm32f407xx.o [3]
CAN1_SCE_IRQHandler      0x800'1eb1         Code  Wk  startup_stm32f407xx.o [3]
CAN1_TX_IRQHandler       0x800'1ea5         Code  Wk  startup_stm32f407xx.o [3]
CAN2_RX0_IRQHandler      0x800'1f59         Code  Wk  startup_stm32f407xx.o [3]
CAN2_RX1_IRQHandler      0x800'1f5d         Code  Wk  startup_stm32f407xx.o [3]
CAN2_SCE_IRQHandler      0x800'1f61         Code  Wk  startup_stm32f407xx.o [3]
CAN2_TX_IRQHandler       0x800'1f55         Code  Wk  startup_stm32f407xx.o [3]
CSTACK$$Base            0x2000'0098          --   Gb  - Linker created -
CSTACK$$Limit           0x2000'0498          --   Gb  - Linker created -
DCMI_IRQHandler          0x800'1f91         Code  Wk  startup_stm32f407xx.o [3]
DMA1_Stream0_IRQHandler
                         0x800'1e85         Code  Wk  startup_stm32f407xx.o [3]
DMA1_Stream1_IRQHandler
                         0x800'1e89         Code  Wk  startup_stm32f407xx.o [3]
DMA1_Stream2_IRQHandler
                         0x800'1e8d         Code  Wk  startup_stm32f407xx.o [3]
DMA1_Stream3_IRQHandler
                         0x800'1e91         Code  Wk  startup_stm32f407xx.o [3]
DMA1_Stream4_IRQHandler
                         0x800'1e95         Code  Wk  startup_stm32f407xx.o [3]
DMA1_Stream5_IRQHandler
                         0x800'1e99         Code  Wk  startup_stm32f407xx.o [3]
DMA1_Stream6_IRQHandler
                         0x800'1e9d         Code  Wk  startup_stm32f407xx.o [3]
DMA1_Stream7_IRQHandler
                         0x800'1f15         Code  Wk  startup_stm32f407xx.o [3]
DMA2_Stream0_IRQHandler
                         0x800'1f39         Code  Wk  startup_stm32f407xx.o [3]
DMA2_Stream1_IRQHandler
                         0x800'1f3d         Code  Wk  startup_stm32f407xx.o [3]
DMA2_Stream2_IRQHandler
                         0x800'1f41         Code  Wk  startup_stm32f407xx.o [3]
DMA2_Stream3_IRQHandler
                         0x800'1f45         Code  Wk  startup_stm32f407xx.o [3]
DMA2_Stream4_IRQHandler
                         0x800'1f49         Code  Wk  startup_stm32f407xx.o [3]
DMA2_Stream5_IRQHandler
                         0x800'1f69         Code  Wk  startup_stm32f407xx.o [3]
DMA2_Stream6_IRQHandler
                         0x800'1f6d         Code  Wk  startup_stm32f407xx.o [3]
DMA2_Stream7_IRQHandler
                         0x800'1f71         Code  Wk  startup_stm32f407xx.o [3]
DebugMon_Handler         0x800'1dfd    0x2  Code  Gb  stm32f4xx_it.o [2]
ETH_IRQHandler           0x800'1f4d         Code  Wk  startup_stm32f407xx.o [3]
ETH_WKUP_IRQHandler      0x800'1f51         Code  Wk  startup_stm32f407xx.o [3]
EXTI0_IRQHandler         0x800'1e71         Code  Wk  startup_stm32f407xx.o [3]
EXTI15_10_IRQHandler     0x800'1ef9         Code  Wk  startup_stm32f407xx.o [3]
EXTI1_IRQHandler         0x800'1e75         Code  Wk  startup_stm32f407xx.o [3]
EXTI2_IRQHandler         0x800'1e79         Code  Wk  startup_stm32f407xx.o [3]
EXTI3_IRQHandler         0x800'1e7d         Code  Wk  startup_stm32f407xx.o [3]
EXTI4_IRQHandler         0x800'1e81         Code  Wk  startup_stm32f407xx.o [3]
EXTI9_5_IRQHandler       0x800'1eb5         Code  Wk  startup_stm32f407xx.o [3]
Error_Handler            0x800'0b8b    0x4  Code  Gb  main.o [2]
FLASH_IRQHandler         0x800'1e69         Code  Wk  startup_stm32f407xx.o [3]
FPU_IRQHandler           0x800'1f99         Code  Wk  startup_stm32f407xx.o [3]
FSMC_IRQHandler          0x800'1f19         Code  Wk  startup_stm32f407xx.o [3]
HAL_Delay                0x800'0b75   0x16  Code  Gb  main.o [2]
HAL_GPIO_Init            0x800'0bcd  0x1b6  Code  Gb  stm32f4xx_hal_gpio.o [4]
HAL_GPIO_WritePin        0x800'0d83   0x14  Code  Gb  stm32f4xx_hal_gpio.o [4]
HAL_GetTick              0x800'0a1d    0xc  Code  Wk  stm32f4xx_hal.o [4]
HAL_IncTick              0x800'1dd9   0x18  Code  Wk  stm32f4xx_hal.o [4]
HAL_Init                 0x800'0dd1   0x30  Code  Gb  stm32f4xx_hal.o [4]
HAL_InitTick             0x800'1951   0x4c  Code  Wk  stm32f4xx_hal.o [4]
HAL_MspInit              0x800'199d   0x40  Code  Gb  stm32f4xx_hal_msp.o [2]
HAL_NVIC_SetPriority     0x800'190b   0x22  Code  Gb  stm32f4xx_hal_cortex.o [4]
HAL_NVIC_SetPriorityGrouping
                         0x800'1903    0x8  Code  Gb  stm32f4xx_hal_cortex.o [4]
HAL_RCC_ClockConfig      0x800'16fd  0x13a  Code  Gb  stm32f4xx_hal_rcc.o [4]
HAL_RCC_GetSysClockFreq
                         0x800'1a19   0x80  Code  Wk  stm32f4xx_hal_rcc.o [4]
HAL_RCC_OscConfig        0x800'1339  0x3c4  Code  Wk  stm32f4xx_hal_rcc.o [4]
HAL_SPI_Init             0x800'0189   0xce  Code  Gb  stm32f4xx_hal_spi.o [4]
HAL_SPI_MspInit          0x800'099f   0x68  Code  Gb  spi.o [2]
HAL_SPI_Receive          0x800'0401  0x172  Code  Gb  stm32f4xx_hal_spi.o [4]
HAL_SPI_Transmit         0x800'0257  0x1aa  Code  Gb  stm32f4xx_hal_spi.o [4]
HAL_SPI_TransmitReceive
                         0x800'0573  0x21e  Code  Gb  stm32f4xx_hal_spi.o [4]
HAL_SYSTICK_Config       0x800'192d    0x8  Code  Gb  stm32f4xx_hal_cortex.o [4]
HASH_RNG_IRQHandler      0x800'1f95         Code  Wk  startup_stm32f407xx.o [3]
HardFault_Handler        0x800'1df3    0x2  Code  Gb  stm32f4xx_it.o [2]
I2C1_ER_IRQHandler       0x800'1ed9         Code  Wk  startup_stm32f407xx.o [3]
I2C1_EV_IRQHandler       0x800'1ed5         Code  Wk  startup_stm32f407xx.o [3]
I2C2_ER_IRQHandler       0x800'1ee1         Code  Wk  startup_stm32f407xx.o [3]
I2C2_EV_IRQHandler       0x800'1edd         Code  Wk  startup_stm32f407xx.o [3]
I2C3_ER_IRQHandler       0x800'1f7d         Code  Wk  startup_stm32f407xx.o [3]
I2C3_EV_IRQHandler       0x800'1f79         Code  Wk  startup_stm32f407xx.o [3]
MX_GPIO_Init             0x800'0e05   0x88  Code  Gb  gpio.o [2]
MX_SPI1_Init             0x800'0959   0x46  Code  Gb  spi.o [2]
MemManage_Handler        0x800'1df5    0x2  Code  Gb  stm32f4xx_it.o [2]
NMI_Handler              0x800'1df1    0x2  Code  Gb  stm32f4xx_it.o [2]
NVIC_EncodePriority      0x800'1899   0x3c  Code  Lc  stm32f4xx_hal_cortex.o [4]
OTG_FS_IRQHandler        0x800'1f65         Code  Wk  startup_stm32f407xx.o [3]
OTG_FS_WKUP_IRQHandler   0x800'1f01         Code  Wk  startup_stm32f407xx.o [3]
OTG_HS_EP1_IN_IRQHandler
                         0x800'1f85         Code  Wk  startup_stm32f407xx.o [3]
OTG_HS_EP1_OUT_IRQHandler
                         0x800'1f81         Code  Wk  startup_stm32f407xx.o [3]
OTG_HS_IRQHandler        0x800'1f8d         Code  Wk  startup_stm32f407xx.o [3]
OTG_HS_WKUP_IRQHandler   0x800'1f89         Code  Wk  startup_stm32f407xx.o [3]
PVD_IRQHandler           0x800'1e5d         Code  Wk  startup_stm32f407xx.o [3]
PendSV_Handler           0x800'1dff    0x2  Code  Gb  stm32f4xx_it.o [2]
RCC_IRQHandler           0x800'1e6d         Code  Wk  startup_stm32f407xx.o [3]
RTC_Alarm_IRQHandler     0x800'1efd         Code  Wk  startup_stm32f407xx.o [3]
RTC_WKUP_IRQHandler      0x800'1e65         Code  Wk  startup_stm32f407xx.o [3]
Region$$Table$$Base      0x800'1d50          --   Gb  - Linker created -
Region$$Table$$Limit     0x800'1d74          --   Gb  - Linker created -
Reset_Handler            0x800'1e2d         Code  Wk  startup_stm32f407xx.o [3]
SDIO_IRQHandler          0x800'1f1d         Code  Wk  startup_stm32f407xx.o [3]
SPI1_IRQHandler          0x800'1ee5         Code  Wk  startup_stm32f407xx.o [3]
SPI2_IRQHandler          0x800'1ee9         Code  Wk  startup_stm32f407xx.o [3]
SPI3_IRQHandler          0x800'1f25         Code  Wk  startup_stm32f407xx.o [3]
SPI_EndRxTransaction     0x800'0863   0x92  Code  Lc  stm32f4xx_hal_spi.o [4]
SPI_EndRxTxTransaction   0x800'08f5   0x5a  Code  Lc  stm32f4xx_hal_spi.o [4]
SPI_WaitFlagStateUntilTimeout
                         0x800'0791   0xd2  Code  Lc  stm32f4xx_hal_spi.o [4]
SVC_Handler              0x800'1dfb    0x2  Code  Gb  stm32f4xx_it.o [2]
SysTick_Config           0x800'18d5   0x2e  Code  Lc  stm32f4xx_hal_cortex.o [4]
SysTick_Handler          0x800'1e01    0x8  Code  Gb  stm32f4xx_it.o [2]
SystemClock_Config       0x800'0aad   0xaa  Code  Gb  main.o [2]
SystemCoreClock         0x2000'0004    0x4  Data  Gb  system_stm32f4xx.o [1]
SystemInit               0x800'1e3d    0xc  Code  Gb  system_stm32f4xx.o [1]
TAMP_STAMP_IRQHandler    0x800'1e61         Code  Wk  startup_stm32f407xx.o [3]
TIM1_BRK_TIM9_IRQHandler
                         0x800'1eb9         Code  Wk  startup_stm32f407xx.o [3]
TIM1_CC_IRQHandler       0x800'1ec5         Code  Wk  startup_stm32f407xx.o [3]
TIM1_TRG_COM_TIM11_IRQHandler
                         0x800'1ec1         Code  Wk  startup_stm32f407xx.o [3]
TIM1_UP_TIM10_IRQHandler
                         0x800'1ebd         Code  Wk  startup_stm32f407xx.o [3]
TIM2_IRQHandler          0x800'1ec9         Code  Wk  startup_stm32f407xx.o [3]
TIM3_IRQHandler          0x800'1ecd         Code  Wk  startup_stm32f407xx.o [3]
TIM4_IRQHandler          0x800'1ed1         Code  Wk  startup_stm32f407xx.o [3]
TIM5_IRQHandler          0x800'1f21         Code  Wk  startup_stm32f407xx.o [3]
TIM6_DAC_IRQHandler      0x800'1f31         Code  Wk  startup_stm32f407xx.o [3]
TIM7_IRQHandler          0x800'1f35         Code  Wk  startup_stm32f407xx.o [3]
TIM8_BRK_TIM12_IRQHandler
                         0x800'1f05         Code  Wk  startup_stm32f407xx.o [3]
TIM8_CC_IRQHandler       0x800'1f11         Code  Wk  startup_stm32f407xx.o [3]
TIM8_TRG_COM_TIM14_IRQHandler
                         0x800'1f0d         Code  Wk  startup_stm32f407xx.o [3]
TIM8_UP_TIM13_IRQHandler
                         0x800'1f09         Code  Wk  startup_stm32f407xx.o [3]
UART4_IRQHandler         0x800'1f29         Code  Wk  startup_stm32f407xx.o [3]
UART5_IRQHandler         0x800'1f2d         Code  Wk  startup_stm32f407xx.o [3]
USART1_IRQHandler        0x800'1eed         Code  Wk  startup_stm32f407xx.o [3]
USART2_IRQHandler        0x800'1ef1         Code  Wk  startup_stm32f407xx.o [3]
USART3_IRQHandler        0x800'1ef5         Code  Wk  startup_stm32f407xx.o [3]
USART6_IRQHandler        0x800'1f75         Code  Wk  startup_stm32f407xx.o [3]
UsageFault_Handler       0x800'1df9    0x2  Code  Gb  stm32f4xx_it.o [2]
WWDG_IRQHandler          0x800'1e59         Code  Wk  startup_stm32f407xx.o [3]
__NVIC_GetPriorityGrouping
                         0x800'186b    0xa  Code  Lc  stm32f4xx_hal_cortex.o [4]
__NVIC_SetPriority       0x800'1875   0x24  Code  Lc  stm32f4xx_hal_cortex.o [4]
__NVIC_SetPriorityGrouping
                         0x800'1851   0x1a  Code  Lc  stm32f4xx_hal_cortex.o [4]
__aeabi_ldiv0            0x800'1cc9         Code  Gb  I64DivZer.o [8]
__aeabi_memset           0x800'12d1         Code  Gb  ABImemset.o [8]
__aeabi_uldivmod         0x800'1a99         Code  Gb  I64DivMod.o [8]
__cmain                  0x800'1d75         Code  Gb  cmain.o [8]
__exit                   0x800'1da9   0x14  Code  Gb  exit.o [9]
__iar_Memset             0x800'12d1         Code  Gb  ABImemset.o [8]
__iar_Memset_word        0x800'12d9         Code  Gb  ABImemset.o [8]
__iar_copy_init3         0x800'0ba3   0x2a  Code  Gb  copy_init3.o [8]
__iar_data_init3         0x800'1d05   0x28  Code  Gb  data_init.o [8]
__iar_init_vfp           0x800'1d2d         Code  Gb  fpinit_M.o [7]
__iar_program_start      0x800'1dbd         Code  Gb  cstartup_M.o [8]
__iar_zero_init3         0x800'1ccb   0x38  Code  Gb  zero_init3.o [8]
__low_level_init         0x800'1d93    0x4  Code  Gb  low_level_init.o [6]
__vector_table           0x800'0000         Data  Gb  startup_stm32f407xx.o [3]
_call_main               0x800'1d81         Code  Gb  cmain.o [8]
_exit                    0x800'1d9d         Code  Gb  cexit.o [8]
bufferRead              0x2000'007c   0x14  Data  Gb  main.o [2]
bufferWrite              0x800'1e08   0x14  Data  Gb  main.o [2]
exit                     0x800'1d97    0x4  Code  Gb  exit.o [6]
hspi1                   0x2000'000c   0x58  Data  Gb  spi.o [2]
main                     0x800'0a29   0x84  Code  Gb  main.o [2]
memset                   0x800'0b8f   0x14  Code  Gb  memset.o [8]
strncmp                  0x800'12a5   0x2a  Code  Gb  strncmp.o [6]
uwTick                  0x2000'0090    0x4  Data  Gb  stm32f4xx_hal.o [4]
uwTickFreq              0x2000'0008    0x1  Data  Gb  stm32f4xx_hal.o [4]
uwTickPrio              0x2000'0000    0x4  Data  Gb  stm32f4xx_hal.o [4]
w25qxx_Busy              0x800'123f   0x14  Code  Gb  w25qxx.o [5]
w25qxx_Delay             0x800'1a11    0x8  Code  Gb  w25qxx_Interface.o [5]
w25qxx_Handle           0x2000'0064   0x18  Data  Gb  w25qxx.o [5]
w25qxx_Init              0x800'0e8d  0x118  Code  Gb  w25qxx.o [5]
w25qxx_Read              0x800'1073   0x9e  Code  Gb  w25qxx.o [5]
w25qxx_ReadID            0x800'11d1   0x6e  Code  Gb  w25qxx.o [5]
w25qxx_ReadStatus        0x800'1111   0xb2  Code  Gb  w25qxx.o [5]
w25qxx_SPI_Receive       0x800'19f3   0x16  Code  Gb  w25qxx_Interface.o [5]
w25qxx_SPI_Transmit      0x800'19dd   0x16  Code  Gb  w25qxx_Interface.o [5]
w25qxx_WaitWithTimeout   0x800'1253   0x24  Code  Gb  w25qxx.o [5]
w25qxx_Write             0x800'0fa5   0xce  Code  Gb  w25qxx.o [5]
w25qxx_WriteEnable       0x800'1277   0x2e  Code  Gb  w25qxx.o [5]


[1] = E:\IAR projects\STM32F4xx\w25qxx\HAL\EWARM\w25qxx\Obj\CMSIS_6603591812247902717.dir
[2] = E:\IAR projects\STM32F4xx\w25qxx\HAL\EWARM\w25qxx\Obj\Core_13247989168731456611.dir
[3] = E:\IAR projects\STM32F4xx\w25qxx\HAL\EWARM\w25qxx\Obj\EWARM_18443280873093131863.dir
[4] = E:\IAR projects\STM32F4xx\w25qxx\HAL\EWARM\w25qxx\Obj\STM32F4xx_HAL_Driver_1244631019742807970.dir
[5] = E:\IAR projects\STM32F4xx\w25qxx\HAL\EWARM\w25qxx\Obj\w25qxx_12202358171051320134.dir
[6] = dl7M_tlf.a
[7] = m7M_tls.a
[8] = rt7M_tl.a
[9] = shb_l.a

  8'006 bytes of readonly  code memory
     86 bytes of readonly  data memory
  1'169 bytes of readwrite data memory

Errors: none
Warnings: none
