###############################################################################
#
# IAR ELF Linker V9.20.1.318/W64 for ARM                  17/May/2023  08:09:28
# Copyright 2007-2021 IAR Systems AB.
#
#    Output file  =
#        E:\IAR projects\STM32F4xx\w25qxx\HAL\EWARM\w25qxx\Exe\w25qxx.out
#    Map file     =
#        E:\IAR projects\STM32F4xx\w25qxx\HAL\EWARM\w25qxx\List\w25qxx.map
#    Command line =
#        -f "E:\IAR
#        projects\STM32F4xx\w25qxx\HAL\EWARM\w25qxx\Exe\w25qxx.out.rsp"
#        ("E:\IAR
#        projects\STM32F4xx\w25qxx\HAL\EWARM\w25qxx\Obj\Application\User\Core\gpio.o"
#        "E:\IAR
#        projects\STM32F4xx\w25qxx\HAL\EWARM\w25qxx\Obj\Application\User\Core\main.o"
#        "E:\IAR
#        projects\STM32F4xx\w25qxx\HAL\EWARM\w25qxx\Obj\Application\User\Core\spi.o"
#        "E:\IAR
#        projects\STM32F4xx\w25qxx\HAL\EWARM\w25qxx\Obj\Application\EWARM\startup_stm32f407xx.o"
#        "E:\IAR
#        projects\STM32F4xx\w25qxx\HAL\EWARM\w25qxx\Obj\Drivers\STM32F4xx_HAL_Driver\stm32f4xx_hal.o"
#        "E:\IAR
#        projects\STM32F4xx\w25qxx\HAL\EWARM\w25qxx\Obj\Drivers\STM32F4xx_HAL_Driver\stm32f4xx_hal_cortex.o"
#        "E:\IAR
#        projects\STM32F4xx\w25qxx\HAL\EWARM\w25qxx\Obj\Drivers\STM32F4xx_HAL_Driver\stm32f4xx_hal_dma.o"
#        "E:\IAR
#        projects\STM32F4xx\w25qxx\HAL\EWARM\w25qxx\Obj\Drivers\STM32F4xx_HAL_Driver\stm32f4xx_hal_dma_ex.o"
#        "E:\IAR
#        projects\STM32F4xx\w25qxx\HAL\EWARM\w25qxx\Obj\Drivers\STM32F4xx_HAL_Driver\stm32f4xx_hal_exti.o"
#        "E:\IAR
#        projects\STM32F4xx\w25qxx\HAL\EWARM\w25qxx\Obj\Drivers\STM32F4xx_HAL_Driver\stm32f4xx_hal_flash.o"
#        "E:\IAR
#        projects\STM32F4xx\w25qxx\HAL\EWARM\w25qxx\Obj\Drivers\STM32F4xx_HAL_Driver\stm32f4xx_hal_flash_ex.o"
#        "E:\IAR
#        projects\STM32F4xx\w25qxx\HAL\EWARM\w25qxx\Obj\Drivers\STM32F4xx_HAL_Driver\stm32f4xx_hal_flash_ramfunc.o"
#        "E:\IAR
#        projects\STM32F4xx\w25qxx\HAL\EWARM\w25qxx\Obj\Drivers\STM32F4xx_HAL_Driver\stm32f4xx_hal_gpio.o"
#        "E:\IAR
#        projects\STM32F4xx\w25qxx\HAL\EWARM\w25qxx\Obj\Application\User\Core\stm32f4xx_hal_msp.o"
#        "E:\IAR
#        projects\STM32F4xx\w25qxx\HAL\EWARM\w25qxx\Obj\Drivers\STM32F4xx_HAL_Driver\stm32f4xx_hal_pwr.o"
#        "E:\IAR
#        projects\STM32F4xx\w25qxx\HAL\EWARM\w25qxx\Obj\Drivers\STM32F4xx_HAL_Driver\stm32f4xx_hal_pwr_ex.o"
#        "E:\IAR
#        projects\STM32F4xx\w25qxx\HAL\EWARM\w25qxx\Obj\Drivers\STM32F4xx_HAL_Driver\stm32f4xx_hal_rcc.o"
#        "E:\IAR
#        projects\STM32F4xx\w25qxx\HAL\EWARM\w25qxx\Obj\Drivers\STM32F4xx_HAL_Driver\stm32f4xx_hal_rcc_ex.o"
#        "E:\IAR
#        projects\STM32F4xx\w25qxx\HAL\EWARM\w25qxx\Obj\Drivers\STM32F4xx_HAL_Driver\stm32f4xx_hal_spi.o"
#        "E:\IAR
#        projects\STM32F4xx\w25qxx\HAL\EWARM\w25qxx\Obj\Drivers\STM32F4xx_HAL_Driver\stm32f4xx_hal_tim.o"
#        "E:\IAR
#        projects\STM32F4xx\w25qxx\HAL\EWARM\w25qxx\Obj\Drivers\STM32F4xx_HAL_Driver\stm32f4xx_hal_tim_ex.o"
#        "E:\IAR
#        projects\STM32F4xx\w25qxx\HAL\EWARM\w25qxx\Obj\Application\User\Core\stm32f4xx_it.o"
#        "E:\IAR
#        projects\STM32F4xx\w25qxx\HAL\EWARM\w25qxx\Obj\Drivers\CMSIS\system_stm32f4xx.o"
#        "E:\IAR
#        projects\STM32F4xx\w25qxx\HAL\EWARM\w25qxx\Obj\w25qxx\w25qxx.o"
#        "E:\IAR
#        projects\STM32F4xx\w25qxx\HAL\EWARM\w25qxx\Obj\w25qxx\w25qxx_Interface.o"
#        --no_out_extension -o "E:\IAR
#        projects\STM32F4xx\w25qxx\HAL\EWARM\w25qxx\Exe\w25qxx.out" --redirect
#        _Printf=_PrintfFullNoMb --redirect _Scanf=_ScanfFullNoMb --map "E:\IAR
#        projects\STM32F4xx\w25qxx\HAL\EWARM\w25qxx\List\w25qxx.map" --config
#        "E:\IAR projects\STM32F4xx\w25qxx\HAL\EWARM/stm32f407xx_flash.icf"
#        --semihosting --entry __iar_program_start --vfe --text_out locale)
#
###############################################################################

*******************************************************************************
*** RUNTIME MODEL ATTRIBUTES
***

CppFlavor       = *
__CPP_Runtime   = 1
__SystemLibrary = DLib
__dlib_version  = 6


*******************************************************************************
*** HEAP SELECTION
***

The basic heap was selected because no calls to memory allocation
functions were found in the application outside of system library
functions, and there are calls to deallocation functions in the
application.


*******************************************************************************
*** PLACEMENT SUMMARY
***

"A0":  place at address 0x800'0000 { ro section .intvec };
"P1":  place in [from 0x800'0000 to 0x80f'ffff] { ro };
define block CSTACK with size = 1K, alignment = 8 { };
define block HEAP with size = 512, alignment = 8 { };
"P2":  place in [from 0x2000'0000 to 0x2001'ffff] {
          rw, block CSTACK, block HEAP };
initialize by copy { rw };

  Section            Kind         Address    Size  Object
  -------            ----         -------    ----  ------
"A0":                                       0x188
  .intvec            ro code   0x800'0000   0x188  startup_stm32f407xx.o [1]
                             - 0x800'0188   0x188

"P1":                                      0x1e0c
  .text              ro code   0x800'0188   0x7d0  stm32f4xx_hal_spi.o [4]
  .text              ro code   0x800'0958    0xc4  spi.o [2]
  .text              ro code   0x800'0a1c     0xc  stm32f4xx_hal.o [4]
  .text              ro code   0x800'0a28   0x16a  main.o [2]
  .text              ro code   0x800'0b92    0x14  memset.o [8]
  .text              ro code   0x800'0ba6    0x2a  copy_init3.o [8]
  .text              ro code   0x800'0bd0   0x224  stm32f4xx_hal_gpio.o [4]
  .text              ro code   0x800'0df4    0x34  stm32f4xx_hal.o [4]
  .text              ro code   0x800'0e28    0x88  gpio.o [2]
  .text              ro code   0x800'0eb0   0x3f0  w25qxx.o [5]
  .text              ro code   0x800'12a0    0x66  ABImemset.o [8]
  .text              ro code   0x800'1306    0x28  strncmp.o [6]
  .text              ro code   0x800'1330   0x3c4  stm32f4xx_hal_rcc.o [4]
  .text              ro code   0x800'16f4   0x154  stm32f4xx_hal_rcc.o [4]
  .text              ro code   0x800'1848   0x100  stm32f4xx_hal_cortex.o [4]
  .text              ro code   0x800'1948    0x4c  stm32f4xx_hal.o [4]
  .text              ro code   0x800'1994    0x40  stm32f4xx_hal_msp.o [2]
  .text              ro code   0x800'19d4    0x3c  w25qxx_Interface.o [5]
  .text              ro code   0x800'1a10    0x80  stm32f4xx_hal_rcc.o [4]
  .text              ro code   0x800'1a90   0x230  I64DivMod.o [8]
  .text              ro code   0x800'1cc0     0x2  I64DivZer.o [8]
  .text              ro code   0x800'1cc2    0x38  zero_init3.o [8]
  .text              ro code   0x800'1cfc    0x28  data_init.o [8]
  .text              ro code   0x800'1d24    0x22  fpinit_M.o [7]
  .iar.init_table    const     0x800'1d48    0x24  - Linker created -
  .text              ro code   0x800'1d6c    0x1e  cmain.o [8]
  .text              ro code   0x800'1d8a     0x4  low_level_init.o [6]
  .text              ro code   0x800'1d8e     0x4  exit.o [6]
  .text              ro code   0x800'1d94     0xa  cexit.o [8]
  .text              ro code   0x800'1da0    0x14  exit.o [9]
  .text              ro code   0x800'1db4    0x1c  cstartup_M.o [8]
  .text              ro code   0x800'1dd0    0x18  stm32f4xx_hal.o [4]
  .text              ro code   0x800'1de8    0x18  stm32f4xx_it.o [2]
  .rodata            const     0x800'1e00    0x14  main.o [2]
  .rodata            const     0x800'1e14    0x10  system_stm32f4xx.o [3]
  .text              ro code   0x800'1e24    0x10  startup_stm32f407xx.o [1]
  .text              ro code   0x800'1e34    0x10  system_stm32f4xx.o [3]
  Initializer bytes  const     0x800'1e44     0xc  <for P2-1>
  .text              ro code   0x800'1e50     0x4  startup_stm32f407xx.o [1]
  .text              ro code   0x800'1e54     0x4  startup_stm32f407xx.o [1]
  .text              ro code   0x800'1e58     0x4  startup_stm32f407xx.o [1]
  .text              ro code   0x800'1e5c     0x4  startup_stm32f407xx.o [1]
  .text              ro code   0x800'1e60     0x4  startup_stm32f407xx.o [1]
  .text              ro code   0x800'1e64     0x4  startup_stm32f407xx.o [1]
  .text              ro code   0x800'1e68     0x4  startup_stm32f407xx.o [1]
  .text              ro code   0x800'1e6c     0x4  startup_stm32f407xx.o [1]
  .text              ro code   0x800'1e70     0x4  startup_stm32f407xx.o [1]
  .text              ro code   0x800'1e74     0x4  startup_stm32f407xx.o [1]
  .text              ro code   0x800'1e78     0x4  startup_stm32f407xx.o [1]
  .text              ro code   0x800'1e7c     0x4  startup_stm32f407xx.o [1]
  .text              ro code   0x800'1e80     0x4  startup_stm32f407xx.o [1]
  .text              ro code   0x800'1e84     0x4  startup_stm32f407xx.o [1]
  .text              ro code   0x800'1e88     0x4  startup_stm32f407xx.o [1]
  .text              ro code   0x800'1e8c     0x4  startup_stm32f407xx.o [1]
  .text              ro code   0x800'1e90     0x4  startup_stm32f407xx.o [1]
  .text              ro code   0x800'1e94     0x4  startup_stm32f407xx.o [1]
  .text              ro code   0x800'1e98     0x4  startup_stm32f407xx.o [1]
  .text              ro code   0x800'1e9c     0x4  startup_stm32f407xx.o [1]
  .text              ro code   0x800'1ea0     0x4  startup_stm32f407xx.o [1]
  .text              ro code   0x800'1ea4     0x4  startup_stm32f407xx.o [1]
  .text              ro code   0x800'1ea8     0x4  startup_stm32f407xx.o [1]
  .text              ro code   0x800'1eac     0x4  startup_stm32f407xx.o [1]
  .text              ro code   0x800'1eb0     0x4  startup_stm32f407xx.o [1]
  .text              ro code   0x800'1eb4     0x4  startup_stm32f407xx.o [1]
  .text              ro code   0x800'1eb8     0x4  startup_stm32f407xx.o [1]
  .text              ro code   0x800'1ebc     0x4  startup_stm32f407xx.o [1]
  .text              ro code   0x800'1ec0     0x4  startup_stm32f407xx.o [1]
  .text              ro code   0x800'1ec4     0x4  startup_stm32f407xx.o [1]
  .text              ro code   0x800'1ec8     0x4  startup_stm32f407xx.o [1]
  .text              ro code   0x800'1ecc     0x4  startup_stm32f407xx.o [1]
  .text              ro code   0x800'1ed0     0x4  startup_stm32f407xx.o [1]
  .text              ro code   0x800'1ed4     0x4  startup_stm32f407xx.o [1]
  .text              ro code   0x800'1ed8     0x4  startup_stm32f407xx.o [1]
  .text              ro code   0x800'1edc     0x4  startup_stm32f407xx.o [1]
  .text              ro code   0x800'1ee0     0x4  startup_stm32f407xx.o [1]
  .text              ro code   0x800'1ee4     0x4  startup_stm32f407xx.o [1]
  .text              ro code   0x800'1ee8     0x4  startup_stm32f407xx.o [1]
  .text              ro code   0x800'1eec     0x4  startup_stm32f407xx.o [1]
  .text              ro code   0x800'1ef0     0x4  startup_stm32f407xx.o [1]
  .text              ro code   0x800'1ef4     0x4  startup_stm32f407xx.o [1]
  .text              ro code   0x800'1ef8     0x4  startup_stm32f407xx.o [1]
  .text              ro code   0x800'1efc     0x4  startup_stm32f407xx.o [1]
  .text              ro code   0x800'1f00     0x4  startup_stm32f407xx.o [1]
  .text              ro code   0x800'1f04     0x4  startup_stm32f407xx.o [1]
  .text              ro code   0x800'1f08     0x4  startup_stm32f407xx.o [1]
  .text              ro code   0x800'1f0c     0x4  startup_stm32f407xx.o [1]
  .text              ro code   0x800'1f10     0x4  startup_stm32f407xx.o [1]
  .text              ro code   0x800'1f14     0x4  startup_stm32f407xx.o [1]
  .text              ro code   0x800'1f18     0x4  startup_stm32f407xx.o [1]
  .text              ro code   0x800'1f1c     0x4  startup_stm32f407xx.o [1]
  .text              ro code   0x800'1f20     0x4  startup_stm32f407xx.o [1]
  .text              ro code   0x800'1f24     0x4  startup_stm32f407xx.o [1]
  .text              ro code   0x800'1f28     0x4  startup_stm32f407xx.o [1]
  .text              ro code   0x800'1f2c     0x4  startup_stm32f407xx.o [1]
  .text              ro code   0x800'1f30     0x4  startup_stm32f407xx.o [1]
  .text              ro code   0x800'1f34     0x4  startup_stm32f407xx.o [1]
  .text              ro code   0x800'1f38     0x4  startup_stm32f407xx.o [1]
  .text              ro code   0x800'1f3c     0x4  startup_stm32f407xx.o [1]
  .text              ro code   0x800'1f40     0x4  startup_stm32f407xx.o [1]
  .text              ro code   0x800'1f44     0x4  startup_stm32f407xx.o [1]
  .text              ro code   0x800'1f48     0x4  startup_stm32f407xx.o [1]
  .text              ro code   0x800'1f4c     0x4  startup_stm32f407xx.o [1]
  .text              ro code   0x800'1f50     0x4  startup_stm32f407xx.o [1]
  .text              ro code   0x800'1f54     0x4  startup_stm32f407xx.o [1]
  .text              ro code   0x800'1f58     0x4  startup_stm32f407xx.o [1]
  .text              ro code   0x800'1f5c     0x4  startup_stm32f407xx.o [1]
  .text              ro code   0x800'1f60     0x4  startup_stm32f407xx.o [1]
  .text              ro code   0x800'1f64     0x4  startup_stm32f407xx.o [1]
  .text              ro code   0x800'1f68     0x4  startup_stm32f407xx.o [1]
  .text              ro code   0x800'1f6c     0x4  startup_stm32f407xx.o [1]
  .text              ro code   0x800'1f70     0x4  startup_stm32f407xx.o [1]
  .text              ro code   0x800'1f74     0x4  startup_stm32f407xx.o [1]
  .text              ro code   0x800'1f78     0x4  startup_stm32f407xx.o [1]
  .text              ro code   0x800'1f7c     0x4  startup_stm32f407xx.o [1]
  .text              ro code   0x800'1f80     0x4  startup_stm32f407xx.o [1]
  .text              ro code   0x800'1f84     0x4  startup_stm32f407xx.o [1]
  .text              ro code   0x800'1f88     0x4  startup_stm32f407xx.o [1]
  .text              ro code   0x800'1f8c     0x4  startup_stm32f407xx.o [1]
  .text              ro code   0x800'1f90     0x4  startup_stm32f407xx.o [1]
  .rodata            const     0x800'1f94     0x0  zero_init3.o [8]
  .rodata            const     0x800'1f94     0x0  copy_init3.o [8]
                             - 0x800'1f94  0x1e0c

"P2", part 1 of 3:                            0xc
  P2-1                        0x2000'0000     0x9  <Init block>
    .data            inited   0x2000'0000     0x4  stm32f4xx_hal.o [4]
    .data            inited   0x2000'0004     0x4  system_stm32f4xx.o [3]
    .data            inited   0x2000'0008     0x1  stm32f4xx_hal.o [4]
                            - 0x2000'0009     0x9

"P2", part 2 of 3:                           0x88
  .bss               zero     0x2000'000c    0x58  spi.o [2]
  .bss               zero     0x2000'0064    0x18  main.o [2]
  .bss               zero     0x2000'007c    0x14  main.o [2]
  .bss               zero     0x2000'0090     0x4  stm32f4xx_hal.o [4]
                            - 0x2000'0094    0x88

"P2", part 3 of 3:                          0x400
  CSTACK                      0x2000'0098   0x400  <Block>
    CSTACK           uninit   0x2000'0098   0x400  <Block tail>
                            - 0x2000'0498   0x400

Unused ranges:

         From           To      Size
         ----           --      ----
   0x800'1f94   0x80f'ffff  0xf'e06c
  0x2000'0094  0x2000'0097       0x4
  0x2000'0498  0x2001'ffff  0x1'fb68


*******************************************************************************
*** INIT TABLE
***

          Address      Size
          -------      ----
Zero (__iar_zero_init3)
    1 destination range, total size 0x88:
          0x2000'000c  0x88

Copy (__iar_copy_init3)
    1 source range, total size 0xc (133% of destination):
           0x800'1e44   0xc
    1 destination range, total size 0x9:
          0x2000'0000   0x9



*******************************************************************************
*** MODULE SUMMARY
***

    Module                  ro code  ro data  rw data
    ------                  -------  -------  -------
command line/config:
    -------------------------------------------------
    Total:

E:\IAR projects\STM32F4xx\w25qxx\HAL\EWARM\w25qxx\Obj\Application\EWARM: [1]
    startup_stm32f407xx.o       732
    -------------------------------------------------
    Total:                      732

E:\IAR projects\STM32F4xx\w25qxx\HAL\EWARM\w25qxx\Obj\Application\User\Core: [2]
    gpio.o                      136
    main.o                      362       20       44
    spi.o                       196                88
    stm32f4xx_hal_msp.o          64
    stm32f4xx_it.o               24
    -------------------------------------------------
    Total:                      782       20      132

E:\IAR projects\STM32F4xx\w25qxx\HAL\EWARM\w25qxx\Obj\Drivers\CMSIS: [3]
    system_stm32f4xx.o           16       20        4
    -------------------------------------------------
    Total:                       16       20        4

E:\IAR projects\STM32F4xx\w25qxx\HAL\EWARM\w25qxx\Obj\Drivers\STM32F4xx_HAL_Driver: [4]
    stm32f4xx_hal.o             164        5        9
    stm32f4xx_hal_cortex.o      256
    stm32f4xx_hal_gpio.o        548
    stm32f4xx_hal_rcc.o       1'432
    stm32f4xx_hal_spi.o       2'000
    -------------------------------------------------
    Total:                    4'400        5        9

E:\IAR projects\STM32F4xx\w25qxx\HAL\EWARM\w25qxx\Obj\w25qxx: [5]
    w25qxx.o                  1'008
    w25qxx_Interface.o           60
    -------------------------------------------------
    Total:                    1'068

dl7M_tlf.a: [6]
    exit.o                        4
    low_level_init.o              4
    strncmp.o                    40
    -------------------------------------------------
    Total:                       48

m7M_tls.a: [7]
    fpinit_M.o                   34
    -------------------------------------------------
    Total:                       34

rt7M_tl.a: [8]
    ABImemset.o                 102
    I64DivMod.o                 560
    I64DivZer.o                   2
    cexit.o                      10
    cmain.o                      30
    copy_init3.o                 42
    cstartup_M.o                 28
    data_init.o                  40
    memset.o                     20
    zero_init3.o                 56
    -------------------------------------------------
    Total:                      890

shb_l.a: [9]
    exit.o                       20
    -------------------------------------------------
    Total:                       20

    Gaps                          8        2
    Linker created                        39    1'024
-----------------------------------------------------
    Grand Total:              7'998       86    1'169


*******************************************************************************
*** ENTRY LIST
***

Entry                       Address   Size  Type      Object
-----                       -------   ----  ----      ------
.iar.init_table$$Base    0x800'1d48          --   Gb  - Linker created -
.iar.init_table$$Limit   0x800'1d6c          --   Gb  - Linker created -
?main                    0x800'1d6d         Code  Gb  cmain.o [8]
AHBPrescTable            0x800'1e14   0x10  Data  Gb  system_stm32f4xx.o [3]
BusFault_Handler         0x800'1def    0x2  Code  Gb  stm32f4xx_it.o [2]
CSTACK$$Base            0x2000'0098          --   Gb  - Linker created -
CSTACK$$Limit           0x2000'0498          --   Gb  - Linker created -
DebugMon_Handler         0x800'1df5    0x2  Code  Gb  stm32f4xx_it.o [2]
Error_Handler            0x800'0b8f    0x4  Code  Gb  main.o [2]
HAL_Delay                0x800'0b79   0x16  Code  Gb  main.o [2]
HAL_GPIO_Init            0x800'0bd1  0x1d6  Code  Gb  stm32f4xx_hal_gpio.o [4]
HAL_GPIO_WritePin        0x800'0da7   0x14  Code  Gb  stm32f4xx_hal_gpio.o [4]
HAL_GetTick              0x800'0a1d    0xc  Code  Wk  stm32f4xx_hal.o [4]
HAL_IncTick              0x800'1dd1   0x18  Code  Wk  stm32f4xx_hal.o [4]
HAL_Init                 0x800'0df5   0x30  Code  Gb  stm32f4xx_hal.o [4]
HAL_InitTick             0x800'1949   0x4c  Code  Wk  stm32f4xx_hal.o [4]
HAL_MspInit              0x800'1995   0x40  Code  Gb  stm32f4xx_hal_msp.o [2]
HAL_NVIC_SetPriority     0x800'1903   0x22  Code  Gb  stm32f4xx_hal_cortex.o [4]
HAL_NVIC_SetPriorityGrouping
                         0x800'18fb    0x8  Code  Gb  stm32f4xx_hal_cortex.o [4]
HAL_RCC_ClockConfig      0x800'16f5  0x13a  Code  Gb  stm32f4xx_hal_rcc.o [4]
HAL_RCC_OscConfig        0x800'1331  0x3c4  Code  Wk  stm32f4xx_hal_rcc.o [4]
HAL_SPI_Init             0x800'0189   0xce  Code  Gb  stm32f4xx_hal_spi.o [4]
HAL_SPI_MspInit          0x800'099f   0x68  Code  Gb  spi.o [2]
HAL_SPI_Receive          0x800'0401  0x172  Code  Gb  stm32f4xx_hal_spi.o [4]
HAL_SPI_Transmit         0x800'0257  0x1aa  Code  Gb  stm32f4xx_hal_spi.o [4]
HAL_SPI_TransmitReceive
                         0x800'0573  0x21e  Code  Gb  stm32f4xx_hal_spi.o [4]
HAL_SYSTICK_Config       0x800'1925    0x8  Code  Gb  stm32f4xx_hal_cortex.o [4]
HardFault_Handler        0x800'1deb    0x2  Code  Gb  stm32f4xx_it.o [2]
IS_Busy                  0x800'123b   0x14  Code  Gb  w25qxx.o [5]
MX_GPIO_Init             0x800'0e29   0x88  Code  Gb  gpio.o [2]
MX_SPI1_Init             0x800'0959   0x46  Code  Gb  spi.o [2]
MemManage_Handler        0x800'1ded    0x2  Code  Gb  stm32f4xx_it.o [2]
NMI_Handler              0x800'1de9    0x2  Code  Gb  stm32f4xx_it.o [2]
NVIC_EncodePriority      0x800'1891   0x3c  Code  Lc  stm32f4xx_hal_cortex.o [4]
PendSV_Handler           0x800'1df7    0x2  Code  Gb  stm32f4xx_it.o [2]
Region$$Table$$Base      0x800'1d48          --   Gb  - Linker created -
Region$$Table$$Limit     0x800'1d6c          --   Gb  - Linker created -
SPI_EndRxTransaction     0x800'0863   0x92  Code  Lc  stm32f4xx_hal_spi.o [4]
SPI_EndRxTxTransaction   0x800'08f5   0x5a  Code  Lc  stm32f4xx_hal_spi.o [4]
SPI_WaitFlagStateUntilTimeout
                         0x800'0791   0xd2  Code  Lc  stm32f4xx_hal_spi.o [4]
SVC_Handler              0x800'1df3    0x2  Code  Gb  stm32f4xx_it.o [2]
SysTick_Config           0x800'18cd   0x2e  Code  Lc  stm32f4xx_hal_cortex.o [4]
SysTick_Handler          0x800'1df9    0x8  Code  Gb  stm32f4xx_it.o [2]
SystemClock_Config       0x800'0ab1   0xaa  Code  Gb  main.o [2]
SystemCoreClock         0x2000'0004    0x4  Data  Gb  system_stm32f4xx.o [3]
SystemInit               0x800'1e35    0xc  Code  Gb  system_stm32f4xx.o [3]
UsageFault_Handler       0x800'1df1    0x2  Code  Gb  stm32f4xx_it.o [2]
__NVIC_GetPriorityGrouping
                         0x800'1863    0xa  Code  Lc  stm32f4xx_hal_cortex.o [4]
__NVIC_SetPriority       0x800'186d   0x24  Code  Lc  stm32f4xx_hal_cortex.o [4]
__NVIC_SetPriorityGrouping
                         0x800'1849   0x1a  Code  Lc  stm32f4xx_hal_cortex.o [4]
__aeabi_ldiv0            0x800'1cc1         Code  Gb  I64DivZer.o [8]
__aeabi_memset           0x800'12a1         Code  Gb  ABImemset.o [8]
__aeabi_uldivmod         0x800'1a91         Code  Gb  I64DivMod.o [8]
__cmain                  0x800'1d6d         Code  Gb  cmain.o [8]
__exit                   0x800'1da1   0x14  Code  Gb  exit.o [9]
__iar_Memset             0x800'12a1         Code  Gb  ABImemset.o [8]
__iar_Memset_word        0x800'12a9         Code  Gb  ABImemset.o [8]
__iar_copy_init3         0x800'0ba7   0x2a  Code  Gb  copy_init3.o [8]
__iar_data_init3         0x800'1cfd   0x28  Code  Gb  data_init.o [8]
__iar_init_vfp           0x800'1d25         Code  Gb  fpinit_M.o [7]
__iar_program_start      0x800'1db5         Code  Gb  cstartup_M.o [8]
__iar_zero_init3         0x800'1cc3   0x38  Code  Gb  zero_init3.o [8]
__low_level_init         0x800'1d8b    0x4  Code  Gb  low_level_init.o [6]
__vector_table           0x800'0000         Data  Gb  startup_stm32f407xx.o [1]
_call_main               0x800'1d79         Code  Gb  cmain.o [8]
_exit                    0x800'1d95         Code  Gb  cexit.o [8]
bufferRead              0x2000'007c   0x14  Data  Gb  main.o [2]
bufferWrite              0x800'1e00   0x14  Data  Gb  main.o [2]
exit                     0x800'1d8f    0x4  Code  Gb  exit.o [6]
hspi1                   0x2000'000c   0x58  Data  Gb  spi.o [2]
main                     0x800'0a29   0x88  Code  Gb  main.o [2]
memset                   0x800'0b93   0x14  Code  Gb  memset.o [8]
strncmp                  0x800'1307   0x28  Code  Gb  strncmp.o [6]
uwTick                  0x2000'0090    0x4  Data  Gb  stm32f4xx_hal.o [4]
uwTickFreq              0x2000'0008    0x1  Data  Gb  stm32f4xx_hal.o [4]
uwTickPrio              0x2000'0000    0x4  Data  Gb  stm32f4xx_hal.o [4]
w25qxx_Delay             0x800'1a09    0x8  Code  Gb  w25qxx_Interface.o [5]
w25qxx_Handle           0x2000'0064   0x18  Data  Gb  main.o [2]
w25qxx_Init              0x800'0eb1   0xf6  Code  Gb  w25qxx.o [5]
w25qxx_Read              0x800'1079   0xa2  Code  Gb  w25qxx.o [5]
w25qxx_ReadID            0x800'11cd   0x6e  Code  Gb  w25qxx.o [5]
w25qxx_ReadStatus        0x800'111b   0xb2  Code  Gb  w25qxx.o [5]
w25qxx_SPI_Receive       0x800'19eb   0x16  Code  Gb  w25qxx_Interface.o [5]
w25qxx_SPI_Transmit      0x800'19d5   0x16  Code  Gb  w25qxx_Interface.o [5]
w25qxx_WaitWithTimeout   0x800'124f   0x24  Code  Gb  w25qxx.o [5]
w25qxx_Write             0x800'0fa7   0xd2  Code  Gb  w25qxx.o [5]
w25qxx_WriteEnable       0x800'1273   0x2e  Code  Gb  w25qxx.o [5]


[1] = E:\IAR projects\STM32F4xx\w25qxx\HAL\EWARM\w25qxx\Obj\Application\EWARM
[2] = E:\IAR projects\STM32F4xx\w25qxx\HAL\EWARM\w25qxx\Obj\Application\User\Core
[3] = E:\IAR projects\STM32F4xx\w25qxx\HAL\EWARM\w25qxx\Obj\Drivers\CMSIS
[4] = E:\IAR projects\STM32F4xx\w25qxx\HAL\EWARM\w25qxx\Obj\Drivers\STM32F4xx_HAL_Driver
[5] = E:\IAR projects\STM32F4xx\w25qxx\HAL\EWARM\w25qxx\Obj\w25qxx
[6] = dl7M_tlf.a
[7] = m7M_tls.a
[8] = rt7M_tl.a
[9] = shb_l.a

  7'998 bytes of readonly  code memory
     86 bytes of readonly  data memory
  1'169 bytes of readwrite data memory

Errors: none
Warnings: none
