###############################################################################
#
# IAR ELF Linker V9.40.1.364/W64 for ARM                  29/Jan/2024  17:13:36
# Copyright 2007-2023 IAR Systems AB.
#
#    Output file  =
#        E:\IAR
#        projects\STM32F4xx\w25qxx\Examples\STM32F401CDU6\EWARM\extFlashDemo\Exe\extFlashDemo.out
#    Map file     =
#        E:\IAR
#        projects\STM32F4xx\w25qxx\Examples\STM32F401CDU6\EWARM\extFlashDemo\List\extFlashDemo.map
#    Command line =
#        -f "E:\IAR
#        projects\STM32F4xx\w25qxx\Examples\STM32F401CDU6\EWARM\extFlashDemo\Exe\extFlashDemo.out.rsp"
#        ("E:\IAR
#        projects\STM32F4xx\w25qxx\Examples\STM32F401CDU6\EWARM\extFlashDemo\Obj\Core_13247989168731456611.dir\gpio.o"
#        "E:\IAR
#        projects\STM32F4xx\w25qxx\Examples\STM32F401CDU6\EWARM\extFlashDemo\Obj\Core_13247989168731456611.dir\main.o"
#        "E:\IAR
#        projects\STM32F4xx\w25qxx\Examples\STM32F401CDU6\EWARM\extFlashDemo\Obj\Core_13247989168731456611.dir\spi.o"
#        "E:\IAR
#        projects\STM32F4xx\w25qxx\Examples\STM32F401CDU6\EWARM\extFlashDemo\Obj\EWARM_18443280873093131863.dir\startup_stm32f401xe.o"
#        "E:\IAR
#        projects\STM32F4xx\w25qxx\Examples\STM32F401CDU6\EWARM\extFlashDemo\Obj\STM32F4xx_HAL_Driver_1244631019742807970.dir\stm32f4xx_hal.o"
#        "E:\IAR
#        projects\STM32F4xx\w25qxx\Examples\STM32F401CDU6\EWARM\extFlashDemo\Obj\STM32F4xx_HAL_Driver_1244631019742807970.dir\stm32f4xx_hal_cortex.o"
#        "E:\IAR
#        projects\STM32F4xx\w25qxx\Examples\STM32F401CDU6\EWARM\extFlashDemo\Obj\STM32F4xx_HAL_Driver_1244631019742807970.dir\stm32f4xx_hal_dma.o"
#        "E:\IAR
#        projects\STM32F4xx\w25qxx\Examples\STM32F401CDU6\EWARM\extFlashDemo\Obj\STM32F4xx_HAL_Driver_1244631019742807970.dir\stm32f4xx_hal_dma_ex.o"
#        "E:\IAR
#        projects\STM32F4xx\w25qxx\Examples\STM32F401CDU6\EWARM\extFlashDemo\Obj\STM32F4xx_HAL_Driver_1244631019742807970.dir\stm32f4xx_hal_exti.o"
#        "E:\IAR
#        projects\STM32F4xx\w25qxx\Examples\STM32F401CDU6\EWARM\extFlashDemo\Obj\STM32F4xx_HAL_Driver_1244631019742807970.dir\stm32f4xx_hal_flash.o"
#        "E:\IAR
#        projects\STM32F4xx\w25qxx\Examples\STM32F401CDU6\EWARM\extFlashDemo\Obj\STM32F4xx_HAL_Driver_1244631019742807970.dir\stm32f4xx_hal_flash_ex.o"
#        "E:\IAR
#        projects\STM32F4xx\w25qxx\Examples\STM32F401CDU6\EWARM\extFlashDemo\Obj\STM32F4xx_HAL_Driver_1244631019742807970.dir\stm32f4xx_hal_flash_ramfunc.o"
#        "E:\IAR
#        projects\STM32F4xx\w25qxx\Examples\STM32F401CDU6\EWARM\extFlashDemo\Obj\STM32F4xx_HAL_Driver_1244631019742807970.dir\stm32f4xx_hal_gpio.o"
#        "E:\IAR
#        projects\STM32F4xx\w25qxx\Examples\STM32F401CDU6\EWARM\extFlashDemo\Obj\Core_13247989168731456611.dir\stm32f4xx_hal_msp.o"
#        "E:\IAR
#        projects\STM32F4xx\w25qxx\Examples\STM32F401CDU6\EWARM\extFlashDemo\Obj\STM32F4xx_HAL_Driver_1244631019742807970.dir\stm32f4xx_hal_pwr.o"
#        "E:\IAR
#        projects\STM32F4xx\w25qxx\Examples\STM32F401CDU6\EWARM\extFlashDemo\Obj\STM32F4xx_HAL_Driver_1244631019742807970.dir\stm32f4xx_hal_pwr_ex.o"
#        "E:\IAR
#        projects\STM32F4xx\w25qxx\Examples\STM32F401CDU6\EWARM\extFlashDemo\Obj\STM32F4xx_HAL_Driver_1244631019742807970.dir\stm32f4xx_hal_rcc.o"
#        "E:\IAR
#        projects\STM32F4xx\w25qxx\Examples\STM32F401CDU6\EWARM\extFlashDemo\Obj\STM32F4xx_HAL_Driver_1244631019742807970.dir\stm32f4xx_hal_rcc_ex.o"
#        "E:\IAR
#        projects\STM32F4xx\w25qxx\Examples\STM32F401CDU6\EWARM\extFlashDemo\Obj\STM32F4xx_HAL_Driver_1244631019742807970.dir\stm32f4xx_hal_spi.o"
#        "E:\IAR
#        projects\STM32F4xx\w25qxx\Examples\STM32F401CDU6\EWARM\extFlashDemo\Obj\STM32F4xx_HAL_Driver_1244631019742807970.dir\stm32f4xx_hal_tim.o"
#        "E:\IAR
#        projects\STM32F4xx\w25qxx\Examples\STM32F401CDU6\EWARM\extFlashDemo\Obj\STM32F4xx_HAL_Driver_1244631019742807970.dir\stm32f4xx_hal_tim_ex.o"
#        "E:\IAR
#        projects\STM32F4xx\w25qxx\Examples\STM32F401CDU6\EWARM\extFlashDemo\Obj\STM32F4xx_HAL_Driver_1244631019742807970.dir\stm32f4xx_hal_uart.o"
#        "E:\IAR
#        projects\STM32F4xx\w25qxx\Examples\STM32F401CDU6\EWARM\extFlashDemo\Obj\Core_13247989168731456611.dir\stm32f4xx_it.o"
#        "E:\IAR
#        projects\STM32F4xx\w25qxx\Examples\STM32F401CDU6\EWARM\extFlashDemo\Obj\CMSIS_6603591812247902717.dir\system_stm32f4xx.o"
#        "E:\IAR
#        projects\STM32F4xx\w25qxx\Examples\STM32F401CDU6\EWARM\extFlashDemo\Obj\Core_13247989168731456611.dir\usart.o"
#        "E:\IAR
#        projects\STM32F4xx\w25qxx\Examples\STM32F401CDU6\EWARM\extFlashDemo\Obj\w25qxx_12202358171051320134.dir\w25qxx.o"
#        "E:\IAR
#        projects\STM32F4xx\w25qxx\Examples\STM32F401CDU6\EWARM\extFlashDemo\Obj\w25qxx_12202358171051320134.dir\w25qxx_Interface.o"
#        --no_out_extension -o "E:\IAR
#        projects\STM32F4xx\w25qxx\Examples\STM32F401CDU6\EWARM\extFlashDemo\Exe\extFlashDemo.out"
#        --redirect _Printf=_PrintfFullNoMb --redirect _Scanf=_ScanfFullNoMb
#        --map "E:\IAR
#        projects\STM32F4xx\w25qxx\Examples\STM32F401CDU6\EWARM\extFlashDemo\List\extFlashDemo.map"
#        --config "E:\IAR
#        projects\STM32F4xx\w25qxx\Examples\STM32F401CDU6\EWARM/stm32f401xe_flash.icf"
#        --semihosting --entry __iar_program_start --vfe --text_out locale
#        --cpu=Cortex-M4 --fpu=VFPv4_sp) --dependencies=n "E:\IAR
#        projects\STM32F4xx\w25qxx\Examples\STM32F401CDU6\EWARM\extFlashDemo\Exe\extFlashDemo.out.iar_deps"
#
###############################################################################

*******************************************************************************
*** RUNTIME MODEL ATTRIBUTES
***

CppFlavor       = *
__CPP_Runtime   = 1
__SystemLibrary = DLib
__dlib_version  = 6


*******************************************************************************
*** HEAP SELECTION
***

The basic heap was selected because --advanced_heap
was not specified and the application did not appear to
be primarily optimized for speed.


*******************************************************************************
*** PLACEMENT SUMMARY
***

"A0":  place at address 0x800'0000 { ro section .intvec };
"P1":  place in [from 0x800'0000 to 0x807'ffff] { ro };
define block CSTACK with size = 1K, alignment = 8 { };
define block HEAP with size = 512, alignment = 8 { };
"P2":  place in [from 0x2000'0000 to 0x2001'7fff] {
          rw, block CSTACK, block HEAP };
initialize by copy { rw };

  Section            Kind         Address    Size  Object
  -------            ----         -------    ----  ------
"A0":                                       0x194
  .intvec            ro code   0x800'0000   0x194  startup_stm32f401xe.o [3]
                             - 0x800'0194   0x194

"P1":                                      0x2548
  .text              ro code   0x800'0194   0x78c  w25qxx.o [5]
  .text              ro code   0x800'0920     0x6  ABImemclr4.o [8]
  .text              ro code   0x800'0926    0x2a  copy_init3.o [8]
  .text              ro code   0x800'0950    0x1e  memcmp_small.o [8]
  .text              ro code   0x800'0970    0x18  ABImemcpy_small.o [8]
  .text              ro code   0x800'0988    0x32  ABImemset48.o [8]
  .text              ro code   0x800'09bc   0x6e0  stm32f4xx_hal_spi.o [4]
  .text              ro code   0x800'109c    0xb0  spi.o [2]
  .text              ro code   0x800'114c     0xc  stm32f4xx_hal.o [4]
  .text              ro code   0x800'1158   0x488  main.o [2]
  .text              ro code   0x800'15e0    0x14  memset.o [8]
  .text              ro code   0x800'15f4   0x1e0  stm32f4xx_hal_gpio.o [4]
  .text              ro code   0x800'17d4    0x14  strlen_small.o [8]
  .text              ro code   0x800'17e8   0x2e4  stm32f4xx_hal_uart.o [4]
  .text              ro code   0x800'1acc    0x34  stm32f4xx_hal.o [4]
  .text              ro code   0x800'1b00    0x80  gpio.o [2]
  .text              ro code   0x800'1b80    0xa4  usart.o [2]
  .text              ro code   0x800'1c24   0x320  stm32f4xx_hal_rcc.o [4]
  .text              ro code   0x800'1f44   0x14c  stm32f4xx_hal_rcc.o [4]
  .text              ro code   0x800'2090    0x66  ABImemset.o [8]
  .text              ro code   0x800'20f8   0x106  I64DivMod_small.o [8]
  .text              ro code   0x800'2200    0xac  stm32f4xx_hal_cortex.o [4]
  .text              ro code   0x800'22ac    0x40  stm32f4xx_hal.o [4]
  .text              ro code   0x800'22ec    0x38  stm32f4xx_hal_msp.o [2]
  .text              ro code   0x800'2324    0x60  stm32f4xx_hal_rcc.o [4]
  .text              ro code   0x800'2384     0x2  I64DivZer.o [8]
  .rodata            const     0x800'2388    0x94  main.o [2]
  .text              ro code   0x800'241c    0x68  w25qxx_Interface.o [5]
  .text              ro code   0x800'2484    0x38  zero_init3.o [8]
  .text              ro code   0x800'24bc    0x28  data_init.o [8]
  .text              ro code   0x800'24e4    0x22  fpinit_M.o [7]
  .iar.init_table    const     0x800'2508    0x24  - Linker created -
  .text              ro code   0x800'252c    0x20  system_stm32f4xx.o [1]
  .text              ro code   0x800'254c    0x1e  cmain.o [8]
  .text              ro code   0x800'256a     0x4  low_level_init.o [6]
  .text              ro code   0x800'256e     0x4  exit.o [6]
  .text              ro code   0x800'2574     0xa  cexit.o [8]
  .text              ro code   0x800'2580    0x14  exit.o [9]
  .text              ro code   0x800'2594    0x1c  cstartup_M.o [8]
  .text              ro code   0x800'25b0    0x14  stm32f4xx_it.o [2]
  .text              ro code   0x800'25c4    0x10  stm32f4xx_hal.o [4]
  .text              ro code   0x800'25d4    0x10  startup_stm32f401xe.o [3]
  Initializer bytes  const     0x800'25e4    0x10  <for P2-1>
  .rodata            const     0x800'25f4     0x8  system_stm32f4xx.o [1]
  .text              ro code   0x800'25fc     0x4  startup_stm32f401xe.o [3]
  .text              ro code   0x800'2600     0x4  startup_stm32f401xe.o [3]
  .text              ro code   0x800'2604     0x4  startup_stm32f401xe.o [3]
  .text              ro code   0x800'2608     0x4  startup_stm32f401xe.o [3]
  .text              ro code   0x800'260c     0x4  startup_stm32f401xe.o [3]
  .text              ro code   0x800'2610     0x4  startup_stm32f401xe.o [3]
  .text              ro code   0x800'2614     0x4  startup_stm32f401xe.o [3]
  .text              ro code   0x800'2618     0x4  startup_stm32f401xe.o [3]
  .text              ro code   0x800'261c     0x4  startup_stm32f401xe.o [3]
  .text              ro code   0x800'2620     0x4  startup_stm32f401xe.o [3]
  .text              ro code   0x800'2624     0x4  startup_stm32f401xe.o [3]
  .text              ro code   0x800'2628     0x4  startup_stm32f401xe.o [3]
  .text              ro code   0x800'262c     0x4  startup_stm32f401xe.o [3]
  .text              ro code   0x800'2630     0x4  startup_stm32f401xe.o [3]
  .text              ro code   0x800'2634     0x4  startup_stm32f401xe.o [3]
  .text              ro code   0x800'2638     0x4  startup_stm32f401xe.o [3]
  .text              ro code   0x800'263c     0x4  startup_stm32f401xe.o [3]
  .text              ro code   0x800'2640     0x4  startup_stm32f401xe.o [3]
  .text              ro code   0x800'2644     0x4  startup_stm32f401xe.o [3]
  .text              ro code   0x800'2648     0x4  startup_stm32f401xe.o [3]
  .text              ro code   0x800'264c     0x4  startup_stm32f401xe.o [3]
  .text              ro code   0x800'2650     0x4  startup_stm32f401xe.o [3]
  .text              ro code   0x800'2654     0x4  startup_stm32f401xe.o [3]
  .text              ro code   0x800'2658     0x4  startup_stm32f401xe.o [3]
  .text              ro code   0x800'265c     0x4  startup_stm32f401xe.o [3]
  .text              ro code   0x800'2660     0x4  startup_stm32f401xe.o [3]
  .text              ro code   0x800'2664     0x4  startup_stm32f401xe.o [3]
  .text              ro code   0x800'2668     0x4  startup_stm32f401xe.o [3]
  .text              ro code   0x800'266c     0x4  startup_stm32f401xe.o [3]
  .text              ro code   0x800'2670     0x4  startup_stm32f401xe.o [3]
  .text              ro code   0x800'2674     0x4  startup_stm32f401xe.o [3]
  .text              ro code   0x800'2678     0x4  startup_stm32f401xe.o [3]
  .text              ro code   0x800'267c     0x4  startup_stm32f401xe.o [3]
  .text              ro code   0x800'2680     0x4  startup_stm32f401xe.o [3]
  .text              ro code   0x800'2684     0x4  startup_stm32f401xe.o [3]
  .text              ro code   0x800'2688     0x4  startup_stm32f401xe.o [3]
  .text              ro code   0x800'268c     0x4  startup_stm32f401xe.o [3]
  .text              ro code   0x800'2690     0x4  startup_stm32f401xe.o [3]
  .text              ro code   0x800'2694     0x4  startup_stm32f401xe.o [3]
  .text              ro code   0x800'2698     0x4  startup_stm32f401xe.o [3]
  .text              ro code   0x800'269c     0x4  startup_stm32f401xe.o [3]
  .text              ro code   0x800'26a0     0x4  startup_stm32f401xe.o [3]
  .text              ro code   0x800'26a4     0x4  startup_stm32f401xe.o [3]
  .text              ro code   0x800'26a8     0x4  startup_stm32f401xe.o [3]
  .text              ro code   0x800'26ac     0x4  startup_stm32f401xe.o [3]
  .text              ro code   0x800'26b0     0x4  startup_stm32f401xe.o [3]
  .text              ro code   0x800'26b4     0x4  startup_stm32f401xe.o [3]
  .text              ro code   0x800'26b8     0x4  startup_stm32f401xe.o [3]
  .text              ro code   0x800'26bc     0x4  startup_stm32f401xe.o [3]
  .text              ro code   0x800'26c0     0x4  startup_stm32f401xe.o [3]
  .text              ro code   0x800'26c4     0x4  startup_stm32f401xe.o [3]
  .text              ro code   0x800'26c8     0x4  startup_stm32f401xe.o [3]
  .text              ro code   0x800'26cc     0x4  startup_stm32f401xe.o [3]
  .text              ro code   0x800'26d0     0x4  startup_stm32f401xe.o [3]
  .text              ro code   0x800'26d4     0x4  startup_stm32f401xe.o [3]
  .text              ro code   0x800'26d8     0x4  startup_stm32f401xe.o [3]
  .rodata            const     0x800'26dc     0x0  zero_init3.o [8]
  .rodata            const     0x800'26dc     0x0  copy_init3.o [8]
                             - 0x800'26dc  0x2548

"P2", part 1 of 3:                           0x10
  P2-1                        0x2000'0000    0x10  <Init block>
    .data            inited   0x2000'0000     0xc  stm32f4xx_hal.o [4]
    .data            inited   0x2000'000c     0x4  system_stm32f4xx.o [1]
                            - 0x2000'0010    0x10

"P2", part 2 of 3:                          0x1dc
  .bss               zero     0x2000'0010   0x124  main.o [2]
  .bss               zero     0x2000'0134    0x58  spi.o [2]
  .bss               zero     0x2000'018c    0x48  usart.o [2]
  .bss               zero     0x2000'01d4    0x18  main.o [2]
                            - 0x2000'01ec   0x1dc

"P2", part 3 of 3:                          0x400
  CSTACK                      0x2000'01f0   0x400  <Block>
    CSTACK           uninit   0x2000'01f0   0x400  <Block tail>
                            - 0x2000'05f0   0x400

Unused ranges:

         From           To      Size
         ----           --      ----
   0x800'26dc   0x807'ffff  0x7'd924
  0x2000'01ec  0x2000'01ef       0x4
  0x2000'05f0  0x2001'7fff  0x1'7a10


*******************************************************************************
*** INIT TABLE
***

          Address      Size
          -------      ----
Zero (__iar_zero_init3)
    1 destination range, total size 0x1dc:
          0x2000'0010  0x1dc

Copy (__iar_copy_init3)
    1 source range, total size 0x10:
           0x800'25e4   0x10
    1 destination range, total size 0x10:
          0x2000'0000   0x10



*******************************************************************************
*** MODULE SUMMARY
***

    Module                  ro code  ro data  rw data
    ------                  -------  -------  -------
command line/config:
    -------------------------------------------------
    Total:

E:\IAR projects\STM32F4xx\w25qxx\Examples\STM32F401CDU6\EWARM\extFlashDemo\Obj\CMSIS_6603591812247902717.dir: [1]
    system_stm32f4xx.o           32       12        4
    -------------------------------------------------
    Total:                       32       12        4

E:\IAR projects\STM32F4xx\w25qxx\Examples\STM32F401CDU6\EWARM\extFlashDemo\Obj\Core_13247989168731456611.dir: [2]
    gpio.o                      128
    main.o                    1'160      148      316
    spi.o                       176                88
    stm32f4xx_hal_msp.o          56
    stm32f4xx_it.o               20
    usart.o                     164                72
    -------------------------------------------------
    Total:                    1'704      148      476

E:\IAR projects\STM32F4xx\w25qxx\Examples\STM32F401CDU6\EWARM\extFlashDemo\Obj\EWARM_18443280873093131863.dir: [3]
    startup_stm32f401xe.o       644
    -------------------------------------------------
    Total:                      644

E:\IAR projects\STM32F4xx\w25qxx\Examples\STM32F401CDU6\EWARM\extFlashDemo\Obj\STM32F4xx_HAL_Driver_1244631019742807970.dir: [4]
    stm32f4xx_hal.o             144       12       12
    stm32f4xx_hal_cortex.o      172
    stm32f4xx_hal_gpio.o        480
    stm32f4xx_hal_rcc.o       1'228
    stm32f4xx_hal_spi.o       1'760
    stm32f4xx_hal_uart.o        740
    -------------------------------------------------
    Total:                    4'524       12       12

E:\IAR projects\STM32F4xx\w25qxx\Examples\STM32F401CDU6\EWARM\extFlashDemo\Obj\w25qxx_12202358171051320134.dir: [5]
    w25qxx.o                  1'932
    w25qxx_Interface.o          104
    -------------------------------------------------
    Total:                    2'036

dl7M_tln.a: [6]
    exit.o                        4
    low_level_init.o              4
    -------------------------------------------------
    Total:                        8

m7M_tls.a: [7]
    fpinit_M.o                   34
    -------------------------------------------------
    Total:                       34

rt7M_tl.a: [8]
    ABImemclr4.o                  6
    ABImemcpy_small.o            24
    ABImemset.o                 102
    ABImemset48.o                50
    I64DivMod_small.o           262
    I64DivZer.o                   2
    cexit.o                      10
    cmain.o                      30
    copy_init3.o                 42
    cstartup_M.o                 28
    data_init.o                  40
    memcmp_small.o               30
    memset.o                     20
    strlen_small.o               20
    zero_init3.o                 56
    -------------------------------------------------
    Total:                      722

shb_l.a: [9]
    exit.o                       20
    -------------------------------------------------
    Total:                       20

    Gaps                         12        4
    Linker created                        36    1'024
-----------------------------------------------------
    Grand Total:              9'736      212    1'516


*******************************************************************************
*** ENTRY LIST
***

Entry                       Address   Size  Type      Object
-----                       -------   ----  ----      ------
.iar.init_table$$Base    0x800'2508          --   Gb  - Linker created -
.iar.init_table$$Limit   0x800'252c          --   Gb  - Linker created -
?main                    0x800'254d         Code  Gb  cmain.o [8]
ADC_IRQHandler           0x800'2645         Code  Wk  startup_stm32f401xe.o [3]
AHBPrescTable            0x800'253c   0x10  Data  Gb  system_stm32f4xx.o [1]
APBPrescTable            0x800'25f4    0x8  Data  Gb  system_stm32f4xx.o [1]
BusFault_Handler         0x800'25b7    0x2  Code  Gb  stm32f4xx_it.o [2]
CSTACK$$Base            0x2000'01f0          --   Gb  - Linker created -
CSTACK$$Limit           0x2000'05f0          --   Gb  - Linker created -
DMA1_Stream0_IRQHandler
                         0x800'2629         Code  Wk  startup_stm32f401xe.o [3]
DMA1_Stream1_IRQHandler
                         0x800'262d         Code  Wk  startup_stm32f401xe.o [3]
DMA1_Stream2_IRQHandler
                         0x800'2631         Code  Wk  startup_stm32f401xe.o [3]
DMA1_Stream3_IRQHandler
                         0x800'2635         Code  Wk  startup_stm32f401xe.o [3]
DMA1_Stream4_IRQHandler
                         0x800'2639         Code  Wk  startup_stm32f401xe.o [3]
DMA1_Stream5_IRQHandler
                         0x800'263d         Code  Wk  startup_stm32f401xe.o [3]
DMA1_Stream6_IRQHandler
                         0x800'2641         Code  Wk  startup_stm32f401xe.o [3]
DMA1_Stream7_IRQHandler
                         0x800'2695         Code  Wk  startup_stm32f401xe.o [3]
DMA2_Stream0_IRQHandler
                         0x800'26a5         Code  Wk  startup_stm32f401xe.o [3]
DMA2_Stream1_IRQHandler
                         0x800'26a9         Code  Wk  startup_stm32f401xe.o [3]
DMA2_Stream2_IRQHandler
                         0x800'26ad         Code  Wk  startup_stm32f401xe.o [3]
DMA2_Stream3_IRQHandler
                         0x800'26b1         Code  Wk  startup_stm32f401xe.o [3]
DMA2_Stream4_IRQHandler
                         0x800'26b5         Code  Wk  startup_stm32f401xe.o [3]
DMA2_Stream5_IRQHandler
                         0x800'26bd         Code  Wk  startup_stm32f401xe.o [3]
DMA2_Stream6_IRQHandler
                         0x800'26c1         Code  Wk  startup_stm32f401xe.o [3]
DMA2_Stream7_IRQHandler
                         0x800'26c5         Code  Wk  startup_stm32f401xe.o [3]
DebugMon_Handler         0x800'25bd    0x2  Code  Gb  stm32f4xx_it.o [2]
EXTI0_IRQHandler         0x800'2615         Code  Wk  startup_stm32f401xe.o [3]
EXTI15_10_IRQHandler     0x800'2689         Code  Wk  startup_stm32f401xe.o [3]
EXTI1_IRQHandler         0x800'2619         Code  Wk  startup_stm32f401xe.o [3]
EXTI2_IRQHandler         0x800'261d         Code  Wk  startup_stm32f401xe.o [3]
EXTI3_IRQHandler         0x800'2621         Code  Wk  startup_stm32f401xe.o [3]
EXTI4_IRQHandler         0x800'2625         Code  Wk  startup_stm32f401xe.o [3]
EXTI9_5_IRQHandler       0x800'2649         Code  Wk  startup_stm32f401xe.o [3]
Error_Handler            0x800'1369   0x88  Code  Gb  main.o [2]
FLASH_IRQHandler         0x800'260d         Code  Wk  startup_stm32f401xe.o [3]
FPU_IRQHandler           0x800'26d5         Code  Wk  startup_stm32f401xe.o [3]
HAL_GPIO_Init            0x800'15f5  0x1b6  Code  Gb  stm32f4xx_hal_gpio.o [4]
HAL_GPIO_WritePin        0x800'17ab    0x8  Code  Gb  stm32f4xx_hal_gpio.o [4]
HAL_GetTick              0x800'114d    0xc  Code  Wk  stm32f4xx_hal.o [4]
HAL_IncTick              0x800'25c5   0x10  Code  Wk  stm32f4xx_hal.o [4]
HAL_Init                 0x800'1acd   0x30  Code  Gb  stm32f4xx_hal.o [4]
HAL_InitTick             0x800'22ad   0x40  Code  Wk  stm32f4xx_hal.o [4]
HAL_MspInit              0x800'22ed   0x38  Code  Gb  stm32f4xx_hal_msp.o [2]
HAL_NVIC_SetPriority     0x800'2235   0x3a  Code  Gb  stm32f4xx_hal_cortex.o [4]
HAL_NVIC_SetPriorityGrouping
                         0x800'221b   0x1a  Code  Gb  stm32f4xx_hal_cortex.o [4]
HAL_RCC_ClockConfig      0x800'1f45  0x100  Code  Gb  stm32f4xx_hal_rcc.o [4]
HAL_RCC_GetPCLK1Freq     0x800'2051   0x10  Code  Gb  stm32f4xx_hal_rcc.o [4]
HAL_RCC_GetPCLK2Freq     0x800'2061    0xe  Code  Gb  stm32f4xx_hal_rcc.o [4]
HAL_RCC_GetSysClockFreq
                         0x800'2325   0x60  Code  Wk  stm32f4xx_hal_rcc.o [4]
HAL_RCC_OscConfig        0x800'1c25  0x320  Code  Wk  stm32f4xx_hal_rcc.o [4]
HAL_SPI_Init             0x800'09bd   0xb4  Code  Gb  stm32f4xx_hal_spi.o [4]
HAL_SPI_MspInit          0x800'10d9   0x64  Code  Gb  spi.o [2]
HAL_SPI_Receive          0x800'0bb3  0x142  Code  Gb  stm32f4xx_hal_spi.o [4]
HAL_SPI_Transmit         0x800'0a71  0x142  Code  Gb  stm32f4xx_hal_spi.o [4]
HAL_SPI_TransmitReceive
                         0x800'0cfd  0x1b2  Code  Gb  stm32f4xx_hal_spi.o [4]
HAL_SYSTICK_Config       0x800'2271   0x22  Code  Gb  stm32f4xx_hal_cortex.o [4]
HAL_UART_Init            0x800'17e9   0x1e  Code  Gb  stm32f4xx_hal_uart.o [4]
HAL_UART_MspInit         0x800'1baf   0x66  Code  Gb  usart.o [2]
HAL_UART_Transmit        0x800'1867   0x9c  Code  Gb  stm32f4xx_hal_uart.o [4]
HardFault_Handler        0x800'25b3    0x2  Code  Gb  stm32f4xx_it.o [2]
I2C1_ER_IRQHandler       0x800'266d         Code  Wk  startup_stm32f401xe.o [3]
I2C1_EV_IRQHandler       0x800'2669         Code  Wk  startup_stm32f401xe.o [3]
I2C2_ER_IRQHandler       0x800'2675         Code  Wk  startup_stm32f401xe.o [3]
I2C2_EV_IRQHandler       0x800'2671         Code  Wk  startup_stm32f401xe.o [3]
I2C3_ER_IRQHandler       0x800'26d1         Code  Wk  startup_stm32f401xe.o [3]
I2C3_EV_IRQHandler       0x800'26cd         Code  Wk  startup_stm32f401xe.o [3]
MX_GPIO_Init             0x800'1b01   0x80  Code  Gb  gpio.o [2]
MX_SPI1_Init             0x800'109d   0x3c  Code  Gb  spi.o [2]
MX_USART1_UART_Init      0x800'1b81   0x2e  Code  Gb  usart.o [2]
MemManage_Handler        0x800'25b5    0x2  Code  Gb  stm32f4xx_it.o [2]
ModBus_CRC               0x800'08ed   0x34  Code  Lc  w25qxx.o [5]
NMI_Handler              0x800'25b1    0x2  Code  Gb  stm32f4xx_it.o [2]
OTG_FS_IRQHandler        0x800'26b9         Code  Wk  startup_stm32f401xe.o [3]
OTG_FS_WKUP_IRQHandler   0x800'2691         Code  Wk  startup_stm32f401xe.o [3]
PVD_IRQHandler           0x800'2601         Code  Wk  startup_stm32f401xe.o [3]
PendSV_Handler           0x800'25bf    0x2  Code  Gb  stm32f4xx_it.o [2]
RCC_IRQHandler           0x800'2611         Code  Wk  startup_stm32f401xe.o [3]
RTC_Alarm_IRQHandler     0x800'268d         Code  Wk  startup_stm32f401xe.o [3]
RTC_WKUP_IRQHandler      0x800'2609         Code  Wk  startup_stm32f401xe.o [3]
Region$$Table$$Base      0x800'2508          --   Gb  - Linker created -
Region$$Table$$Limit     0x800'252c          --   Gb  - Linker created -
Reset_Handler            0x800'25d5         Code  Wk  startup_stm32f401xe.o [3]
SDIO_IRQHandler          0x800'2699         Code  Wk  startup_stm32f401xe.o [3]
SPI1_IRQHandler          0x800'2679         Code  Wk  startup_stm32f401xe.o [3]
SPI2_IRQHandler          0x800'267d         Code  Wk  startup_stm32f401xe.o [3]
SPI3_IRQHandler          0x800'26a1         Code  Wk  startup_stm32f401xe.o [3]
SPI4_IRQHandler          0x800'26d9         Code  Wk  startup_stm32f401xe.o [3]
SPI_EndRxTransaction     0x800'0fdb   0x4c  Code  Lc  stm32f4xx_hal_spi.o [4]
SPI_EndRxTxTransaction   0x800'1027   0x62  Code  Lc  stm32f4xx_hal_spi.o [4]
SPI_WaitFlagStateUntilTimeout
                         0x800'0f1b   0xb4  Code  Lc  stm32f4xx_hal_spi.o [4]
SVC_Handler              0x800'25bb    0x2  Code  Gb  stm32f4xx_it.o [2]
Serial                  0x2000'01d4    0x8  Data  Gb  main.o [2]
SysTick_Handler          0x800'25c1    0x4  Code  Gb  stm32f4xx_it.o [2]
SystemClock_Config       0x800'12cd   0x9c  Code  Gb  main.o [2]
SystemCoreClock         0x2000'000c    0x4  Data  Gb  system_stm32f4xx.o [1]
SystemInit               0x800'252d    0xc  Code  Gb  system_stm32f4xx.o [1]
TAMP_STAMP_IRQHandler    0x800'2605         Code  Wk  startup_stm32f401xe.o [3]
TIM1_BRK_TIM9_IRQHandler
                         0x800'264d         Code  Wk  startup_stm32f401xe.o [3]
TIM1_CC_IRQHandler       0x800'2659         Code  Wk  startup_stm32f401xe.o [3]
TIM1_TRG_COM_TIM11_IRQHandler
                         0x800'2655         Code  Wk  startup_stm32f401xe.o [3]
TIM1_UP_TIM10_IRQHandler
                         0x800'2651         Code  Wk  startup_stm32f401xe.o [3]
TIM2_IRQHandler          0x800'265d         Code  Wk  startup_stm32f401xe.o [3]
TIM3_IRQHandler          0x800'2661         Code  Wk  startup_stm32f401xe.o [3]
TIM4_IRQHandler          0x800'2665         Code  Wk  startup_stm32f401xe.o [3]
TIM5_IRQHandler          0x800'269d         Code  Wk  startup_stm32f401xe.o [3]
UART_EndRxTransfer       0x800'19c1   0x36  Code  Lc  stm32f4xx_hal_uart.o [4]
UART_SetConfig           0x800'1a03   0xb0  Code  Lc  stm32f4xx_hal_uart.o [4]
UART_WaitOnFlagUntilTimeout
                         0x800'1937   0x7a  Code  Lc  stm32f4xx_hal_uart.o [4]
USART1_IRQHandler        0x800'2681         Code  Wk  startup_stm32f401xe.o [3]
USART2_IRQHandler        0x800'2685         Code  Wk  startup_stm32f401xe.o [3]
USART6_IRQHandler        0x800'26c9         Code  Wk  startup_stm32f401xe.o [3]
UsageFault_Handler       0x800'25b9    0x2  Code  Gb  stm32f4xx_it.o [2]
WWDG_IRQHandler          0x800'25fd         Code  Wk  startup_stm32f401xe.o [3]
__NVIC_SetPriority       0x800'2201   0x1a  Code  Lc  stm32f4xx_hal_cortex.o [4]
__aeabi_ldiv0            0x800'2385         Code  Gb  I64DivZer.o [8]
__aeabi_memclr4          0x800'0921         Code  Gb  ABImemclr4.o [8]
__aeabi_memset           0x800'2091         Code  Gb  ABImemset.o [8]
__cmain                  0x800'254d         Code  Gb  cmain.o [8]
__exit                   0x800'2581   0x14  Code  Gb  exit.o [9]
__iar_Memset             0x800'2091         Code  Gb  ABImemset.o [8]
__iar_Memset4_word       0x800'0989         Code  Gb  ABImemset48.o [8]
__iar_Memset8_word       0x800'0989         Code  Gb  ABImemset48.o [8]
__iar_Memset_word        0x800'2099         Code  Gb  ABImemset.o [8]
__iar_copy_init3         0x800'0927   0x2a  Code  Gb  copy_init3.o [8]
__iar_data_init3         0x800'24bd   0x28  Code  Gb  data_init.o [8]
__iar_init_vfp           0x800'24e5         Code  Gb  fpinit_M.o [7]
__iar_program_start      0x800'2595         Code  Gb  cstartup_M.o [8]
__iar_small_Memcpy       0x800'0975         Code  Gb  ABImemcpy_small.o [8]
__iar_small_memcmp       0x800'0951         Code  Gb  memcmp_small.o [8]
__iar_small_memcpy       0x800'0971         Code  Gb  ABImemcpy_small.o [8]
__iar_small_memcpy4      0x800'0971         Code  Gb  ABImemcpy_small.o [8]
__iar_small_memcpy8      0x800'0971         Code  Gb  ABImemcpy_small.o [8]
__iar_small_strlen       0x800'17d5         Code  Gb  strlen_small.o [8]
__iar_small_uldivmod     0x800'20f9         Code  Gb  I64DivMod_small.o [8]
__iar_zero_init3         0x800'2485   0x38  Code  Gb  zero_init3.o [8]
__low_level_init         0x800'256b    0x4  Code  Gb  low_level_init.o [6]
__vector_table           0x800'0000         Data  Gb  startup_stm32f401xe.o [3]
_call_main               0x800'2559         Code  Gb  cmain.o [8]
_exit                    0x800'2575         Code  Gb  cexit.o [8]
bufferRead              0x2000'01dc   0x10  Data  Gb  main.o [2]
bufferWrite              0x800'15d0   0x10  Data  Gb  main.o [2]
exit                     0x800'256f    0x4  Code  Gb  exit.o [6]
hspi1                   0x2000'0134   0x58  Data  Gb  spi.o [2]
huart1                  0x2000'018c   0x48  Data  Gb  usart.o [2]
main                     0x800'11a1  0x112  Code  Gb  main.o [2]
memset                   0x800'15e1   0x14  Code  Gb  memset.o [8]
print                    0x800'1159   0x1a  Code  Lc  main.o [2]
println                  0x800'1173   0x2c  Code  Lc  main.o [2]
uwTick                  0x2000'0004    0x4  Data  Gb  stm32f4xx_hal.o [4]
uwTickFreq              0x2000'0000    0x1  Data  Gb  stm32f4xx_hal.o [4]
uwTickPrio              0x2000'0008    0x4  Data  Gb  stm32f4xx_hal.o [4]
w25qxx_Delay             0x800'2465   0x14  Code  Gb  w25qxx_Interface.o [5]
w25qxx_Erase             0x800'053d  0x19c  Code  Gb  w25qxx.o [5]
w25qxx_Handle           0x2000'0010  0x124  Data  Gb  main.o [2]
w25qxx_Init              0x800'01f9  0x12e  Code  Gb  w25qxx.o [5]
w25qxx_Link              0x800'0195   0x64  Code  Gb  w25qxx.o [5]
w25qxx_Read              0x800'0439  0x102  Code  Gb  w25qxx.o [5]
w25qxx_ResetError        0x800'0873   0x36  Code  Gb  w25qxx.o [5]
w25qxx_SPI1_CS0_Set      0x800'244d   0x18  Code  Gb  w25qxx_Interface.o [5]
w25qxx_SPI1_Receive      0x800'241d   0x18  Code  Gb  w25qxx_Interface.o [5]
w25qxx_SPI1_Transmit     0x800'2435   0x18  Code  Gb  w25qxx_Interface.o [5]
w25qxx_WaitWithTimeout   0x800'07ed   0x70  Code  Gb  w25qxx.o [5]
w25qxx_Write             0x800'0327  0x112  Code  Gb  w25qxx.o [5]
w25qxx_WriteEnable       0x800'08a9   0x38  Code  Lc  w25qxx.o [5]
w25qxx_WriteStatus       0x800'0717   0xc0  Code  Gb  w25qxx.o [5]


[1] = E:\IAR projects\STM32F4xx\w25qxx\Examples\STM32F401CDU6\EWARM\extFlashDemo\Obj\CMSIS_6603591812247902717.dir
[2] = E:\IAR projects\STM32F4xx\w25qxx\Examples\STM32F401CDU6\EWARM\extFlashDemo\Obj\Core_13247989168731456611.dir
[3] = E:\IAR projects\STM32F4xx\w25qxx\Examples\STM32F401CDU6\EWARM\extFlashDemo\Obj\EWARM_18443280873093131863.dir
[4] = E:\IAR projects\STM32F4xx\w25qxx\Examples\STM32F401CDU6\EWARM\extFlashDemo\Obj\STM32F4xx_HAL_Driver_1244631019742807970.dir
[5] = E:\IAR projects\STM32F4xx\w25qxx\Examples\STM32F401CDU6\EWARM\extFlashDemo\Obj\w25qxx_12202358171051320134.dir
[6] = dl7M_tln.a
[7] = m7M_tls.a
[8] = rt7M_tl.a
[9] = shb_l.a

  9'736 bytes of readonly  code memory
    212 bytes of readonly  data memory
  1'516 bytes of readwrite data memory

Errors: none
Warnings: none
