###############################################################################
#
# IAR ELF Linker V9.20.1.318/W64 for ARM                  17/May/2023  08:10:35
# Copyright 2007-2021 IAR Systems AB.
#
#    Output file  =  E:\IAR projects\STM32F4xx\w25qxx\SPL\Debug\Exe\w25qxx.out
#    Map file     =  E:\IAR projects\STM32F4xx\w25qxx\SPL\Debug\List\w25qxx.map
#    Command line =
#        -f "E:\IAR projects\STM32F4xx\w25qxx\SPL\Debug\Exe\w25qxx.out.rsp"
#        ("E:\IAR
#        projects\STM32F4xx\w25qxx\SPL\Debug\Obj\Libraries\Delay\Delay.o"
#        "E:\IAR projects\STM32F4xx\w25qxx\SPL\Debug\Obj\Source\Init.o" "E:\IAR
#        projects\STM32F4xx\w25qxx\SPL\Debug\Obj\Source\main.o" "E:\IAR
#        projects\STM32F4xx\w25qxx\SPL\Debug\Obj\Libraries\SPI\SPI.o" "E:\IAR
#        projects\STM32F4xx\w25qxx\SPL\Debug\Obj\Config\startup_stm32f40_41xxx.o"
#        "E:\IAR
#        projects\STM32F4xx\w25qxx\SPL\Debug\Obj\Libraries\STM32F4xx_StdPeriph_Driver\src\stm32f4xx_flash.o"
#        "E:\IAR
#        projects\STM32F4xx\w25qxx\SPL\Debug\Obj\Libraries\STM32F4xx_StdPeriph_Driver\src\stm32f4xx_gpio.o"
#        "E:\IAR
#        projects\STM32F4xx\w25qxx\SPL\Debug\Obj\Libraries\STM32F4xx_StdPeriph_Driver\src\stm32f4xx_rcc.o"
#        "E:\IAR
#        projects\STM32F4xx\w25qxx\SPL\Debug\Obj\Libraries\STM32F4xx_StdPeriph_Driver\src\stm32f4xx_spi.o"
#        "E:\IAR projects\STM32F4xx\w25qxx\SPL\Debug\Obj\Config\Sys_Init.o"
#        "E:\IAR
#        projects\STM32F4xx\w25qxx\SPL\Debug\Obj\Config\system_stm32f4xx.o"
#        "E:\IAR projects\STM32F4xx\w25qxx\SPL\Debug\Obj\w25qxx\w25qxx.o"
#        "E:\IAR
#        projects\STM32F4xx\w25qxx\SPL\Debug\Obj\w25qxx\w25qxx_Interface.o"
#        --no_out_extension -o "E:\IAR
#        projects\STM32F4xx\w25qxx\SPL\Debug\Exe\w25qxx.out" --redirect
#        _Printf=_PrintfFullNoMb --redirect _Scanf=_ScanfFullNoMb --map "E:\IAR
#        projects\STM32F4xx\w25qxx\SPL\Debug\List\w25qxx.map" --config
#        "C:\Program Files (x86)\IAR Systems\Embedded Workbench
#        9.0\arm\config\linker\ST\stm32f407xG.icf" --semihosting --entry
#        __iar_program_start --vfe --text_out locale)
#
###############################################################################

*******************************************************************************
*** RUNTIME MODEL ATTRIBUTES
***

CppFlavor       = *
__CPP_Runtime   = 1
__Heap_Handler  = NoFree
__SystemLibrary = DLib
__dlib_version  = 6


*******************************************************************************
*** HEAP SELECTION
***

The no free heap was selected because no calls to memory
deallocation functions were found in the application.


*******************************************************************************
*** PLACEMENT SUMMARY
***

"A0":  place at address 0x800'0000 { ro section .intvec };
"P1":  place in [from 0x800'0000 to 0x80f'ffff] { ro };
define block CSTACK with size = 8K, alignment = 8 { };
define block HEAP with size = 8K, alignment = 8 { };
"P4":  place in [from 0x2000'0000 to 0x2001'bfff] |
                [from 0x2001'c000 to 0x2001'ffff] {
          rw, block CSTACK, block HEAP };
initialize by copy { rw };

No sections matched the following patterns:

  ro section application_specific_ro  in "P2"
  section .backup_sram                in "P5"
  section .ccram                      in "P3"


  Section            Kind         Address    Size  Object
  -------            ----         -------    ----  ------
"A0":                                       0x188
  .intvec            ro code   0x800'0000   0x188  startup_stm32f40_41xxx.o [1]
                             - 0x800'0188   0x188

"P1":                                      0x149c
  .text              ro code   0x800'0188   0x3f0  w25qxx.o [6]
  .text              ro code   0x800'0578    0x18  w25qxx_Interface.o [6]
  .text              ro code   0x800'0590   0x324  SPI.o [3]
  .text              ro code   0x800'08b4    0xa6  Delay.o [2]
  .text              ro code   0x800'095a    0x2a  copy_init3.o [9]
  .text              ro code   0x800'0984   0x2e8  stm32f4xx_rcc.o [4]
  .text              ro code   0x800'0c6c    0x78  no_free_heap0.o [7]
  .text              ro code   0x800'0ce4   0x138  stm32f4xx_spi.o [4]
  .text              ro code   0x800'0e1c    0x24  ABIassert.o [10]
  .text              ro code   0x800'0e40    0x2c  xgetmemchunk.o [7]
  .text              ro code   0x800'0e6c    0x12  xxmemxmemzero.o [7]
  .text              ro code   0x800'0e7e     0x6  abort.o [7]
  .text              ro code   0x800'0e84    0x14  exit.o [10]
  .text              ro code   0x800'0e98   0x114  stm32f4xx_gpio.o [4]
  .text              ro code   0x800'0fac    0xc0  Init.o [5]
  .text              ro code   0x800'106c    0xb8  system_stm32f4xx.o [1]
  .text              ro code   0x800'1124    0xa4  main.o [5]
  .text              ro code   0x800'11c8    0x7c  Sys_Init.o [1]
  .text              ro code   0x800'1244    0x66  ABImemset.o [9]
  .text              ro code   0x800'12aa    0x28  strncmp.o [7]
  .text              ro code   0x800'12d4    0x30  stm32f4xx_flash.o [4]
  .rodata            const     0x800'1304    0x40  Delay.o [2]
  .text              ro code   0x800'1344    0x38  zero_init3.o [9]
  .rodata            const     0x800'137c    0x34  Delay.o [2]
  .text              ro code   0x800'13b0    0x28  data_init.o [9]
  .text              ro code   0x800'13d8    0x22  fpinit_M.o [8]
  .iar.init_table    const     0x800'13fc    0x24  - Linker created -
  .text              ro code   0x800'1420    0x1e  cmain.o [9]
  .text              ro code   0x800'143e     0x4  low_level_init.o [7]
  .text              ro code   0x800'1442     0x4  exit.o [7]
  .text              ro code   0x800'1448     0xa  cexit.o [9]
  .text              ro code   0x800'1454    0x1c  cstartup_M.o [9]
  .rodata            const     0x800'1470    0x14  main.o [5]
  .rodata            const     0x800'1484    0x10  system_stm32f4xx.o [1]
  .text              ro code   0x800'1494    0x10  startup_stm32f40_41xxx.o [1]
  .text              ro code   0x800'14a4     0x4  startup_stm32f40_41xxx.o [1]
  .text              ro code   0x800'14a8     0x4  startup_stm32f40_41xxx.o [1]
  .text              ro code   0x800'14ac     0x4  startup_stm32f40_41xxx.o [1]
  .text              ro code   0x800'14b0     0x4  startup_stm32f40_41xxx.o [1]
  .text              ro code   0x800'14b4     0x4  startup_stm32f40_41xxx.o [1]
  .text              ro code   0x800'14b8     0x4  startup_stm32f40_41xxx.o [1]
  .text              ro code   0x800'14bc     0x4  startup_stm32f40_41xxx.o [1]
  .text              ro code   0x800'14c0     0x4  startup_stm32f40_41xxx.o [1]
  .text              ro code   0x800'14c4     0x4  startup_stm32f40_41xxx.o [1]
  .text              ro code   0x800'14c8     0x4  startup_stm32f40_41xxx.o [1]
  .text              ro code   0x800'14cc     0x4  startup_stm32f40_41xxx.o [1]
  .text              ro code   0x800'14d0     0x4  startup_stm32f40_41xxx.o [1]
  .text              ro code   0x800'14d4     0x4  startup_stm32f40_41xxx.o [1]
  .text              ro code   0x800'14d8     0x4  startup_stm32f40_41xxx.o [1]
  .text              ro code   0x800'14dc     0x4  startup_stm32f40_41xxx.o [1]
  .text              ro code   0x800'14e0     0x4  startup_stm32f40_41xxx.o [1]
  .text              ro code   0x800'14e4     0x4  startup_stm32f40_41xxx.o [1]
  .text              ro code   0x800'14e8     0x4  startup_stm32f40_41xxx.o [1]
  .text              ro code   0x800'14ec     0x4  startup_stm32f40_41xxx.o [1]
  .text              ro code   0x800'14f0     0x4  startup_stm32f40_41xxx.o [1]
  .text              ro code   0x800'14f4     0x4  startup_stm32f40_41xxx.o [1]
  .text              ro code   0x800'14f8     0x4  startup_stm32f40_41xxx.o [1]
  .text              ro code   0x800'14fc     0x4  startup_stm32f40_41xxx.o [1]
  .text              ro code   0x800'1500     0x4  startup_stm32f40_41xxx.o [1]
  .text              ro code   0x800'1504     0x4  startup_stm32f40_41xxx.o [1]
  .text              ro code   0x800'1508     0x4  startup_stm32f40_41xxx.o [1]
  .text              ro code   0x800'150c     0x4  startup_stm32f40_41xxx.o [1]
  .text              ro code   0x800'1510     0x4  startup_stm32f40_41xxx.o [1]
  .text              ro code   0x800'1514     0x4  startup_stm32f40_41xxx.o [1]
  .text              ro code   0x800'1518     0x4  startup_stm32f40_41xxx.o [1]
  .text              ro code   0x800'151c     0x4  startup_stm32f40_41xxx.o [1]
  .text              ro code   0x800'1520     0x4  startup_stm32f40_41xxx.o [1]
  .text              ro code   0x800'1524     0x4  startup_stm32f40_41xxx.o [1]
  .text              ro code   0x800'1528     0x4  startup_stm32f40_41xxx.o [1]
  .text              ro code   0x800'152c     0x4  startup_stm32f40_41xxx.o [1]
  .text              ro code   0x800'1530     0x4  startup_stm32f40_41xxx.o [1]
  .text              ro code   0x800'1534     0x4  startup_stm32f40_41xxx.o [1]
  .text              ro code   0x800'1538     0x4  startup_stm32f40_41xxx.o [1]
  .text              ro code   0x800'153c     0x4  startup_stm32f40_41xxx.o [1]
  .text              ro code   0x800'1540     0x4  startup_stm32f40_41xxx.o [1]
  .text              ro code   0x800'1544     0x4  startup_stm32f40_41xxx.o [1]
  .text              ro code   0x800'1548     0x4  startup_stm32f40_41xxx.o [1]
  .text              ro code   0x800'154c     0x4  startup_stm32f40_41xxx.o [1]
  .text              ro code   0x800'1550     0x4  startup_stm32f40_41xxx.o [1]
  .text              ro code   0x800'1554     0x4  startup_stm32f40_41xxx.o [1]
  .text              ro code   0x800'1558     0x4  startup_stm32f40_41xxx.o [1]
  .text              ro code   0x800'155c     0x4  startup_stm32f40_41xxx.o [1]
  .text              ro code   0x800'1560     0x4  startup_stm32f40_41xxx.o [1]
  .text              ro code   0x800'1564     0x4  startup_stm32f40_41xxx.o [1]
  .text              ro code   0x800'1568     0x4  startup_stm32f40_41xxx.o [1]
  .text              ro code   0x800'156c     0x4  startup_stm32f40_41xxx.o [1]
  .text              ro code   0x800'1570     0x4  startup_stm32f40_41xxx.o [1]
  .text              ro code   0x800'1574     0x4  startup_stm32f40_41xxx.o [1]
  .text              ro code   0x800'1578     0x4  startup_stm32f40_41xxx.o [1]
  .text              ro code   0x800'157c     0x4  startup_stm32f40_41xxx.o [1]
  .text              ro code   0x800'1580     0x4  startup_stm32f40_41xxx.o [1]
  .text              ro code   0x800'1584     0x4  startup_stm32f40_41xxx.o [1]
  .text              ro code   0x800'1588     0x4  startup_stm32f40_41xxx.o [1]
  .text              ro code   0x800'158c     0x4  startup_stm32f40_41xxx.o [1]
  .text              ro code   0x800'1590     0x4  startup_stm32f40_41xxx.o [1]
  .text              ro code   0x800'1594     0x4  startup_stm32f40_41xxx.o [1]
  .text              ro code   0x800'1598     0x4  startup_stm32f40_41xxx.o [1]
  .text              ro code   0x800'159c     0x4  startup_stm32f40_41xxx.o [1]
  .text              ro code   0x800'15a0     0x4  startup_stm32f40_41xxx.o [1]
  .text              ro code   0x800'15a4     0x4  startup_stm32f40_41xxx.o [1]
  .text              ro code   0x800'15a8     0x4  startup_stm32f40_41xxx.o [1]
  .text              ro code   0x800'15ac     0x4  startup_stm32f40_41xxx.o [1]
  .text              ro code   0x800'15b0     0x4  startup_stm32f40_41xxx.o [1]
  .text              ro code   0x800'15b4     0x4  startup_stm32f40_41xxx.o [1]
  .text              ro code   0x800'15b8     0x4  startup_stm32f40_41xxx.o [1]
  .text              ro code   0x800'15bc     0x4  startup_stm32f40_41xxx.o [1]
  .text              ro code   0x800'15c0     0x4  startup_stm32f40_41xxx.o [1]
  .text              ro code   0x800'15c4     0x4  startup_stm32f40_41xxx.o [1]
  .text              ro code   0x800'15c8     0x4  startup_stm32f40_41xxx.o [1]
  .text              ro code   0x800'15cc     0x4  startup_stm32f40_41xxx.o [1]
  .text              ro code   0x800'15d0     0x4  startup_stm32f40_41xxx.o [1]
  .text              ro code   0x800'15d4     0x4  startup_stm32f40_41xxx.o [1]
  .text              ro code   0x800'15d8     0x4  startup_stm32f40_41xxx.o [1]
  .text              ro code   0x800'15dc     0x4  startup_stm32f40_41xxx.o [1]
  .text              ro code   0x800'15e0     0x4  startup_stm32f40_41xxx.o [1]
  .text              ro code   0x800'15e4     0x4  startup_stm32f40_41xxx.o [1]
  .text              ro code   0x800'15e8     0x4  startup_stm32f40_41xxx.o [1]
  .text              ro code   0x800'15ec     0x4  startup_stm32f40_41xxx.o [1]
  .text              ro code   0x800'15f0     0x4  startup_stm32f40_41xxx.o [1]
  .text              ro code   0x800'15f4     0x4  startup_stm32f40_41xxx.o [1]
  .text              ro code   0x800'15f8     0x4  startup_stm32f40_41xxx.o [1]
  .text              ro code   0x800'15fc     0x4  startup_stm32f40_41xxx.o [1]
  .text              ro code   0x800'1600     0x4  startup_stm32f40_41xxx.o [1]
  .text              ro code   0x800'1604     0x4  startup_stm32f40_41xxx.o [1]
  .text              ro code   0x800'1608     0x4  startup_stm32f40_41xxx.o [1]
  .text              ro code   0x800'160c     0x4  startup_stm32f40_41xxx.o [1]
  .rodata            const     0x800'1610     0x0  zero_init3.o [9]
  .rodata            const     0x800'1610     0x0  copy_init3.o [9]
  Initializer bytes  const     0x800'1610    0x14  <for P4 s0>
                             - 0x800'1624  0x149c

"P4", part 1 of 3:                           0x14
  P4 s0                       0x2000'0000    0x14  <Init block>
    .data            inited   0x2000'0000    0x10  stm32f4xx_rcc.o [4]
    .data            inited   0x2000'0010     0x4  system_stm32f4xx.o [1]
                            - 0x2000'0014    0x14

"P4", part 2 of 3:                           0xac
  .bss               zero     0x2000'0014    0x1c  SPI.o [3]
  .bss               zero     0x2000'0030    0x1c  SPI.o [3]
  .bss               zero     0x2000'004c    0x1c  SPI.o [3]
  .bss               zero     0x2000'0068    0x18  main.o [5]
  .bss               zero     0x2000'0080    0x14  main.o [5]
  .bss               zero     0x2000'0094    0x14  SPI.o [3]
  .bss               zero     0x2000'00a8    0x10  Sys_Init.o [1]
  .bss               zero     0x2000'00b8     0x4  no_free_heap0.o [7]
  .bss               zero     0x2000'00bc     0x4  xgetmemchunk.o [7]
                            - 0x2000'00c0    0xac

"P4", part 3 of 3:                         0x4000
  CSTACK                      0x2000'00c0  0x2000  <Block>
    CSTACK           uninit   0x2000'00c0  0x2000  <Block tail>
  HEAP                        0x2000'20c0  0x2000  <Block>
    HEAP             uninit   0x2000'20c0  0x2000  <Block tail>
                            - 0x2000'40c0  0x4000

Unused ranges:

         From           To      Size
         ----           --      ----
   0x800'1624   0x80f'ffff  0xf'e9dc
  0x2000'40c0  0x2001'bfff  0x1'7f40
  0x2001'c000  0x2001'ffff    0x4000


*******************************************************************************
*** INIT TABLE
***

          Address      Size
          -------      ----
Zero (__iar_zero_init3)
    1 destination range, total size 0xac:
          0x2000'0014  0xac

Copy (__iar_copy_init3)
    1 source range, total size 0x14:
           0x800'1610  0x14
    1 destination range, total size 0x14:
          0x2000'0000  0x14



*******************************************************************************
*** MODULE SUMMARY
***

    Module                    ro code  ro data  rw data
    ------                    -------  -------  -------
command line/config:
    ---------------------------------------------------
    Total:

E:\IAR projects\STM32F4xx\w25qxx\SPL\Debug\Obj\Config: [1]
    Sys_Init.o                    124                16
    startup_stm32f40_41xxx.o      772
    system_stm32f4xx.o            184       20        4
    ---------------------------------------------------
    Total:                      1'080       20       20

E:\IAR projects\STM32F4xx\w25qxx\SPL\Debug\Obj\Libraries\Delay: [2]
    Delay.o                       166      116
    ---------------------------------------------------
    Total:                        166      116

E:\IAR projects\STM32F4xx\w25qxx\SPL\Debug\Obj\Libraries\SPI: [3]
    SPI.o                         804               104
    ---------------------------------------------------
    Total:                        804               104

E:\IAR projects\STM32F4xx\w25qxx\SPL\Debug\Obj\Libraries\STM32F4xx_StdPeriph_Driver\src: [4]
    stm32f4xx_flash.o              48
    stm32f4xx_gpio.o              276
    stm32f4xx_rcc.o               744       16       16
    stm32f4xx_spi.o               312
    ---------------------------------------------------
    Total:                      1'380       16       16

E:\IAR projects\STM32F4xx\w25qxx\SPL\Debug\Obj\Source: [5]
    Init.o                        192
    main.o                        164       20       44
    ---------------------------------------------------
    Total:                        356       20       44

E:\IAR projects\STM32F4xx\w25qxx\SPL\Debug\Obj\w25qxx: [6]
    w25qxx.o                    1'008
    w25qxx_Interface.o             24
    ---------------------------------------------------
    Total:                      1'032

dl7M_tln.a: [7]
    abort.o                         6
    exit.o                          4
    low_level_init.o                4
    no_free_heap0.o               120                 4
    strncmp.o                      40
    xgetmemchunk.o                 44                 4
    xxmemxmemzero.o                18
    ---------------------------------------------------
    Total:                        236                 8

m7M_tls.a: [8]
    fpinit_M.o                     34
    ---------------------------------------------------
    Total:                         34

rt7M_tl.a: [9]
    ABImemset.o                   102
    cexit.o                        10
    cmain.o                        30
    copy_init3.o                   42
    cstartup_M.o                   28
    data_init.o                    40
    zero_init3.o                   56
    ---------------------------------------------------
    Total:                        308

shb_l.a: [10]
    ABIassert.o                    36
    exit.o                         20
    ---------------------------------------------------
    Total:                         56

    Gaps                            6        2
    Linker created                          36   16'384
-------------------------------------------------------
    Grand Total:                5'458      210   16'576


*******************************************************************************
*** ENTRY LIST
***

Entry                       Address   Size  Type      Object
-----                       -------   ----  ----      ------
.iar.init_table$$Base    0x800'13fc          --   Gb  - Linker created -
.iar.init_table$$Limit   0x800'1420          --   Gb  - Linker created -
?main                    0x800'1421         Code  Gb  cmain.o [9]
AHBPrescTable            0x800'1484   0x10  Data  Gb  system_stm32f4xx.o [1]
APBAHBPrescTable        0x2000'0000   0x10  Data  Lc  stm32f4xx_rcc.o [4]
CSTACK$$Base            0x2000'00c0          --   Gb  - Linker created -
CSTACK$$Limit           0x2000'20c0          --   Gb  - Linker created -
FLASH_PrefetchBufferCmd
                         0x800'12dd   0x22  Code  Gb  stm32f4xx_flash.o [4]
FLASH_SetLatency         0x800'12d5    0x8  Code  Gb  stm32f4xx_flash.o [4]
GPIO_Init                0x800'0e99   0xa8  Code  Gb  stm32f4xx_gpio.o [4]
GPIO_PinAFConfig         0x800'0f59   0x54  Code  Gb  stm32f4xx_gpio.o [4]
GPIO_StructInit          0x800'0f41   0x18  Code  Gb  stm32f4xx_gpio.o [4]
HEAP$$Base              0x2000'20c0          --   Gb  - Linker created -
HEAP$$Limit             0x2000'40c0          --   Gb  - Linker created -
IO_Init                  0x800'0fad   0xc0  Code  Gb  Init.o [5]
IS_Busy                  0x800'0513   0x14  Code  Gb  w25qxx.o [6]
RCC_APB1PeriphClockCmd   0x800'0b65   0x1c  Code  Gb  stm32f4xx_rcc.o [4]
RCC_APB1PeriphResetCmd   0x800'0b9d   0x1c  Code  Gb  stm32f4xx_rcc.o [4]
RCC_APB2PeriphClockCmd   0x800'0b81   0x1c  Code  Gb  stm32f4xx_rcc.o [4]
RCC_APB2PeriphResetCmd   0x800'0bb9   0x1c  Code  Gb  stm32f4xx_rcc.o [4]
RCC_ClockSecuritySystemCmd
                         0x800'0a49    0xa  Code  Gb  stm32f4xx_rcc.o [4]
RCC_DeInit               0x800'0985   0x56  Code  Gb  stm32f4xx_rcc.o [4]
RCC_GetClocksFreq        0x800'0aa9   0xbc  Code  Gb  stm32f4xx_rcc.o [4]
RCC_GetFlagStatus        0x800'0bd5   0x3c  Code  Gb  stm32f4xx_rcc.o [4]
RCC_GetSYSCLKSource      0x800'0a65    0xc  Code  Gb  stm32f4xx_rcc.o [4]
RCC_HCLKConfig           0x800'0a71   0x12  Code  Gb  stm32f4xx_rcc.o [4]
RCC_HSEConfig            0x800'09db    0xc  Code  Gb  stm32f4xx_rcc.o [4]
RCC_PCLK1Config          0x800'0a83   0x12  Code  Gb  stm32f4xx_rcc.o [4]
RCC_PCLK2Config          0x800'0a95   0x14  Code  Gb  stm32f4xx_rcc.o [4]
RCC_PLLCmd               0x800'0a3f    0xa  Code  Gb  stm32f4xx_rcc.o [4]
RCC_PLLConfig            0x800'0a1f   0x20  Code  Gb  stm32f4xx_rcc.o [4]
RCC_SYSCLKConfig         0x800'0a53   0x12  Code  Gb  stm32f4xx_rcc.o [4]
RCC_WaitForHSEStartUp    0x800'09e7   0x38  Code  Gb  stm32f4xx_rcc.o [4]
Region$$Table$$Base      0x800'13fc          --   Gb  - Linker created -
Region$$Table$$Limit     0x800'1420          --   Gb  - Linker created -
SPI1_Instance           0x2000'0014   0x1c  Data  Gb  SPI.o [3]
SPI2_Instance           0x2000'0030   0x1c  Data  Gb  SPI.o [3]
SPI3_Instance           0x2000'004c   0x1c  Data  Gb  SPI.o [3]
SPI_Cmd                  0x800'0de5   0x1c  Code  Gb  stm32f4xx_spi.o [4]
SPI_I2S_DeInit           0x800'0ce5   0xaa  Code  Gb  stm32f4xx_spi.o [4]
SPI_Init                 0x800'0d8f   0x3e  Code  Gb  stm32f4xx_spi.o [4]
SPI_InitStruct          0x2000'0094   0x14  Data  Gb  SPI.o [3]
SPI_Receive              0x800'07a9   0xd4  Code  Gb  SPI.o [3]
SPI_SSOutputCmd          0x800'0e01   0x1c  Code  Gb  stm32f4xx_spi.o [4]
SPI_Transmit             0x800'06cf   0xda  Code  Gb  SPI.o [3]
SPIx_Init                0x800'05ad  0x122  Code  Gb  SPI.o [3]
Sys_Init                 0x800'11c9   0x7c  Code  Gb  Sys_Init.o [1]
SystemCoreClock         0x2000'0010    0x4  Data  Gb  system_stm32f4xx.o [1]
SystemCoreClockUpdate    0x800'1079   0x8e  Code  Gb  system_stm32f4xx.o [1]
SystemInit               0x800'106d    0xc  Code  Gb  system_stm32f4xx.o [1]
__NVIC_EnableIRQ         0x800'0591   0x1c  Code  Lc  SPI.o [3]
__aeabi_assert           0x800'0e1d   0x24  Code  Gb  ABIassert.o [10]
__aeabi_memset           0x800'1245         Code  Gb  ABImemset.o [9]
__cmain                  0x800'1421         Code  Gb  cmain.o [9]
__data_GetMemChunk       0x800'0e41   0x2c  Code  Gb  xgetmemchunk.o [7]
__data_GetMemChunk::start
                        0x2000'00bc    0x4  Data  Lc  xgetmemchunk.o [7]
__data_memzero           0x800'0e6d   0x12  Code  Gb  xxmemxmemzero.o [7]
__exit                   0x800'0e85   0x14  Code  Gb  exit.o [10]
__iar_Memset             0x800'1245         Code  Gb  ABImemset.o [9]
__iar_Memset_word        0x800'124d         Code  Gb  ABImemset.o [9]
__iar_copy_init3         0x800'095b   0x2a  Code  Gb  copy_init3.o [9]
__iar_data_init3         0x800'13b1   0x28  Code  Gb  data_init.o [9]
__iar_init_vfp           0x800'13d9         Code  Gb  fpinit_M.o [8]
__iar_program_start      0x800'1455         Code  Gb  cstartup_M.o [9]
__iar_zero_init3         0x800'1345   0x38  Code  Gb  zero_init3.o [9]
__low_level_init         0x800'143f    0x4  Code  Gb  low_level_init.o [7]
__no_free_calloc         0x800'0cb3   0x2c  Code  Gb  no_free_heap0.o [7]
__no_free_malloc         0x800'0c6d   0x46  Code  Gb  no_free_heap0.o [7]
__vector_table           0x800'0000         Data  Gb  startup_stm32f40_41xxx.o [1]
_call_main               0x800'142d         Code  Gb  cmain.o [9]
_delay_ms                0x800'094d    0xe  Code  Gb  Delay.o [2]
_delay_us                0x800'08b5   0x7c  Code  Gb  Delay.o [2]
_exit                    0x800'1449         Code  Gb  cexit.o [9]
abort                    0x800'0e7f    0x6  Code  Gb  abort.o [7]
bufferRead              0x2000'0080   0x14  Data  Gb  main.o [5]
bufferWrite              0x800'1470   0x14  Data  Gb  main.o [5]
exit                     0x800'1443    0x4  Code  Gb  exit.o [7]
main                     0x800'1125   0xa4  Code  Gb  main.o [5]
qs                      0x2000'00b8    0x4  Data  Lc  no_free_heap0.o [7]
rcc_clocks              0x2000'00a8   0x10  Data  Gb  Sys_Init.o [1]
strncmp                  0x800'12ab   0x28  Code  Gb  strncmp.o [7]
w25qxx_Delay             0x800'0589    0x8  Code  Gb  w25qxx_Interface.o [6]
w25qxx_Handle           0x2000'0068   0x18  Data  Gb  main.o [5]
w25qxx_Init              0x800'0189   0xf6  Code  Gb  w25qxx.o [6]
w25qxx_Read              0x800'0351   0xa2  Code  Gb  w25qxx.o [6]
w25qxx_ReadID            0x800'04a5   0x6e  Code  Gb  w25qxx.o [6]
w25qxx_ReadStatus        0x800'03f3   0xb2  Code  Gb  w25qxx.o [6]
w25qxx_SPI_Receive       0x800'0581    0x8  Code  Gb  w25qxx_Interface.o [6]
w25qxx_SPI_Transmit      0x800'0579    0x8  Code  Gb  w25qxx_Interface.o [6]
w25qxx_WaitWithTimeout   0x800'0527   0x24  Code  Gb  w25qxx.o [6]
w25qxx_Write             0x800'027f   0xd2  Code  Gb  w25qxx.o [6]
w25qxx_WriteEnable       0x800'054b   0x2e  Code  Gb  w25qxx.o [6]


[1] = E:\IAR projects\STM32F4xx\w25qxx\SPL\Debug\Obj\Config
[2] = E:\IAR projects\STM32F4xx\w25qxx\SPL\Debug\Obj\Libraries\Delay
[3] = E:\IAR projects\STM32F4xx\w25qxx\SPL\Debug\Obj\Libraries\SPI
[4] = E:\IAR projects\STM32F4xx\w25qxx\SPL\Debug\Obj\Libraries\STM32F4xx_StdPeriph_Driver\src
[5] = E:\IAR projects\STM32F4xx\w25qxx\SPL\Debug\Obj\Source
[6] = E:\IAR projects\STM32F4xx\w25qxx\SPL\Debug\Obj\w25qxx
[7] = dl7M_tln.a
[8] = m7M_tls.a
[9] = rt7M_tl.a
[10] = shb_l.a

   5'458 bytes of readonly  code memory
     210 bytes of readonly  data memory
  16'576 bytes of readwrite data memory

Errors: none
Warnings: none
