###############################################################################
#
# IAR ELF Linker V9.40.1.364/W64 for ARM                  30/Nov/2023  13:53:12
# Copyright 2007-2023 IAR Systems AB.
#
#    Output file  =  E:\IAR projects\STM32F4xx\w25qxx\SPL\Debug\Exe\w25qxx.out
#    Map file     =  E:\IAR projects\STM32F4xx\w25qxx\SPL\Debug\List\w25qxx.map
#    Command line =
#        -f "E:\IAR projects\STM32F4xx\w25qxx\SPL\Debug\Exe\w25qxx.out.rsp"
#        ("E:\IAR
#        projects\STM32F4xx\w25qxx\SPL\Debug\Obj\Delay_15897712922073547611.dir\Delay.o"
#        "E:\IAR
#        projects\STM32F4xx\w25qxx\SPL\Debug\Obj\Source_15812263154798067462.dir\Init.o"
#        "E:\IAR
#        projects\STM32F4xx\w25qxx\SPL\Debug\Obj\Source_15812263154798067462.dir\main.o"
#        "E:\IAR
#        projects\STM32F4xx\w25qxx\SPL\Debug\Obj\SPI_17047752498144604355.dir\SPI.o"
#        "E:\IAR
#        projects\STM32F4xx\w25qxx\SPL\Debug\Obj\Config_11493520833803052547.dir\startup_stm32f40_41xxx.o"
#        "E:\IAR
#        projects\STM32F4xx\w25qxx\SPL\Debug\Obj\src_4334390804880101107.dir\stm32f4xx_flash.o"
#        "E:\IAR
#        projects\STM32F4xx\w25qxx\SPL\Debug\Obj\src_4334390804880101107.dir\stm32f4xx_gpio.o"
#        "E:\IAR
#        projects\STM32F4xx\w25qxx\SPL\Debug\Obj\src_4334390804880101107.dir\stm32f4xx_rcc.o"
#        "E:\IAR
#        projects\STM32F4xx\w25qxx\SPL\Debug\Obj\src_4334390804880101107.dir\stm32f4xx_spi.o"
#        "E:\IAR
#        projects\STM32F4xx\w25qxx\SPL\Debug\Obj\Config_11493520833803052547.dir\Sys_Init.o"
#        "E:\IAR
#        projects\STM32F4xx\w25qxx\SPL\Debug\Obj\Config_11493520833803052547.dir\system_stm32f4xx.o"
#        "E:\IAR
#        projects\STM32F4xx\w25qxx\SPL\Debug\Obj\w25qxx_12202358171051320134.dir\w25qxx.o"
#        "E:\IAR
#        projects\STM32F4xx\w25qxx\SPL\Debug\Obj\w25qxx_12202358171051320134.dir\w25qxx_Interface.o"
#        --no_out_extension -o "E:\IAR
#        projects\STM32F4xx\w25qxx\SPL\Debug\Exe\w25qxx.out" --redirect
#        _Printf=_PrintfFullNoMb --redirect _Scanf=_ScanfFullNoMb --map "E:\IAR
#        projects\STM32F4xx\w25qxx\SPL\Debug\List\w25qxx.map" --config
#        "C:\Program Files\IAR Systems\Embedded Workbench
#        9.2\arm/config/linker/ST/stm32f407xG.icf" --semihosting --entry
#        __iar_program_start --vfe --text_out locale --cpu=Cortex-M4
#        --fpu=VFPv4_sp) --dependencies=n "E:\IAR
#        projects\STM32F4xx\w25qxx\SPL\Debug\Exe\w25qxx.out.iar_deps"
#
###############################################################################

*******************************************************************************
*** RUNTIME MODEL ATTRIBUTES
***

CppFlavor       = *
__CPP_Runtime   = 1
__Heap_Handler  = Basic
__SystemLibrary = DLib
__dlib_version  = 6


*******************************************************************************
*** HEAP SELECTION
***

The basic heap was selected because --advanced_heap
was not specified and the application did not appear to
be primarily optimized for speed.


*******************************************************************************
*** PLACEMENT SUMMARY
***

"A0":  place at address 0x800'0000 { ro section .intvec };
"P1":  place in [from 0x800'0000 to 0x80f'ffff] { ro };
define block CSTACK with size = 8K, alignment = 8 { };
define block HEAP with size = 8K, alignment = 8 { };
"P4":  place in [from 0x2000'0000 to 0x2001'bfff] |
                [from 0x2001'c000 to 0x2001'ffff] {
          rw, block CSTACK, block HEAP };
initialize by copy { rw };

No sections matched the following patterns:

  ro section application_specific_ro  in "P2"
  section .backup_sram                in "P5"
  section .ccram                      in "P3"


  Section            Kind         Address    Size  Object
  -------            ----         -------    ----  ------
"A0":                                       0x188
  .intvec            ro code   0x800'0000   0x188  startup_stm32f40_41xxx.o [1]
                             - 0x800'0188   0x188

"P1":                                      0x1608
  .text              ro code   0x800'0188   0x560  w25qxx.o [6]
  .text              ro code   0x800'06e8    0x2c  w25qxx_Interface.o [6]
  .text              ro code   0x800'0714   0x13c  heap0.o [7]
  .text              ro code   0x800'0850    0x68  memcmp.o [9]
  .text              ro code   0x800'08b8     0x4  heaptramp0.o [7]
  .text              ro code   0x800'08bc    0xa6  ABImemcpy.o [9]
  .text              ro code   0x800'0962    0x2a  copy_init3.o [9]
  .text              ro code   0x800'098c   0x244  SPI.o [3]
  .text              ro code   0x800'0bd0    0xb4  main.o [4]
  .text              ro code   0x800'0c84    0xb0  Delay.o [2]
  .text              ro code   0x800'0d34    0x2c  xgetmemchunk.o [7]
  .text              ro code   0x800'0d60   0x2ec  stm32f4xx_rcc.o [5]
  .text              ro code   0x800'104c   0x134  stm32f4xx_spi.o [5]
  .text              ro code   0x800'1180    0x7c  Sys_Init.o [1]
  .text              ro code   0x800'11fc    0xcc  Init.o [4]
  .text              ro code   0x800'12c8    0x2a  strncmp.o [7]
  .text              ro code   0x800'12f4    0xbc  system_stm32f4xx.o [1]
  .text              ro code   0x800'13b0    0x30  stm32f4xx_flash.o [5]
  .text              ro code   0x800'13e0    0xf8  stm32f4xx_gpio.o [5]
  .text              ro code   0x800'14d8    0x38  zero_init3.o [9]
  .text              ro code   0x800'1510    0x28  data_init.o [9]
  .text              ro code   0x800'1538    0x22  fpinit_M.o [8]
  .iar.init_table    const     0x800'155c    0x24  - Linker created -
  .text              ro code   0x800'1580    0x1e  cmain.o [9]
  .text              ro code   0x800'159e     0x4  low_level_init.o [7]
  .text              ro code   0x800'15a2     0x4  exit.o [7]
  .text              ro code   0x800'15a8     0xa  cexit.o [9]
  .text              ro code   0x800'15b4    0x14  exit.o [10]
  .text              ro code   0x800'15c8    0x1c  cstartup_M.o [9]
  .rodata            const     0x800'15e4    0x10  main.o [4]
  .rodata            const     0x800'15f4    0x10  system_stm32f4xx.o [1]
  .text              ro code   0x800'1604    0x10  startup_stm32f40_41xxx.o [1]
  .text              ro code   0x800'1614     0x4  startup_stm32f40_41xxx.o [1]
  .text              ro code   0x800'1618     0x4  startup_stm32f40_41xxx.o [1]
  .text              ro code   0x800'161c     0x4  startup_stm32f40_41xxx.o [1]
  .text              ro code   0x800'1620     0x4  startup_stm32f40_41xxx.o [1]
  .text              ro code   0x800'1624     0x4  startup_stm32f40_41xxx.o [1]
  .text              ro code   0x800'1628     0x4  startup_stm32f40_41xxx.o [1]
  .text              ro code   0x800'162c     0x4  startup_stm32f40_41xxx.o [1]
  .text              ro code   0x800'1630     0x4  startup_stm32f40_41xxx.o [1]
  .text              ro code   0x800'1634     0x4  startup_stm32f40_41xxx.o [1]
  .text              ro code   0x800'1638     0x4  startup_stm32f40_41xxx.o [1]
  .text              ro code   0x800'163c     0x4  startup_stm32f40_41xxx.o [1]
  .text              ro code   0x800'1640     0x4  startup_stm32f40_41xxx.o [1]
  .text              ro code   0x800'1644     0x4  startup_stm32f40_41xxx.o [1]
  .text              ro code   0x800'1648     0x4  startup_stm32f40_41xxx.o [1]
  .text              ro code   0x800'164c     0x4  startup_stm32f40_41xxx.o [1]
  .text              ro code   0x800'1650     0x4  startup_stm32f40_41xxx.o [1]
  .text              ro code   0x800'1654     0x4  startup_stm32f40_41xxx.o [1]
  .text              ro code   0x800'1658     0x4  startup_stm32f40_41xxx.o [1]
  .text              ro code   0x800'165c     0x4  startup_stm32f40_41xxx.o [1]
  .text              ro code   0x800'1660     0x4  startup_stm32f40_41xxx.o [1]
  .text              ro code   0x800'1664     0x4  startup_stm32f40_41xxx.o [1]
  .text              ro code   0x800'1668     0x4  startup_stm32f40_41xxx.o [1]
  .text              ro code   0x800'166c     0x4  startup_stm32f40_41xxx.o [1]
  .text              ro code   0x800'1670     0x4  startup_stm32f40_41xxx.o [1]
  .text              ro code   0x800'1674     0x4  startup_stm32f40_41xxx.o [1]
  .text              ro code   0x800'1678     0x4  startup_stm32f40_41xxx.o [1]
  .text              ro code   0x800'167c     0x4  startup_stm32f40_41xxx.o [1]
  .text              ro code   0x800'1680     0x4  startup_stm32f40_41xxx.o [1]
  .text              ro code   0x800'1684     0x4  startup_stm32f40_41xxx.o [1]
  .text              ro code   0x800'1688     0x4  startup_stm32f40_41xxx.o [1]
  .text              ro code   0x800'168c     0x4  startup_stm32f40_41xxx.o [1]
  .text              ro code   0x800'1690     0x4  startup_stm32f40_41xxx.o [1]
  .text              ro code   0x800'1694     0x4  startup_stm32f40_41xxx.o [1]
  .text              ro code   0x800'1698     0x4  startup_stm32f40_41xxx.o [1]
  .text              ro code   0x800'169c     0x4  startup_stm32f40_41xxx.o [1]
  .text              ro code   0x800'16a0     0x4  startup_stm32f40_41xxx.o [1]
  .text              ro code   0x800'16a4     0x4  startup_stm32f40_41xxx.o [1]
  .text              ro code   0x800'16a8     0x4  startup_stm32f40_41xxx.o [1]
  .text              ro code   0x800'16ac     0x4  startup_stm32f40_41xxx.o [1]
  .text              ro code   0x800'16b0     0x4  startup_stm32f40_41xxx.o [1]
  .text              ro code   0x800'16b4     0x4  startup_stm32f40_41xxx.o [1]
  .text              ro code   0x800'16b8     0x4  startup_stm32f40_41xxx.o [1]
  .text              ro code   0x800'16bc     0x4  startup_stm32f40_41xxx.o [1]
  .text              ro code   0x800'16c0     0x4  startup_stm32f40_41xxx.o [1]
  .text              ro code   0x800'16c4     0x4  startup_stm32f40_41xxx.o [1]
  .text              ro code   0x800'16c8     0x4  startup_stm32f40_41xxx.o [1]
  .text              ro code   0x800'16cc     0x4  startup_stm32f40_41xxx.o [1]
  .text              ro code   0x800'16d0     0x4  startup_stm32f40_41xxx.o [1]
  .text              ro code   0x800'16d4     0x4  startup_stm32f40_41xxx.o [1]
  .text              ro code   0x800'16d8     0x4  startup_stm32f40_41xxx.o [1]
  .text              ro code   0x800'16dc     0x4  startup_stm32f40_41xxx.o [1]
  .text              ro code   0x800'16e0     0x4  startup_stm32f40_41xxx.o [1]
  .text              ro code   0x800'16e4     0x4  startup_stm32f40_41xxx.o [1]
  .text              ro code   0x800'16e8     0x4  startup_stm32f40_41xxx.o [1]
  .text              ro code   0x800'16ec     0x4  startup_stm32f40_41xxx.o [1]
  .text              ro code   0x800'16f0     0x4  startup_stm32f40_41xxx.o [1]
  .text              ro code   0x800'16f4     0x4  startup_stm32f40_41xxx.o [1]
  .text              ro code   0x800'16f8     0x4  startup_stm32f40_41xxx.o [1]
  .text              ro code   0x800'16fc     0x4  startup_stm32f40_41xxx.o [1]
  .text              ro code   0x800'1700     0x4  startup_stm32f40_41xxx.o [1]
  .text              ro code   0x800'1704     0x4  startup_stm32f40_41xxx.o [1]
  .text              ro code   0x800'1708     0x4  startup_stm32f40_41xxx.o [1]
  .text              ro code   0x800'170c     0x4  startup_stm32f40_41xxx.o [1]
  .text              ro code   0x800'1710     0x4  startup_stm32f40_41xxx.o [1]
  .text              ro code   0x800'1714     0x4  startup_stm32f40_41xxx.o [1]
  .text              ro code   0x800'1718     0x4  startup_stm32f40_41xxx.o [1]
  .text              ro code   0x800'171c     0x4  startup_stm32f40_41xxx.o [1]
  .text              ro code   0x800'1720     0x4  startup_stm32f40_41xxx.o [1]
  .text              ro code   0x800'1724     0x4  startup_stm32f40_41xxx.o [1]
  .text              ro code   0x800'1728     0x4  startup_stm32f40_41xxx.o [1]
  .text              ro code   0x800'172c     0x4  startup_stm32f40_41xxx.o [1]
  .text              ro code   0x800'1730     0x4  startup_stm32f40_41xxx.o [1]
  .text              ro code   0x800'1734     0x4  startup_stm32f40_41xxx.o [1]
  .text              ro code   0x800'1738     0x4  startup_stm32f40_41xxx.o [1]
  .text              ro code   0x800'173c     0x4  startup_stm32f40_41xxx.o [1]
  .text              ro code   0x800'1740     0x4  startup_stm32f40_41xxx.o [1]
  .text              ro code   0x800'1744     0x4  startup_stm32f40_41xxx.o [1]
  .text              ro code   0x800'1748     0x4  startup_stm32f40_41xxx.o [1]
  .text              ro code   0x800'174c     0x4  startup_stm32f40_41xxx.o [1]
  .text              ro code   0x800'1750     0x4  startup_stm32f40_41xxx.o [1]
  .text              ro code   0x800'1754     0x4  startup_stm32f40_41xxx.o [1]
  .text              ro code   0x800'1758     0x4  startup_stm32f40_41xxx.o [1]
  .text              ro code   0x800'175c     0x4  startup_stm32f40_41xxx.o [1]
  .text              ro code   0x800'1760     0x4  startup_stm32f40_41xxx.o [1]
  .text              ro code   0x800'1764     0x4  startup_stm32f40_41xxx.o [1]
  .text              ro code   0x800'1768     0x4  startup_stm32f40_41xxx.o [1]
  .text              ro code   0x800'176c     0x4  startup_stm32f40_41xxx.o [1]
  .text              ro code   0x800'1770     0x4  startup_stm32f40_41xxx.o [1]
  .text              ro code   0x800'1774     0x4  startup_stm32f40_41xxx.o [1]
  .text              ro code   0x800'1778     0x4  startup_stm32f40_41xxx.o [1]
  .rodata            const     0x800'177c     0x0  zero_init3.o [9]
  .rodata            const     0x800'177c     0x0  copy_init3.o [9]
  Initializer bytes  const     0x800'177c    0x14  <for P4 s0>
                             - 0x800'1790  0x1608

"P4", part 1 of 3:                           0x14
  P4 s0                       0x2000'0000    0x14  <Init block>
    .data            inited   0x2000'0000    0x10  stm32f4xx_rcc.o [5]
    .data            inited   0x2000'0010     0x4  system_stm32f4xx.o [1]
                            - 0x2000'0014    0x14

"P4", part 2 of 3:                           0x64
  .bss               zero     0x2000'0014    0x1c  main.o [4]
  .bss               zero     0x2000'0030    0x18  Init.o [4]
  .bss               zero     0x2000'0048    0x10  main.o [4]
  .bss               zero     0x2000'0058    0x10  Sys_Init.o [1]
  .bss               zero     0x2000'0068     0x8  heap0.o [7]
  .bss               zero     0x2000'0070     0x4  Delay.o [2]
  .bss               zero     0x2000'0074     0x4  xgetmemchunk.o [7]
                            - 0x2000'0078    0x64

"P4", part 3 of 3:                         0x4000
  CSTACK                      0x2000'0078  0x2000  <Block>
    CSTACK           uninit   0x2000'0078  0x2000  <Block tail>
  HEAP                        0x2000'2078  0x2000  <Block>
    HEAP             uninit   0x2000'2078  0x2000  <Block tail>
                            - 0x2000'4078  0x4000

Unused ranges:

         From           To      Size
         ----           --      ----
   0x800'1790   0x80f'ffff  0xf'e870
  0x2000'4078  0x2001'bfff  0x1'7f88
  0x2001'c000  0x2001'ffff    0x4000


*******************************************************************************
*** INIT TABLE
***

          Address      Size
          -------      ----
Zero (__iar_zero_init3)
    1 destination range, total size 0x64:
          0x2000'0014  0x64

Copy (__iar_copy_init3)
    1 source range, total size 0x14:
           0x800'177c  0x14
    1 destination range, total size 0x14:
          0x2000'0000  0x14



*******************************************************************************
*** MODULE SUMMARY
***

    Module                    ro code  ro data  rw data
    ------                    -------  -------  -------
command line/config:
    ---------------------------------------------------
    Total:

E:\IAR projects\STM32F4xx\w25qxx\SPL\Debug\Obj\Config_11493520833803052547.dir: [1]
    Sys_Init.o                    124                16
    startup_stm32f40_41xxx.o      768
    system_stm32f4xx.o            188       20        4
    ---------------------------------------------------
    Total:                      1'080       20       20

E:\IAR projects\STM32F4xx\w25qxx\SPL\Debug\Obj\Delay_15897712922073547611.dir: [2]
    Delay.o                       176                 4
    ---------------------------------------------------
    Total:                        176                 4

E:\IAR projects\STM32F4xx\w25qxx\SPL\Debug\Obj\SPI_17047752498144604355.dir: [3]
    SPI.o                         580
    ---------------------------------------------------
    Total:                        580

E:\IAR projects\STM32F4xx\w25qxx\SPL\Debug\Obj\Source_15812263154798067462.dir: [4]
    Init.o                        204                24
    main.o                        180       16       44
    ---------------------------------------------------
    Total:                        384       16       68

E:\IAR projects\STM32F4xx\w25qxx\SPL\Debug\Obj\src_4334390804880101107.dir: [5]
    stm32f4xx_flash.o              48
    stm32f4xx_gpio.o              248
    stm32f4xx_rcc.o               748       16       16
    stm32f4xx_spi.o               308
    ---------------------------------------------------
    Total:                      1'352       16       16

E:\IAR projects\STM32F4xx\w25qxx\SPL\Debug\Obj\w25qxx_12202358171051320134.dir: [6]
    w25qxx.o                    1'376
    w25qxx_Interface.o             44
    ---------------------------------------------------
    Total:                      1'420

dl7M_tln.a: [7]
    exit.o                          4
    heap0.o                       316                 8
    heaptramp0.o                    4
    low_level_init.o                4
    strncmp.o                      42
    xgetmemchunk.o                 44                 4
    ---------------------------------------------------
    Total:                        414                12

m7M_tls.a: [8]
    fpinit_M.o                     34
    ---------------------------------------------------
    Total:                         34

rt7M_tl.a: [9]
    ABImemcpy.o                   166
    cexit.o                        10
    cmain.o                        30
    copy_init3.o                   42
    cstartup_M.o                   28
    data_init.o                    40
    memcmp.o                      104
    zero_init3.o                   56
    ---------------------------------------------------
    Total:                        476

shb_l.a: [10]
    exit.o                         20
    ---------------------------------------------------
    Total:                         20

    Gaps                            6        2
    Linker created                          36   16'384
-------------------------------------------------------
    Grand Total:                5'942       90   16'504


*******************************************************************************
*** ENTRY LIST
***

Entry                       Address   Size  Type      Object
-----                       -------   ----  ----      ------
.iar.init_table$$Base    0x800'155c          --   Gb  - Linker created -
.iar.init_table$$Limit   0x800'1580          --   Gb  - Linker created -
?main                    0x800'1581         Code  Gb  cmain.o [9]
ADC_IRQHandler           0x800'167d         Code  Wk  startup_stm32f40_41xxx.o [1]
AHBPrescTable            0x800'15f4   0x10  Data  Gb  system_stm32f4xx.o [1]
APBAHBPrescTable        0x2000'0000   0x10  Data  Lc  stm32f4xx_rcc.o [5]
Aldata                  0x2000'0068    0x8  Data  Lc  heap0.o [7]
BusFault_Handler         0x800'1621         Code  Wk  startup_stm32f40_41xxx.o [1]
CAN1_RX0_IRQHandler      0x800'1685         Code  Wk  startup_stm32f40_41xxx.o [1]
CAN1_RX1_IRQHandler      0x800'1689         Code  Wk  startup_stm32f40_41xxx.o [1]
CAN1_SCE_IRQHandler      0x800'168d         Code  Wk  startup_stm32f40_41xxx.o [1]
CAN1_TX_IRQHandler       0x800'1681         Code  Wk  startup_stm32f40_41xxx.o [1]
CAN2_RX0_IRQHandler      0x800'1735         Code  Wk  startup_stm32f40_41xxx.o [1]
CAN2_RX1_IRQHandler      0x800'1739         Code  Wk  startup_stm32f40_41xxx.o [1]
CAN2_SCE_IRQHandler      0x800'173d         Code  Wk  startup_stm32f40_41xxx.o [1]
CAN2_TX_IRQHandler       0x800'1731         Code  Wk  startup_stm32f40_41xxx.o [1]
CRYP_IRQHandler          0x800'1771         Code  Wk  startup_stm32f40_41xxx.o [1]
CSTACK$$Base            0x2000'0078          --   Gb  - Linker created -
CSTACK$$Limit           0x2000'2078          --   Gb  - Linker created -
DCMI_IRQHandler          0x800'176d         Code  Wk  startup_stm32f40_41xxx.o [1]
DMA1_Stream0_IRQHandler
                         0x800'1661         Code  Wk  startup_stm32f40_41xxx.o [1]
DMA1_Stream1_IRQHandler
                         0x800'1665         Code  Wk  startup_stm32f40_41xxx.o [1]
DMA1_Stream2_IRQHandler
                         0x800'1669         Code  Wk  startup_stm32f40_41xxx.o [1]
DMA1_Stream3_IRQHandler
                         0x800'166d         Code  Wk  startup_stm32f40_41xxx.o [1]
DMA1_Stream4_IRQHandler
                         0x800'1671         Code  Wk  startup_stm32f40_41xxx.o [1]
DMA1_Stream5_IRQHandler
                         0x800'1675         Code  Wk  startup_stm32f40_41xxx.o [1]
DMA1_Stream6_IRQHandler
                         0x800'1679         Code  Wk  startup_stm32f40_41xxx.o [1]
DMA1_Stream7_IRQHandler
                         0x800'16f1         Code  Wk  startup_stm32f40_41xxx.o [1]
DMA2_Stream0_IRQHandler
                         0x800'1715         Code  Wk  startup_stm32f40_41xxx.o [1]
DMA2_Stream1_IRQHandler
                         0x800'1719         Code  Wk  startup_stm32f40_41xxx.o [1]
DMA2_Stream2_IRQHandler
                         0x800'171d         Code  Wk  startup_stm32f40_41xxx.o [1]
DMA2_Stream3_IRQHandler
                         0x800'1721         Code  Wk  startup_stm32f40_41xxx.o [1]
DMA2_Stream4_IRQHandler
                         0x800'1725         Code  Wk  startup_stm32f40_41xxx.o [1]
DMA2_Stream5_IRQHandler
                         0x800'1745         Code  Wk  startup_stm32f40_41xxx.o [1]
DMA2_Stream6_IRQHandler
                         0x800'1749         Code  Wk  startup_stm32f40_41xxx.o [1]
DMA2_Stream7_IRQHandler
                         0x800'174d         Code  Wk  startup_stm32f40_41xxx.o [1]
DebugMon_Handler         0x800'162d         Code  Wk  startup_stm32f40_41xxx.o [1]
Delay                    0x800'0cd9   0x36  Code  Gb  Delay.o [2]
ETH_IRQHandler           0x800'1729         Code  Wk  startup_stm32f40_41xxx.o [1]
ETH_WKUP_IRQHandler      0x800'172d         Code  Wk  startup_stm32f40_41xxx.o [1]
EXTI0_IRQHandler         0x800'164d         Code  Wk  startup_stm32f40_41xxx.o [1]
EXTI15_10_IRQHandler     0x800'16d5         Code  Wk  startup_stm32f40_41xxx.o [1]
EXTI1_IRQHandler         0x800'1651         Code  Wk  startup_stm32f40_41xxx.o [1]
EXTI2_IRQHandler         0x800'1655         Code  Wk  startup_stm32f40_41xxx.o [1]
EXTI3_IRQHandler         0x800'1659         Code  Wk  startup_stm32f40_41xxx.o [1]
EXTI4_IRQHandler         0x800'165d         Code  Wk  startup_stm32f40_41xxx.o [1]
EXTI9_5_IRQHandler       0x800'1691         Code  Wk  startup_stm32f40_41xxx.o [1]
Error_Handler            0x800'0c81    0x4  Code  Gb  main.o [4]
FLASH_IRQHandler         0x800'1645         Code  Wk  startup_stm32f40_41xxx.o [1]
FLASH_PrefetchBufferCmd
                         0x800'13b9   0x22  Code  Gb  stm32f4xx_flash.o [5]
FLASH_SetLatency         0x800'13b1    0x8  Code  Gb  stm32f4xx_flash.o [5]
FPU_IRQHandler           0x800'1779         Code  Wk  startup_stm32f40_41xxx.o [1]
FSMC_IRQHandler          0x800'16f5         Code  Wk  startup_stm32f40_41xxx.o [1]
GPIO_Init                0x800'13e1   0x90  Code  Gb  stm32f4xx_gpio.o [5]
GPIO_PinAFConfig         0x800'1489   0x50  Code  Gb  stm32f4xx_gpio.o [5]
GPIO_StructInit          0x800'1471   0x18  Code  Gb  stm32f4xx_gpio.o [5]
HASH_RNG_IRQHandler      0x800'1775         Code  Wk  startup_stm32f40_41xxx.o [1]
HEAP$$Base              0x2000'2078          --   Gb  - Linker created -
HEAP$$Limit             0x2000'4078          --   Gb  - Linker created -
HardFault_Handler        0x800'1619         Code  Wk  startup_stm32f40_41xxx.o [1]
I2C1_ER_IRQHandler       0x800'16b5         Code  Wk  startup_stm32f40_41xxx.o [1]
I2C1_EV_IRQHandler       0x800'16b1         Code  Wk  startup_stm32f40_41xxx.o [1]
I2C2_ER_IRQHandler       0x800'16bd         Code  Wk  startup_stm32f40_41xxx.o [1]
I2C2_EV_IRQHandler       0x800'16b9         Code  Wk  startup_stm32f40_41xxx.o [1]
I2C3_ER_IRQHandler       0x800'1759         Code  Wk  startup_stm32f40_41xxx.o [1]
I2C3_EV_IRQHandler       0x800'1755         Code  Wk  startup_stm32f40_41xxx.o [1]
IO_Init                  0x800'11fd   0xcc  Code  Gb  Init.o [4]
MemManage_Handler        0x800'161d         Code  Wk  startup_stm32f40_41xxx.o [1]
ModBus_CRC               0x800'069b   0x4e  Code  Lc  w25qxx.o [6]
NMI_Handler              0x800'1615         Code  Wk  startup_stm32f40_41xxx.o [1]
OTG_FS_IRQHandler        0x800'1741         Code  Wk  startup_stm32f40_41xxx.o [1]
OTG_FS_WKUP_IRQHandler   0x800'16dd         Code  Wk  startup_stm32f40_41xxx.o [1]
OTG_HS_EP1_IN_IRQHandler
                         0x800'1761         Code  Wk  startup_stm32f40_41xxx.o [1]
OTG_HS_EP1_OUT_IRQHandler
                         0x800'175d         Code  Wk  startup_stm32f40_41xxx.o [1]
OTG_HS_IRQHandler        0x800'1769         Code  Wk  startup_stm32f40_41xxx.o [1]
OTG_HS_WKUP_IRQHandler   0x800'1765         Code  Wk  startup_stm32f40_41xxx.o [1]
PVD_IRQHandler           0x800'1639         Code  Wk  startup_stm32f40_41xxx.o [1]
PendSV_Handler           0x800'1631         Code  Wk  startup_stm32f40_41xxx.o [1]
RCC_APB1PeriphClockCmd   0x800'0f45   0x1c  Code  Gb  stm32f4xx_rcc.o [5]
RCC_APB1PeriphResetCmd   0x800'0f7d   0x1c  Code  Gb  stm32f4xx_rcc.o [5]
RCC_APB2PeriphClockCmd   0x800'0f61   0x1c  Code  Gb  stm32f4xx_rcc.o [5]
RCC_APB2PeriphResetCmd   0x800'0f99   0x1c  Code  Gb  stm32f4xx_rcc.o [5]
RCC_ClockSecuritySystemCmd
                         0x800'0e25    0xa  Code  Gb  stm32f4xx_rcc.o [5]
RCC_DeInit               0x800'0d61   0x56  Code  Gb  stm32f4xx_rcc.o [5]
RCC_GetClocksFreq        0x800'0e85   0xc0  Code  Gb  stm32f4xx_rcc.o [5]
RCC_GetFlagStatus        0x800'0fb5   0x3c  Code  Gb  stm32f4xx_rcc.o [5]
RCC_GetSYSCLKSource      0x800'0e41    0xc  Code  Gb  stm32f4xx_rcc.o [5]
RCC_HCLKConfig           0x800'0e4d   0x12  Code  Gb  stm32f4xx_rcc.o [5]
RCC_HSEConfig            0x800'0db7    0xc  Code  Gb  stm32f4xx_rcc.o [5]
RCC_IRQHandler           0x800'1649         Code  Wk  startup_stm32f40_41xxx.o [1]
RCC_PCLK1Config          0x800'0e5f   0x12  Code  Gb  stm32f4xx_rcc.o [5]
RCC_PCLK2Config          0x800'0e71   0x14  Code  Gb  stm32f4xx_rcc.o [5]
RCC_PLLCmd               0x800'0e1b    0xa  Code  Gb  stm32f4xx_rcc.o [5]
RCC_PLLConfig            0x800'0dfb   0x20  Code  Gb  stm32f4xx_rcc.o [5]
RCC_SYSCLKConfig         0x800'0e2f   0x12  Code  Gb  stm32f4xx_rcc.o [5]
RCC_WaitForHSEStartUp    0x800'0dc3   0x38  Code  Gb  stm32f4xx_rcc.o [5]
RTC_Alarm_IRQHandler     0x800'16d9         Code  Wk  startup_stm32f40_41xxx.o [1]
RTC_WKUP_IRQHandler      0x800'1641         Code  Wk  startup_stm32f40_41xxx.o [1]
Region$$Table$$Base      0x800'155c          --   Gb  - Linker created -
Region$$Table$$Limit     0x800'1580          --   Gb  - Linker created -
Reset_Handler            0x800'1605         Code  Wk  startup_stm32f40_41xxx.o [1]
SDIO_IRQHandler          0x800'16f9         Code  Wk  startup_stm32f40_41xxx.o [1]
SPI1_IRQHandler          0x800'16c1         Code  Wk  startup_stm32f40_41xxx.o [1]
SPI2_IRQHandler          0x800'16c5         Code  Wk  startup_stm32f40_41xxx.o [1]
SPI3_IRQHandler          0x800'1701         Code  Wk  startup_stm32f40_41xxx.o [1]
SPI_Cmd                  0x800'1149   0x1c  Code  Gb  stm32f4xx_spi.o [5]
SPI_I2S_DeInit           0x800'104d   0xaa  Code  Gb  stm32f4xx_spi.o [5]
SPI_Init                 0x800'10f7   0x3a  Code  Gb  stm32f4xx_spi.o [5]
SPI_Receive              0x800'0ac5   0x74  Code  Gb  SPI.o [3]
SPI_SSOutputCmd          0x800'1165   0x1c  Code  Gb  stm32f4xx_spi.o [5]
SPI_Transmit             0x800'0a41   0x84  Code  Gb  SPI.o [3]
SPI_WaitWithTimeout      0x800'0b39   0x88  Code  Lc  SPI.o [3]
SPIx_Init                0x800'098d   0xb4  Code  Gb  SPI.o [3]
SVC_Handler              0x800'1629         Code  Wk  startup_stm32f40_41xxx.o [1]
SysTick_Config           0x800'0ca9   0x2e  Code  Lc  Delay.o [2]
SysTick_Handler          0x800'0d0f    0xa  Code  Gb  Delay.o [2]
Sys_Init                 0x800'1181   0x7c  Code  Gb  Sys_Init.o [1]
SystemCoreClock         0x2000'0010    0x4  Data  Gb  system_stm32f4xx.o [1]
SystemCoreClockUpdate    0x800'1301   0x92  Code  Gb  system_stm32f4xx.o [1]
SystemInit               0x800'12f5    0xc  Code  Gb  system_stm32f4xx.o [1]
TAMP_STAMP_IRQHandler    0x800'163d         Code  Wk  startup_stm32f40_41xxx.o [1]
TIM1_BRK_TIM9_IRQHandler
                         0x800'1695         Code  Wk  startup_stm32f40_41xxx.o [1]
TIM1_CC_IRQHandler       0x800'16a1         Code  Wk  startup_stm32f40_41xxx.o [1]
TIM1_TRG_COM_TIM11_IRQHandler
                         0x800'169d         Code  Wk  startup_stm32f40_41xxx.o [1]
TIM1_UP_TIM10_IRQHandler
                         0x800'1699         Code  Wk  startup_stm32f40_41xxx.o [1]
TIM2_IRQHandler          0x800'16a5         Code  Wk  startup_stm32f40_41xxx.o [1]
TIM3_IRQHandler          0x800'16a9         Code  Wk  startup_stm32f40_41xxx.o [1]
TIM4_IRQHandler          0x800'16ad         Code  Wk  startup_stm32f40_41xxx.o [1]
TIM5_IRQHandler          0x800'16fd         Code  Wk  startup_stm32f40_41xxx.o [1]
TIM6_DAC_IRQHandler      0x800'170d         Code  Wk  startup_stm32f40_41xxx.o [1]
TIM7_IRQHandler          0x800'1711         Code  Wk  startup_stm32f40_41xxx.o [1]
TIM8_BRK_TIM12_IRQHandler
                         0x800'16e1         Code  Wk  startup_stm32f40_41xxx.o [1]
TIM8_CC_IRQHandler       0x800'16ed         Code  Wk  startup_stm32f40_41xxx.o [1]
TIM8_TRG_COM_TIM14_IRQHandler
                         0x800'16e9         Code  Wk  startup_stm32f40_41xxx.o [1]
TIM8_UP_TIM13_IRQHandler
                         0x800'16e5         Code  Wk  startup_stm32f40_41xxx.o [1]
UART4_IRQHandler         0x800'1705         Code  Wk  startup_stm32f40_41xxx.o [1]
UART5_IRQHandler         0x800'1709         Code  Wk  startup_stm32f40_41xxx.o [1]
USART1_IRQHandler        0x800'16c9         Code  Wk  startup_stm32f40_41xxx.o [1]
USART2_IRQHandler        0x800'16cd         Code  Wk  startup_stm32f40_41xxx.o [1]
USART3_IRQHandler        0x800'16d1         Code  Wk  startup_stm32f40_41xxx.o [1]
USART6_IRQHandler        0x800'1751         Code  Wk  startup_stm32f40_41xxx.o [1]
UsageFault_Handler       0x800'1625         Code  Wk  startup_stm32f40_41xxx.o [1]
WWDG_IRQHandler          0x800'1635         Code  Wk  startup_stm32f40_41xxx.o [1]
__NVIC_SetPriority       0x800'0c85   0x24  Code  Lc  Delay.o [2]
__aeabi_memcpy           0x800'08bd         Code  Gb  ABImemcpy.o [9]
__aeabi_memcpy4          0x800'08dd         Code  Gb  ABImemcpy.o [9]
__aeabi_memcpy8          0x800'08dd         Code  Gb  ABImemcpy.o [9]
__basic_free             0x800'07c1   0x16  Code  Gb  heap0.o [7]
__basic_free_intern      0x800'07d7   0x74  Code  Lc  heap0.o [7]
__basic_malloc           0x800'0715   0x18  Code  Gb  heap0.o [7]
__basic_malloc_intern    0x800'072d   0x94  Code  Lc  heap0.o [7]
__cmain                  0x800'1581         Code  Gb  cmain.o [9]
__data_GetMemChunk       0x800'0d35   0x2c  Code  Gb  xgetmemchunk.o [7]
__data_GetMemChunk::start
                        0x2000'0074    0x4  Data  Lc  xgetmemchunk.o [7]
__exit                   0x800'15b5   0x14  Code  Gb  exit.o [10]
__iar_copy_init3         0x800'0963   0x2a  Code  Gb  copy_init3.o [9]
__iar_data_init3         0x800'1511   0x28  Code  Gb  data_init.o [9]
__iar_init_vfp           0x800'1539         Code  Gb  fpinit_M.o [8]
__iar_program_start      0x800'15c9         Code  Gb  cstartup_M.o [9]
__iar_zero_init3         0x800'14d9   0x38  Code  Gb  zero_init3.o [9]
__low_level_init         0x800'159f    0x4  Code  Gb  low_level_init.o [7]
__vector_table           0x800'0000         Data  Gb  startup_stm32f40_41xxx.o [1]
_call_main               0x800'158d         Code  Gb  cmain.o [9]
_exit                    0x800'15a9         Code  Gb  cexit.o [9]
bufferRead              0x2000'0048   0x10  Data  Gb  main.o [4]
bufferWrite              0x800'15e4   0x10  Data  Gb  main.o [4]
exit                     0x800'15a3    0x4  Code  Gb  exit.o [7]
free                     0x800'08b9    0x4  Code  Gb  heaptramp0.o [7]
hspi1                   0x2000'0030   0x18  Data  Gb  Init.o [4]
main                     0x800'0bd1   0x9c  Code  Gb  main.o [4]
memcmp                   0x800'0851         Code  Gb  memcmp.o [9]
rcc_clocks              0x2000'0058   0x10  Data  Gb  Sys_Init.o [1]
strncmp                  0x800'12c9   0x2a  Code  Gb  strncmp.o [7]
uwTick                  0x2000'0070    0x4  Data  Gb  Delay.o [2]
w25qxx_Delay             0x800'070d    0x8  Code  Gb  w25qxx_Interface.o [6]
w25qxx_Handle           0x2000'0014   0x1c  Data  Gb  main.o [4]
w25qxx_Init              0x800'0189  0x16c  Code  Gb  w25qxx.o [6]
w25qxx_Read              0x800'042d  0x16a  Code  Gb  w25qxx.o [6]
w25qxx_ReadID            0x800'0597   0x5a  Code  Lc  w25qxx.o [6]
w25qxx_SPI_Receive       0x800'06fb   0x12  Code  Gb  w25qxx_Interface.o [6]
w25qxx_SPI_Transmit      0x800'06e9   0x12  Code  Gb  w25qxx_Interface.o [6]
w25qxx_WaitWithTimeout   0x800'05f1   0x66  Code  Lc  w25qxx.o [6]
w25qxx_Write             0x800'02f5  0x138  Code  Gb  w25qxx.o [6]
w25qxx_WriteEnable       0x800'0669   0x32  Code  Lc  w25qxx.o [6]


[1] = E:\IAR projects\STM32F4xx\w25qxx\SPL\Debug\Obj\Config_11493520833803052547.dir
[2] = E:\IAR projects\STM32F4xx\w25qxx\SPL\Debug\Obj\Delay_15897712922073547611.dir
[3] = E:\IAR projects\STM32F4xx\w25qxx\SPL\Debug\Obj\SPI_17047752498144604355.dir
[4] = E:\IAR projects\STM32F4xx\w25qxx\SPL\Debug\Obj\Source_15812263154798067462.dir
[5] = E:\IAR projects\STM32F4xx\w25qxx\SPL\Debug\Obj\src_4334390804880101107.dir
[6] = E:\IAR projects\STM32F4xx\w25qxx\SPL\Debug\Obj\w25qxx_12202358171051320134.dir
[7] = dl7M_tln.a
[8] = m7M_tls.a
[9] = rt7M_tl.a
[10] = shb_l.a

   5'942 bytes of readonly  code memory
      90 bytes of readonly  data memory
  16'504 bytes of readwrite data memory

Errors: none
Warnings: none
