Archive member included to satisfy reference by file (symbol)

w25qxx/libw25qxx.a(w25qxx_Demo.c.obj)
                              CMakeFiles/rp2040_w25qxx.dir/rp2040_w25qxx.c.obj (w25qxx_Demo)
w25qxx/libw25qxx.a(w25qxx.c.obj)
                              w25qxx/libw25qxx.a(w25qxx_Demo.c.obj) (w25qxx_Link)
E:/Toolchain/arm-gnu-toolchain/bin/../lib/gcc/arm-none-eabi/13.2.1/thumb/v6-m/nofp\libgcc.a(_dvmd_tls.o)
                              CMakeFiles/rp2040_w25qxx.dir/E_/Raspberry/pico/pico-sdk/src/rp2_common/pico_divider/divider.S.obj (__aeabi_idiv0)
E:/Toolchain/arm-gnu-toolchain/bin/../lib/gcc/arm-none-eabi/13.2.1/thumb/v6-m/nofp\libg.a(libc_a-calloc.o)
                              CMakeFiles/rp2040_w25qxx.dir/E_/Raspberry/pico/pico-sdk/src/rp2_common/pico_malloc/pico_malloc.c.obj (calloc)
E:/Toolchain/arm-gnu-toolchain/bin/../lib/gcc/arm-none-eabi/13.2.1/thumb/v6-m/nofp\libg.a(libc_a-callocr.o)
                              E:/Toolchain/arm-gnu-toolchain/bin/../lib/gcc/arm-none-eabi/13.2.1/thumb/v6-m/nofp\libg.a(libc_a-calloc.o) (_calloc_r)
E:/Toolchain/arm-gnu-toolchain/bin/../lib/gcc/arm-none-eabi/13.2.1/thumb/v6-m/nofp\libg.a(libc_a-malloc.o)
                              CMakeFiles/rp2040_w25qxx.dir/E_/Raspberry/pico/pico-sdk/src/rp2_common/pico_malloc/pico_malloc.c.obj (malloc)
E:/Toolchain/arm-gnu-toolchain/bin/../lib/gcc/arm-none-eabi/13.2.1/thumb/v6-m/nofp\libg.a(libc_a-mallocr.o)
                              E:/Toolchain/arm-gnu-toolchain/bin/../lib/gcc/arm-none-eabi/13.2.1/thumb/v6-m/nofp\libg.a(libc_a-callocr.o) (_malloc_r)
E:/Toolchain/arm-gnu-toolchain/bin/../lib/gcc/arm-none-eabi/13.2.1/thumb/v6-m/nofp\libg.a(libc_a-mlock.o)
                              E:/Toolchain/arm-gnu-toolchain/bin/../lib/gcc/arm-none-eabi/13.2.1/thumb/v6-m/nofp\libg.a(libc_a-mallocr.o) (__malloc_lock)
E:/Toolchain/arm-gnu-toolchain/bin/../lib/gcc/arm-none-eabi/13.2.1/thumb/v6-m/nofp\libg.a(libc_a-realloc.o)
                              CMakeFiles/rp2040_w25qxx.dir/E_/Raspberry/pico/pico-sdk/src/rp2_common/pico_malloc/pico_malloc.c.obj (realloc)
E:/Toolchain/arm-gnu-toolchain/bin/../lib/gcc/arm-none-eabi/13.2.1/thumb/v6-m/nofp\libg.a(libc_a-reallocr.o)
                              E:/Toolchain/arm-gnu-toolchain/bin/../lib/gcc/arm-none-eabi/13.2.1/thumb/v6-m/nofp\libg.a(libc_a-realloc.o) (_realloc_r)
E:/Toolchain/arm-gnu-toolchain/bin/../lib/gcc/arm-none-eabi/13.2.1/thumb/v6-m/nofp\libg.a(libc_a-memcmp.o)
                              w25qxx/libw25qxx.a(w25qxx_Demo.c.obj) (memcmp)
E:/Toolchain/arm-gnu-toolchain/bin/../lib/gcc/arm-none-eabi/13.2.1/thumb/v6-m/nofp\libg.a(libc_a-memmove.o)
                              E:/Toolchain/arm-gnu-toolchain/bin/../lib/gcc/arm-none-eabi/13.2.1/thumb/v6-m/nofp\libg.a(libc_a-reallocr.o) (memmove)
E:/Toolchain/arm-gnu-toolchain/bin/../lib/gcc/arm-none-eabi/13.2.1/thumb/v6-m/nofp\libg.a(libc_a-impure.o)
                              E:/Toolchain/arm-gnu-toolchain/bin/../lib/gcc/arm-none-eabi/13.2.1/thumb/v6-m/nofp\libg.a(libc_a-calloc.o) (_impure_ptr)
E:/Toolchain/arm-gnu-toolchain/bin/../lib/gcc/arm-none-eabi/13.2.1/thumb/v6-m/nofp\libg.a(libc_a-sbrkr.o)
                              E:/Toolchain/arm-gnu-toolchain/bin/../lib/gcc/arm-none-eabi/13.2.1/thumb/v6-m/nofp\libg.a(libc_a-mallocr.o) (_sbrk_r)
E:/Toolchain/arm-gnu-toolchain/bin/../lib/gcc/arm-none-eabi/13.2.1/thumb/v6-m/nofp\libg.a(libc_a-errno.o)
                              E:/Toolchain/arm-gnu-toolchain/bin/../lib/gcc/arm-none-eabi/13.2.1/thumb/v6-m/nofp\libg.a(libc_a-callocr.o) (__errno)
E:/Toolchain/arm-gnu-toolchain/bin/../lib/gcc/arm-none-eabi/13.2.1/thumb/v6-m/nofp\libg.a(libc_a-init.o)
                              E:/Toolchain/arm-gnu-toolchain/bin/../lib/gcc/arm-none-eabi/13.2.1/thumb/v6-m/nofp/crt0.o (__libc_init_array)
E:/Toolchain/arm-gnu-toolchain/bin/../lib/gcc/arm-none-eabi/13.2.1/thumb/v6-m/nofp\libg.a(libc_a-lock.o)
                              E:/Toolchain/arm-gnu-toolchain/bin/../lib/gcc/arm-none-eabi/13.2.1/thumb/v6-m/nofp\libg.a(libc_a-mlock.o) (__retarget_lock_acquire_recursive)
E:/Toolchain/arm-gnu-toolchain/bin/../lib/gcc/arm-none-eabi/13.2.1/thumb/v6-m/nofp\libg.a(libc_a-sysconf.o)
                              E:/Toolchain/arm-gnu-toolchain/bin/../lib/gcc/arm-none-eabi/13.2.1/thumb/v6-m/nofp\libg.a(libc_a-mallocr.o) (sysconf)
E:/Toolchain/arm-gnu-toolchain/bin/../lib/gcc/arm-none-eabi/13.2.1/thumb/v6-m/nofp\libg.a(libc_a-strlen-stub.o)
                              CMakeFiles/rp2040_w25qxx.dir/E_/Raspberry/pico/pico-sdk/src/rp2_common/pico_stdio/stdio.c.obj (strlen)
E:/Toolchain/arm-gnu-toolchain/bin/../lib/gcc/arm-none-eabi/13.2.1/thumb/v6-m/nofp\libg.a(libc_a-freer.o)
                              E:/Toolchain/arm-gnu-toolchain/bin/../lib/gcc/arm-none-eabi/13.2.1/thumb/v6-m/nofp\libg.a(libc_a-malloc.o) (_free_r)
E:/Toolchain/arm-gnu-toolchain/bin/../lib/gcc/arm-none-eabi/13.2.1/thumb/v6-m/nofp\libg.a(libc_a-findfp.o)
[...]
Memory Configuration

Name             Origin             Length             Attributes
FLASH            0x10000000         0x00200000         xr
RAM              0x20000000         0x00040000         xrw
SCRATCH_X        0x20040000         0x00001000         xrw
SCRATCH_Y        0x20041000         0x00001000         xrw
*default*        0x00000000         0xffffffff

Linker script and memory map

LOAD E:/Toolchain/arm-gnu-toolchain/bin/../lib/gcc/arm-none-eabi/13.2.1/thumb/v6-m/nofp/crti.o
LOAD E:/Toolchain/arm-gnu-toolchain/bin/../lib/gcc/arm-none-eabi/13.2.1/thumb/v6-m/nofp/crtbegin.o
LOAD E:/Toolchain/arm-gnu-toolchain/bin/../lib/gcc/arm-none-eabi/13.2.1/thumb/v6-m/nofp/crt0.o

.flash_begin    0x10000000        0x0
                0x10000000                        __flash_binary_start = .

.boot2          0x10000000      0x100
                0x10000000                        __boot2_start__ = .
 *(.boot2)
 .boot2         0x10000000      0x100 C:\Users\RE5FE~1.CHE\AppData\Local\Temp\ccINGzBi.o
                0x10000100                        __boot2_end__ = .
                0x00000001                        ASSERT (((__boot2_end__ - __boot2_start__) == 0x100), ERROR: Pico second stage bootloader must be 256 bytes in size)

.text           0x10000100     0x96c0
                0x10000100                        __logical_binary_start = .
 *(.vectors)
 .vectors       0x10000100       0xd4 CMakeFiles/rp2040_w25qxx.dir/E_/Raspberry/pico/pico-sdk/src/rp2_common/pico_standard_link/crt0.S.obj
                0x10000100                __VECTOR_TABLE
                0x10000100                __vectors
                0x100001c0                isr_invalid
                0x100001c0                __default_isrs_start
                0x100001c2                isr_nmi
                0x100001c4                isr_hardfault
                0x100001c6                isr_svcall
                0x100001c8                isr_pendsv
                0x100001ca                isr_systick
                0x100001cc                isr_irq23
                0x100001cc                isr_irq18
                0x100001cc                isr_irq11
                0x100001cc                isr_irq28
                0x100001cc                isr_irq19
                0x100001cc                isr_irq0
                0x100001cc                isr_irq6
                0x100001cc                isr_irq5
                0x100001cc                isr_irq12
                0x100001cc                isr_irq22
                0x100001cc                isr_irq31
                0x100001cc                isr_irq17
                0x100001cc                isr_irq27
                0x100001cc                isr_irq30
                0x100001cc                isr_irq2
                0x100001cc                isr_irq10
                0x100001cc                isr_irq8
                0x100001cc                isr_irq24
                0x100001cc                isr_irq1
                0x100001cc                isr_irq7
                0x100001cc                isr_irq21
                0x100001cc                isr_irq20
                0x100001cc                isr_irq15
                0x100001cc                isr_irq25
                0x100001cc                isr_irq13
                0x100001cc                __unhandled_user_irq
                0x100001cc                isr_irq4
                0x100001cc                isr_irq16
                0x100001cc                isr_irq29
                0x100001cc                isr_irq26
                0x100001cc                __default_isrs_end
                0x100001cc                isr_irq3
                0x100001cc                isr_irq14
                0x100001cc                isr_irq9
                0x100001d2                unhandled_user_irq_num_in_r0
 *(.binary_info_header)
 .binary_info_header
                0x100001d4       0x14 CMakeFiles/rp2040_w25qxx.dir/E_/Raspberry/pico/pico-sdk/src/rp2_common/pico_standard_link/crt0.S.obj
                0x100001e8                        __binary_info_header_end = .
 *(.reset)
 .reset         0x100001e8       0xa0 CMakeFiles/rp2040_w25qxx.dir/E_/Raspberry/pico/pico-sdk/src/rp2_common/pico_standard_link/crt0.S.obj
                0x100001e8                _entry_point
 .reset         0x10000288       0x30 CMakeFiles/rp2040_w25qxx.dir/E_/Raspberry/pico/pico-sdk/src/rp2_common/pico_standard_link/binary_info.c.obj
 *(.init)
 .init          0x100002b8        0x4 E:/Toolchain/arm-gnu-toolchain/bin/../lib/gcc/arm-none-eabi/13.2.1/thumb/v6-m/nofp/crti.o
                0x100002b8                _init
 *(EXCLUDE_FILE(*libm.a: *libc.a:*lib_a-mem*.o *libgcc.a:) .text*)
 .text.register_tm_clones
                0x100002bc       0x28 E:/Toolchain/arm-gnu-toolchain/bin/../lib/gcc/arm-none-eabi/13.2.1/thumb/v6-m/nofp/crtbegin.o
 .text.frame_dummy
                0x100002e4       0x24 E:/Toolchain/arm-gnu-toolchain/bin/../lib/gcc/arm-none-eabi/13.2.1/thumb/v6-m/nofp/crtbegin.o
 .text.add_repeating_timer_us
                0x10000308       0x30 CMakeFiles/rp2040_w25qxx.dir/rp2040_w25qxx.c.obj
 .text.gpio_set_mask
                0x10000338       0x18 CMakeFiles/rp2040_w25qxx.dir/rp2040_w25qxx.c.obj
 .text.gpio_clr_mask
                0x10000350       0x18 CMakeFiles/rp2040_w25qxx.dir/rp2040_w25qxx.c.obj
 .text.gpio_put
                0x10000368       0x3a CMakeFiles/rp2040_w25qxx.dir/rp2040_w25qxx.c.obj
 .text.gpio_set_dir_out_masked
                0x100003a2       0x18 CMakeFiles/rp2040_w25qxx.dir/rp2040_w25qxx.c.obj
 .text.gpio_set_dir_in_masked
                0x100003ba       0x18 CMakeFiles/rp2040_w25qxx.dir/rp2040_w25qxx.c.obj
 .text.gpio_set_dir
                0x100003d2       0x3a CMakeFiles/rp2040_w25qxx.dir/rp2040_w25qxx.c.obj
 .text.repeating_timer_callback
                0x1000040c       0x20 CMakeFiles/rp2040_w25qxx.dir/rp2040_w25qxx.c.obj
                0x1000040c                repeating_timer_callback
 .text.IO_Init  0x1000042c       0x20 CMakeFiles/rp2040_w25qxx.dir/rp2040_w25qxx.c.obj
 .text.SPI0_Init
                0x1000044c       0x50 CMakeFiles/rp2040_w25qxx.dir/rp2040_w25qxx.c.obj
 .text.Error_Handler
                0x1000049c       0x10 CMakeFiles/rp2040_w25qxx.dir/rp2040_w25qxx.c.obj
                0x1000049c                Error_Handler
 .text.main     0x100004ac       0x50 CMakeFiles/rp2040_w25qxx.dir/rp2040_w25qxx.c.obj
                0x100004ac                main
 .text.gpio_set_mask
                0x100004fc       0x18 CMakeFiles/rp2040_w25qxx.dir/w25qxx_Interface.c.obj
 .text.gpio_clr_mask
                0x10000514       0x18 CMakeFiles/rp2040_w25qxx.dir/w25qxx_Interface.c.obj
 .text.gpio_put
                0x1000052c       0x3a CMakeFiles/rp2040_w25qxx.dir/w25qxx_Interface.c.obj
 *fill*         0x10000566        0x2 
 .text.w25qxx_SPI1_Receive
                0x10000568       0x48 CMakeFiles/rp2040_w25qxx.dir/w25qxx_Interface.c.obj
                0x10000568                w25qxx_SPI1_Receive
 .text.w25qxx_SPI1_Transmit
                0x100005b0       0x48 CMakeFiles/rp2040_w25qxx.dir/w25qxx_Interface.c.obj
                0x100005b0                w25qxx_SPI1_Transmit
 .text.w25qxx_SPI1_CS0_Set
                0x100005f8       0x36 CMakeFiles/rp2040_w25qxx.dir/w25qxx_Interface.c.obj
                0x100005f8                w25qxx_SPI1_CS0_Set
 *fill*         0x1000062e        0x2 
 .text.w25qxx_Delay
                0x10000630       0x38 CMakeFiles/rp2040_w25qxx.dir/w25qxx_Interface.c.obj
                0x10000630                w25qxx_Delay
 .text.w25qxx_Print
                0x10000668       0x20 CMakeFiles/rp2040_w25qxx.dir/w25qxx_Interface.c.obj
                0x10000668                w25qxx_Print
 .text.check_gpio_param
                0x10000688       0x10 CMakeFiles/rp2040_w25qxx.dir/E_/Raspberry/pico/pico-sdk/src/rp2_common/hardware_gpio/gpio.c.obj
 .text.gpio_set_mask
                0x10000698       0x18 CMakeFiles/rp2040_w25qxx.dir/E_/Raspberry/pico/pico-sdk/src/rp2_common/hardware_gpio/gpio.c.obj
 .text.gpio_clr_mask
                0x100006b0       0x18 CMakeFiles/rp2040_w25qxx.dir/E_/Raspberry/pico/pico-sdk/src/rp2_common/hardware_gpio/gpio.c.obj
 .text.gpio_put
                0x100006c8       0x3a CMakeFiles/rp2040_w25qxx.dir/E_/Raspberry/pico/pico-sdk/src/rp2_common/hardware_gpio/gpio.c.obj
 .text.gpio_set_dir_out_masked
                0x10000702       0x18 CMakeFiles/rp2040_w25qxx.dir/E_/Raspberry/pico/pico-sdk/src/rp2_common/hardware_gpio/gpio.c.obj
 .text.gpio_set_dir_in_masked
                0x1000071a       0x18 CMakeFiles/rp2040_w25qxx.dir/E_/Raspberry/pico/pico-sdk/src/rp2_common/hardware_gpio/gpio.c.obj
 .text.gpio_set_dir
                0x10000732       0x3a CMakeFiles/rp2040_w25qxx.dir/E_/Raspberry/pico/pico-sdk/src/rp2_common/hardware_gpio/gpio.c.obj
 .text.gpio_set_function
                0x1000076c       0x6c CMakeFiles/rp2040_w25qxx.dir/E_/Raspberry/pico/pico-sdk/src/rp2_common/hardware_gpio/gpio.c.obj
                0x1000076c                gpio_set_function
 .text.gpio_init
                0x100007d8       0x2e CMakeFiles/rp2040_w25qxx.dir/E_/Raspberry/pico/pico-sdk/src/rp2_common/hardware_gpio/gpio.c.obj
                0x100007d8                gpio_init
 *fill*         0x10000806        0x2 
 .text.running_on_fpga
                0x10000808       0x1c CMakeFiles/rp2040_w25qxx.dir/E_/Raspberry/pico/pico-sdk/src/rp2_common/pico_platform/platform.c.obj
                0x10000808                running_on_fpga
 .text.hw_claim_lock
                0x10000824       0x50 CMakeFiles/rp2040_w25qxx.dir/E_/Raspberry/pico/pico-sdk/src/rp2_common/hardware_claim/claim.c.obj
                0x10000824                hw_claim_lock
 .text.hw_claim_unlock
                0x10000874       0x4c CMakeFiles/rp2040_w25qxx.dir/E_/Raspberry/pico/pico-sdk/src/rp2_common/hardware_claim/claim.c.obj
                0x10000874                hw_claim_unlock
 .text.hw_is_claimed
                0x100008c0       0x32 CMakeFiles/rp2040_w25qxx.dir/E_/Raspberry/pico/pico-sdk/src/rp2_common/hardware_claim/claim.c.obj
                0x100008c0                hw_is_claimed
 .text.hw_claim_or_assert
                0x100008f2       0x66 CMakeFiles/rp2040_w25qxx.dir/E_/Raspberry/pico/pico-sdk/src/rp2_common/hardware_claim/claim.c.obj
                0x100008f2                hw_claim_or_assert
 .text.spin_locks_reset
                0x10000958       0x48 CMakeFiles/rp2040_w25qxx.dir/E_/Raspberry/pico/pico-sdk/src/rp2_common/hardware_sync/sync.c.obj
                0x10000958                spin_locks_reset
 .text.next_striped_spin_lock_num
                0x100009a0       0x30 CMakeFiles/rp2040_w25qxx.dir/E_/Raspberry/pico/pico-sdk/src/rp2_common/hardware_sync/sync.c.obj
                0x100009a0                next_striped_spin_lock_num
 .text.check_irq_param
                0x100009d0       0x10 CMakeFiles/rp2040_w25qxx.dir/E_/Raspberry/pico/pico-sdk/src/rp2_common/hardware_irq/irq.c.obj
 .text.get_vtable
                0x100009e0       0x14 CMakeFiles/rp2040_w25qxx.dir/E_/Raspberry/pico/pico-sdk/src/rp2_common/hardware_irq/irq.c.obj
 .text.add_thumb_bit
                0x100009f4       0x16 CMakeFiles/rp2040_w25qxx.dir/E_/Raspberry/pico/pico-sdk/src/rp2_common/hardware_irq/irq.c.obj
 .text.remove_thumb_bit
                0x10000a0a       0x16 CMakeFiles/rp2040_w25qxx.dir/E_/Raspberry/pico/pico-sdk/src/rp2_common/hardware_irq/irq.c.obj
 .text.set_raw_irq_handler_and_unlock
                0x10000a20       0x68 CMakeFiles/rp2040_w25qxx.dir/E_/Raspberry/pico/pico-sdk/src/rp2_common/hardware_irq/irq.c.obj
 .text.irq_set_enabled
                0x10000a88       0x30 CMakeFiles/rp2040_w25qxx.dir/E_/Raspberry/pico/pico-sdk/src/rp2_common/hardware_irq/irq.c.obj
                0x10000a88                irq_set_enabled
 .text.irq_is_enabled
                0x10000ab8       0x30 CMakeFiles/rp2040_w25qxx.dir/E_/Raspberry/pico/pico-sdk/src/rp2_common/hardware_irq/irq.c.obj
                0x10000ab8                irq_is_enabled
 .text.irq_set_mask_enabled
                0x10000ae8       0x40 CMakeFiles/rp2040_w25qxx.dir/E_/Raspberry/pico/pico-sdk/src/rp2_common/hardware_irq/irq.c.obj
                0x10000ae8                irq_set_mask_enabled
 .text.is_shared_irq_raw_handler
                0x10000b28       0x24 CMakeFiles/rp2040_w25qxx.dir/E_/Raspberry/pico/pico-sdk/src/rp2_common/hardware_irq/irq.c.obj
 .text.irq_get_vtable_handler
                0x10000b4c       0x28 CMakeFiles/rp2040_w25qxx.dir/E_/Raspberry/pico/pico-sdk/src/rp2_common/hardware_irq/irq.c.obj
                0x10000b4c                irq_get_vtable_handler
 .text.irq_set_exclusive_handler
                0x10000b74       0xa4 CMakeFiles/rp2040_w25qxx.dir/E_/Raspberry/pico/pico-sdk/src/rp2_common/hardware_irq/irq.c.obj
                0x10000b74                irq_set_exclusive_handler
 .text.make_branch
                0x10000c18       0x74 CMakeFiles/rp2040_w25qxx.dir/E_/Raspberry/pico/pico-sdk/src/rp2_common/hardware_irq/irq.c.obj
 .text.insert_branch_and_link
                0x10000c8c       0x74 CMakeFiles/rp2040_w25qxx.dir/E_/Raspberry/pico/pico-sdk/src/rp2_common/hardware_irq/irq.c.obj
 .text.resolve_branch
                0x10000d00       0x5c CMakeFiles/rp2040_w25qxx.dir/E_/Raspberry/pico/pico-sdk/src/rp2_common/hardware_irq/irq.c.obj
 .text.slot_diff
                0x10000d5c       0x30 CMakeFiles/rp2040_w25qxx.dir/E_/Raspberry/pico/pico-sdk/src/rp2_common/hardware_irq/irq.c.obj
 .text.get_slot_index
                0x10000d8c       0x24 CMakeFiles/rp2040_w25qxx.dir/E_/Raspberry/pico/pico-sdk/src/rp2_common/hardware_irq/irq.c.obj
 .text.irq_remove_handler
                0x10000db0      0x250 CMakeFiles/rp2040_w25qxx.dir/E_/Raspberry/pico/pico-sdk/src/rp2_common/hardware_irq/irq.c.obj
                0x10000db0                irq_remove_handler
 .text.irq_add_tail_to_free_list
                0x10001000      0x1b8 CMakeFiles/rp2040_w25qxx.dir/E_/Raspberry/pico/pico-sdk/src/rp2_common/hardware_irq/irq.c.obj
                0x10001000                irq_add_tail_to_free_list
 .text.irq_init_priorities
                0x100011b8       0x3c CMakeFiles/rp2040_w25qxx.dir/E_/Raspberry/pico/pico-sdk/src/rp2_common/hardware_irq/irq.c.obj
                0x100011b8                irq_init_priorities
 .text.lock_init
                0x100011f4       0x2c CMakeFiles/rp2040_w25qxx.dir/E_/Raspberry/pico/pico-sdk/src/common/pico_sync/lock_core.c.obj
                0x100011f4                lock_init
 .text.mutex_init
                0x10001220       0x2e CMakeFiles/rp2040_w25qxx.dir/E_/Raspberry/pico/pico-sdk/src/common/pico_sync/mutex.c.obj
                0x10001220                mutex_init
 .text.recursive_mutex_init
                0x1000124e       0x34 CMakeFiles/rp2040_w25qxx.dir/E_/Raspberry/pico/pico-sdk/src/common/pico_sync/mutex.c.obj
                0x1000124e                recursive_mutex_init
 .text.to_us_since_boot
                0x10001282       0x18 CMakeFiles/rp2040_w25qxx.dir/E_/Raspberry/pico/pico-sdk/src/common/pico_time/time.c.obj
 *fill*         0x1000129a        0x2 
 .text.update_us_since_boot
                0x1000129c       0x40 CMakeFiles/rp2040_w25qxx.dir/E_/Raspberry/pico/pico-sdk/src/common/pico_time/time.c.obj
 .text.time_reached
                0x100012dc       0x64 CMakeFiles/rp2040_w25qxx.dir/E_/Raspberry/pico/pico-sdk/src/common/pico_time/time.c.obj
 .text.get_absolute_time
                0x10001340       0x2c CMakeFiles/rp2040_w25qxx.dir/E_/Raspberry/pico/pico-sdk/src/common/pico_time/time.c.obj
 .text.delayed_by_us
                0x1000136c       0x68 CMakeFiles/rp2040_w25qxx.dir/E_/Raspberry/pico/pico-sdk/src/common/pico_time/time.c.obj
 .text.make_timeout_time_us
                0x100013d4       0x36 CMakeFiles/rp2040_w25qxx.dir/E_/Raspberry/pico/pico-sdk/src/common/pico_time/time.c.obj
 .text.absolute_time_diff_us
                0x1000140a       0x40 CMakeFiles/rp2040_w25qxx.dir/E_/Raspberry/pico/pico-sdk/src/common/pico_time/time.c.obj
 .text.add_alarm_at
                0x1000144a       0x34 CMakeFiles/rp2040_w25qxx.dir/E_/Raspberry/pico/pico-sdk/src/common/pico_time/time.c.obj
 .text.cancel_alarm
                0x1000147e       0x22 CMakeFiles/rp2040_w25qxx.dir/E_/Raspberry/pico/pico-sdk/src/common/pico_time/time.c.obj
 .text.ph_get_node
                0x100014a0       0x54 CMakeFiles/rp2040_w25qxx.dir/E_/Raspberry/pico/pico-sdk/src/common/pico_time/time.c.obj
 .text.ph_add_child_node
                0x100014f4       0xc4 CMakeFiles/rp2040_w25qxx.dir/E_/Raspberry/pico/pico-sdk/src/common/pico_time/time.c.obj
 .text.ph_merge_nodes
                0x100015b8       0x7e CMakeFiles/rp2040_w25qxx.dir/E_/Raspberry/pico/pico-sdk/src/common/pico_time/time.c.obj
 .text.ph_new_node
                0x10001636       0x6a CMakeFiles/rp2040_w25qxx.dir/E_/Raspberry/pico/pico-sdk/src/common/pico_time/time.c.obj
 .text.ph_insert_node
                0x100016a0       0x7c CMakeFiles/rp2040_w25qxx.dir/E_/Raspberry/pico/pico-sdk/src/common/pico_time/time.c.obj
 .text.ph_peek_head
                0x1000171c       0x14 CMakeFiles/rp2040_w25qxx.dir/E_/Raspberry/pico/pico-sdk/src/common/pico_time/time.c.obj
 .text.ph_contains_node
                0x10001730       0x46 CMakeFiles/rp2040_w25qxx.dir/E_/Raspberry/pico/pico-sdk/src/common/pico_time/time.c.obj
 *fill*         0x10001776        0x2 
 .text.ph_free_node
                0x10001778       0x98 CMakeFiles/rp2040_w25qxx.dir/E_/Raspberry/pico/pico-sdk/src/common/pico_time/time.c.obj
 .text.default_alarm_pool_initialized
                0x10001810       0x18 CMakeFiles/rp2040_w25qxx.dir/E_/Raspberry/pico/pico-sdk/src/common/pico_time/time.c.obj
 .text.get_entry
                0x10001828       0x5c CMakeFiles/rp2040_w25qxx.dir/E_/Raspberry/pico/pico-sdk/src/common/pico_time/time.c.obj
 .text.get_entry_id_high
                0x10001884       0x50 CMakeFiles/rp2040_w25qxx.dir/E_/Raspberry/pico/pico-sdk/src/common/pico_time/time.c.obj
 .text.timer_pool_entry_comparator
                0x100018d4       0x76 CMakeFiles/rp2040_w25qxx.dir/E_/Raspberry/pico/pico-sdk/src/common/pico_time/time.c.obj
                0x100018d4                timer_pool_entry_comparator
 .text.make_public_id
                0x1000194a       0x26 CMakeFiles/rp2040_w25qxx.dir/E_/Raspberry/pico/pico-sdk/src/common/pico_time/time.c.obj
 .text.alarm_pool_init_default
                0x10001970       0x50 CMakeFiles/rp2040_w25qxx.dir/E_/Raspberry/pico/pico-sdk/src/common/pico_time/time.c.obj
                0x10001970                alarm_pool_init_default
 .text.alarm_pool_get_default
                0x100019c0       0x30 CMakeFiles/rp2040_w25qxx.dir/E_/Raspberry/pico/pico-sdk/src/common/pico_time/time.c.obj
                0x100019c0                alarm_pool_get_default
 .text.add_alarm_under_lock
                0x100019f0      0x128 CMakeFiles/rp2040_w25qxx.dir/E_/Raspberry/pico/pico-sdk/src/common/pico_time/time.c.obj
 .text.alarm_pool_alarm_callback
                0x10001b18      0x414 CMakeFiles/rp2040_w25qxx.dir/E_/Raspberry/pico/pico-sdk/src/common/pico_time/time.c.obj
 .text.alarm_pool_post_alloc_init
                0x10001f2c       0x68 CMakeFiles/rp2040_w25qxx.dir/E_/Raspberry/pico/pico-sdk/src/common/pico_time/time.c.obj
 .text.alarm_pool_add_alarm_at
                0x10001f94      0x192 CMakeFiles/rp2040_w25qxx.dir/E_/Raspberry/pico/pico-sdk/src/common/pico_time/time.c.obj
                0x10001f94                alarm_pool_add_alarm_at
 *fill*         0x10002126        0x2 
 .text.alarm_pool_cancel_alarm
                0x10002128      0x134 CMakeFiles/rp2040_w25qxx.dir/E_/Raspberry/pico/pico-sdk/src/common/pico_time/time.c.obj
                0x10002128                alarm_pool_cancel_alarm
 .text.repeating_timer_callback
                0x1000225c       0x5c CMakeFiles/rp2040_w25qxx.dir/E_/Raspberry/pico/pico-sdk/src/common/pico_time/time.c.obj
 .text.alarm_pool_add_repeating_timer_us
                0x100022b8       0x88 CMakeFiles/rp2040_w25qxx.dir/E_/Raspberry/pico/pico-sdk/src/common/pico_time/time.c.obj
                0x100022b8                alarm_pool_add_repeating_timer_us
 .text.sleep_until_callback
                0x10002340       0x80 CMakeFiles/rp2040_w25qxx.dir/E_/Raspberry/pico/pico-sdk/src/common/pico_time/time.c.obj
 .text.best_effort_wfe_or_timeout
                0x100023c0       0x7c CMakeFiles/rp2040_w25qxx.dir/E_/Raspberry/pico/pico-sdk/src/common/pico_time/time.c.obj
                0x100023c0                best_effort_wfe_or_timeout
 .text.to_us_since_boot
                0x1000243c       0x18 CMakeFiles/rp2040_w25qxx.dir/E_/Raspberry/pico/pico-sdk/src/rp2_common/hardware_timer/timer.c.obj
 .text.update_us_since_boot
                0x10002454       0x40 CMakeFiles/rp2040_w25qxx.dir/E_/Raspberry/pico/pico-sdk/src/rp2_common/hardware_timer/timer.c.obj
 .text.check_hardware_alarm_num_param
                0x10002494       0x10 CMakeFiles/rp2040_w25qxx.dir/E_/Raspberry/pico/pico-sdk/src/rp2_common/hardware_timer/timer.c.obj
 .text.irq_clear
                0x100024a4       0x24 CMakeFiles/rp2040_w25qxx.dir/E_/Raspberry/pico/pico-sdk/src/rp2_common/hardware_timer/timer.c.obj
 .text.hardware_alarm_claim
                0x100024c8       0x2c CMakeFiles/rp2040_w25qxx.dir/E_/Raspberry/pico/pico-sdk/src/rp2_common/hardware_timer/timer.c.obj
                0x100024c8                hardware_alarm_claim
 .text.time_us_64
                0x100024f4       0x60 CMakeFiles/rp2040_w25qxx.dir/E_/Raspberry/pico/pico-sdk/src/rp2_common/hardware_timer/timer.c.obj
                0x100024f4                time_us_64
 .text.busy_wait_us
                0x10002554       0x6a CMakeFiles/rp2040_w25qxx.dir/E_/Raspberry/pico/pico-sdk/src/rp2_common/hardware_timer/timer.c.obj
                0x10002554                busy_wait_us
 *fill*         0x100025be        0x2 
 .text.busy_wait_until
                0x100025c0       0x6c CMakeFiles/rp2040_w25qxx.dir/E_/Raspberry/pico/pico-sdk/src/rp2_common/hardware_timer/timer.c.obj
                0x100025c0                busy_wait_until
 .text.harware_alarm_irq_number
                0x1000262c       0x12 CMakeFiles/rp2040_w25qxx.dir/E_/Raspberry/pico/pico-sdk/src/rp2_common/hardware_timer/timer.c.obj
 *fill*         0x1000263e        0x2 
 .text.hardware_alarm_irq_handler
                0x10002640      0x13c CMakeFiles/rp2040_w25qxx.dir/E_/Raspberry/pico/pico-sdk/src/rp2_common/hardware_timer/timer.c.obj
 .text.hardware_alarm_set_callback
                0x1000277c      0x134 CMakeFiles/rp2040_w25qxx.dir/E_/Raspberry/pico/pico-sdk/src/rp2_common/hardware_timer/timer.c.obj
                0x1000277c                hardware_alarm_set_callback
 .text.hardware_alarm_set_target
                0x100028b0      0x1c4 CMakeFiles/rp2040_w25qxx.dir/E_/Raspberry/pico/pico-sdk/src/rp2_common/hardware_timer/timer.c.obj
                0x100028b0                hardware_alarm_set_target
 .text.hardware_alarm_cancel
                0x10002a74       0xb8 CMakeFiles/rp2040_w25qxx.dir/E_/Raspberry/pico/pico-sdk/src/rp2_common/hardware_timer/timer.c.obj
                0x10002a74                hardware_alarm_cancel
 .text.ph_get_node
                0x10002b2c       0x54 CMakeFiles/rp2040_w25qxx.dir/E_/Raspberry/pico/pico-sdk/src/common/pico_util/pheap.c.obj
 .text.ph_add_child_node
                0x10002b80       0xc4 CMakeFiles/rp2040_w25qxx.dir/E_/Raspberry/pico/pico-sdk/src/common/pico_util/pheap.c.obj
 .text.ph_merge_nodes
                0x10002c44       0x7e CMakeFiles/rp2040_w25qxx.dir/E_/Raspberry/pico/pico-sdk/src/common/pico_util/pheap.c.obj
 .text.ph_peek_head
                0x10002cc2       0x14 CMakeFiles/rp2040_w25qxx.dir/E_/Raspberry/pico/pico-sdk/src/common/pico_util/pheap.c.obj
 .text.ph_remove_and_free_head
                0x10002cd6       0x1c CMakeFiles/rp2040_w25qxx.dir/E_/Raspberry/pico/pico-sdk/src/common/pico_util/pheap.c.obj
 .text.ph_post_alloc_init
                0x10002cf2       0x32 CMakeFiles/rp2040_w25qxx.dir/E_/Raspberry/pico/pico-sdk/src/common/pico_util/pheap.c.obj
                0x10002cf2                ph_post_alloc_init
 .text.ph_clear
                0x10002d24       0x78 CMakeFiles/rp2040_w25qxx.dir/E_/Raspberry/pico/pico-sdk/src/common/pico_util/pheap.c.obj
                0x10002d24                ph_clear
 .text.ph_merge_two_pass
                0x10002d9c       0xd0 CMakeFiles/rp2040_w25qxx.dir/E_/Raspberry/pico/pico-sdk/src/common/pico_util/pheap.c.obj
                0x10002d9c                ph_merge_two_pass
 .text.ph_remove_any_head
                0x10002e6c      0x140 CMakeFiles/rp2040_w25qxx.dir/E_/Raspberry/pico/pico-sdk/src/common/pico_util/pheap.c.obj
 .text.ph_remove_head
                0x10002fac       0x44 CMakeFiles/rp2040_w25qxx.dir/E_/Raspberry/pico/pico-sdk/src/common/pico_util/pheap.c.obj
                0x10002fac                ph_remove_head
 .text.ph_remove_and_free_node
                0x10002ff0      0x154 CMakeFiles/rp2040_w25qxx.dir/E_/Raspberry/pico/pico-sdk/src/common/pico_util/pheap.c.obj
                0x10002ff0                ph_remove_and_free_node
 .text.uart_get_index
                0x10003144       0x24 CMakeFiles/rp2040_w25qxx.dir/E_/Raspberry/pico/pico-sdk/src/rp2_common/hardware_uart/uart.c.obj
 .text.uart_get_hw
                0x10003168       0x1a CMakeFiles/rp2040_w25qxx.dir/E_/Raspberry/pico/pico-sdk/src/rp2_common/hardware_uart/uart.c.obj
 *fill*         0x10003182        0x2 
 .text.reset_block
                0x10003184       0x2c CMakeFiles/rp2040_w25qxx.dir/E_/Raspberry/pico/pico-sdk/src/rp2_common/hardware_uart/uart.c.obj
 .text.unreset_block_wait
                0x100031b0       0x3c CMakeFiles/rp2040_w25qxx.dir/E_/Raspberry/pico/pico-sdk/src/rp2_common/hardware_uart/uart.c.obj
 .text.uart_reset
                0x100031ec       0x2c CMakeFiles/rp2040_w25qxx.dir/E_/Raspberry/pico/pico-sdk/src/rp2_common/hardware_uart/uart.c.obj
 .text.uart_unreset
                0x10003218       0x2c CMakeFiles/rp2040_w25qxx.dir/E_/Raspberry/pico/pico-sdk/src/rp2_common/hardware_uart/uart.c.obj
 .text.uart_init
                0x10003244       0x98 CMakeFiles/rp2040_w25qxx.dir/E_/Raspberry/pico/pico-sdk/src/rp2_common/hardware_uart/uart.c.obj
                0x10003244                uart_init
 .text.uart_disable_before_lcr_write
                0x100032dc       0xac CMakeFiles/rp2040_w25qxx.dir/E_/Raspberry/pico/pico-sdk/src/rp2_common/hardware_uart/uart.c.obj
 .text.uart_write_lcr_bits_masked
                0x10003388       0x66 CMakeFiles/rp2040_w25qxx.dir/E_/Raspberry/pico/pico-sdk/src/rp2_common/hardware_uart/uart.c.obj
 *fill*         0x100033ee        0x2 
 .text.uart_set_baudrate
                0x100033f0       0xa8 CMakeFiles/rp2040_w25qxx.dir/E_/Raspberry/pico/pico-sdk/src/rp2_common/hardware_uart/uart.c.obj
                0x100033f0                uart_set_baudrate
 .text.uart_set_format
                0x10003498       0x54 CMakeFiles/rp2040_w25qxx.dir/E_/Raspberry/pico/pico-sdk/src/rp2_common/hardware_uart/uart.c.obj
                0x10003498                uart_set_format
 .text.uart_set_translate_crlf
                0x100034ec       0x3c CMakeFiles/rp2040_w25qxx.dir/E_/Raspberry/pico/pico-sdk/src/rp2_common/hardware_uart/uart.c.obj
                0x100034ec                uart_set_translate_crlf
 .text.busy_wait_at_least_cycles
                0x10003528       0x18 CMakeFiles/rp2040_w25qxx.dir/E_/Raspberry/pico/pico-sdk/src/rp2_common/hardware_clocks/clocks.c.obj
 .text.has_glitchless_mux
                0x10003540       0x32 CMakeFiles/rp2040_w25qxx.dir/E_/Raspberry/pico/pico-sdk/src/rp2_common/hardware_clocks/clocks.c.obj
 *fill*         0x10003572        0x2 
 .text.clock_configure
                0x10003574      0x27c CMakeFiles/rp2040_w25qxx.dir/E_/Raspberry/pico/pico-sdk/src/rp2_common/hardware_clocks/clocks.c.obj
                0x10003574                clock_configure
 .text.clocks_init
                0x100037f0      0x148 CMakeFiles/rp2040_w25qxx.dir/E_/Raspberry/pico/pico-sdk/src/rp2_common/hardware_clocks/clocks.c.obj
                0x100037f0                clocks_init
 .text.clock_get_hz
                0x10003938       0x24 CMakeFiles/rp2040_w25qxx.dir/E_/Raspberry/pico/pico-sdk/src/rp2_common/hardware_clocks/clocks.c.obj
                0x10003938                clock_get_hz
 .text.reset_block
                0x1000395c       0x2c CMakeFiles/rp2040_w25qxx.dir/E_/Raspberry/pico/pico-sdk/src/rp2_common/hardware_pll/pll.c.obj
 .text.unreset_block_wait
                0x10003988       0x3c CMakeFiles/rp2040_w25qxx.dir/E_/Raspberry/pico/pico-sdk/src/rp2_common/hardware_pll/pll.c.obj
 .text.pll_init
                0x100039c4      0x180 CMakeFiles/rp2040_w25qxx.dir/E_/Raspberry/pico/pico-sdk/src/rp2_common/hardware_pll/pll.c.obj
                0x100039c4                pll_init
 .text.watchdog_start_tick
                0x10003b44       0x20 CMakeFiles/rp2040_w25qxx.dir/E_/Raspberry/pico/pico-sdk/src/rp2_common/hardware_watchdog/watchdog.c.obj
                0x10003b44                watchdog_start_tick
 .text.xosc_init
                0x10003b64       0x48 CMakeFiles/rp2040_w25qxx.dir/E_/Raspberry/pico/pico-sdk/src/rp2_common/hardware_xosc/xosc.c.obj
                0x10003b64                xosc_init
 .text.__breakpoint
                0x10003bac        0xc CMakeFiles/rp2040_w25qxx.dir/E_/Raspberry/pico/pico-sdk/src/rp2_common/pico_runtime/runtime.c.obj
 .text.reset_block
                0x10003bb8       0x2c CMakeFiles/rp2040_w25qxx.dir/E_/Raspberry/pico/pico-sdk/src/rp2_common/pico_runtime/runtime.c.obj
 .text.unreset_block_wait
                0x10003be4       0x3c CMakeFiles/rp2040_w25qxx.dir/E_/Raspberry/pico/pico-sdk/src/rp2_common/pico_runtime/runtime.c.obj
 .text.runtime_init
                0x10003c20      0x138 CMakeFiles/rp2040_w25qxx.dir/E_/Raspberry/pico/pico-sdk/src/rp2_common/pico_runtime/runtime.c.obj
                0x10003c20                runtime_init
 .text._exit    0x10003d58        0xe CMakeFiles/rp2040_w25qxx.dir/E_/Raspberry/pico/pico-sdk/src/rp2_common/pico_runtime/runtime.c.obj
                0x10003d58                _exit
 .text.exit     0x10003d66       0x10 CMakeFiles/rp2040_w25qxx.dir/E_/Raspberry/pico/pico-sdk/src/rp2_common/pico_runtime/runtime.c.obj
                0x10003d66                exit
 *fill*         0x10003d76        0x2 
 .text.__assert_func
                0x10003d78       0x4c CMakeFiles/rp2040_w25qxx.dir/E_/Raspberry/pico/pico-sdk/src/rp2_common/pico_runtime/runtime.c.obj
                0x10003d78                __assert_func
 .text.panic    0x10003dc4       0x40 CMakeFiles/rp2040_w25qxx.dir/E_/Raspberry/pico/pico-sdk/src/rp2_common/pico_runtime/runtime.c.obj
                0x10003dc4                panic
 .text._out_buffer
                0x10003e04       0x30 CMakeFiles/rp2040_w25qxx.dir/E_/Raspberry/pico/pico-sdk/src/rp2_common/pico_printf/printf.c.obj
 .text._out_null
                0x10003e34       0x1c CMakeFiles/rp2040_w25qxx.dir/E_/Raspberry/pico/pico-sdk/src/rp2_common/pico_printf/printf.c.obj
 .text._out_fct
                0x10003e50       0x36 CMakeFiles/rp2040_w25qxx.dir/E_/Raspberry/pico/pico-sdk/src/rp2_common/pico_printf/printf.c.obj
 .text._strnlen_s
                0x10003e86       0x36 CMakeFiles/rp2040_w25qxx.dir/E_/Raspberry/pico/pico-sdk/src/rp2_common/pico_printf/printf.c.obj
 .text._is_digit
                0x10003ebc       0x32 CMakeFiles/rp2040_w25qxx.dir/E_/Raspberry/pico/pico-sdk/src/rp2_common/pico_printf/printf.c.obj
 .text._atoi    0x10003eee       0x46 CMakeFiles/rp2040_w25qxx.dir/E_/Raspberry/pico/pico-sdk/src/rp2_common/pico_printf/printf.c.obj
 .text._out_rev
                0x10003f34       0x9a CMakeFiles/rp2040_w25qxx.dir/E_/Raspberry/pico/pico-sdk/src/rp2_common/pico_printf/printf.c.obj
 .text._ntoa_format
                0x10003fce      0x1ac CMakeFiles/rp2040_w25qxx.dir/E_/Raspberry/pico/pico-sdk/src/rp2_common/pico_printf/printf.c.obj
 .text._ntoa_long
                0x1000417a       0xd2 CMakeFiles/rp2040_w25qxx.dir/E_/Raspberry/pico/pico-sdk/src/rp2_common/pico_printf/printf.c.obj
 .text._ntoa_long_long
                0x1000424c       0xe6 CMakeFiles/rp2040_w25qxx.dir/E_/Raspberry/pico/pico-sdk/src/rp2_common/pico_printf/printf.c.obj
 *fill*         0x10004332        0x2 
 .text._ftoa    0x10004334      0x494 CMakeFiles/rp2040_w25qxx.dir/E_/Raspberry/pico/pico-sdk/src/rp2_common/pico_printf/printf.c.obj
 .text._etoa    0x100047c8      0x594 CMakeFiles/rp2040_w25qxx.dir/E_/Raspberry/pico/pico-sdk/src/rp2_common/pico_printf/printf.c.obj
 .text._vsnprintf
                0x10004d5c      0x8fc CMakeFiles/rp2040_w25qxx.dir/E_/Raspberry/pico/pico-sdk/src/rp2_common/pico_printf/printf.c.obj
 .text.__wrap_snprintf
                0x10005658       0x3c CMakeFiles/rp2040_w25qxx.dir/E_/Raspberry/pico/pico-sdk/src/rp2_common/pico_printf/printf.c.obj
                0x10005658                __wrap_snprintf
 .text.vfctprintf
                0x10005694       0x40 CMakeFiles/rp2040_w25qxx.dir/E_/Raspberry/pico/pico-sdk/src/rp2_common/pico_printf/printf.c.obj
                0x10005694                vfctprintf
 .text          0x100056d4       0x10 CMakeFiles/rp2040_w25qxx.dir/E_/Raspberry/pico/pico-sdk/src/rp2_common/pico_bit_ops/bit_ops_aeabi.S.obj
 .text.rom_hword_as_ptr
                0x100056e4       0x1a CMakeFiles/rp2040_w25qxx.dir/E_/Raspberry/pico/pico-sdk/src/rp2_common/pico_bootrom/bootrom.c.obj
 .text.rom_func_lookup
                0x100056fe       0x34 CMakeFiles/rp2040_w25qxx.dir/E_/Raspberry/pico/pico-sdk/src/rp2_common/pico_bootrom/bootrom.c.obj
                0x100056fe                rom_func_lookup
 .text.rom_data_lookup
                0x10005732       0x30 CMakeFiles/rp2040_w25qxx.dir/E_/Raspberry/pico/pico-sdk/src/rp2_common/pico_bootrom/bootrom.c.obj
                0x10005732                rom_data_lookup
 .text.rom_funcs_lookup
                0x10005762       0x68 CMakeFiles/rp2040_w25qxx.dir/E_/Raspberry/pico/pico-sdk/src/rp2_common/pico_bootrom/bootrom.c.obj
                0x10005762                rom_funcs_lookup
 *fill*         0x100057ca        0x2 
 .text.__wrap___aeabi_idiv
                0x100057cc       0x50 CMakeFiles/rp2040_w25qxx.dir/E_/Raspberry/pico/pico-sdk/src/rp2_common/pico_divider/divider.S.obj
                0x100057cc                __wrap___aeabi_idivmod
                0x100057cc                divmod_s32s32
                0x100057cc                div_s32s32
                0x100057cc                __wrap___aeabi_idiv
                0x100057d4                divmod_s32s32_unsafe
                0x10005800                divmod_s32s32_savestate
 .text.__wrap___aeabi_uidiv
                0x1000581c       0x4c CMakeFiles/rp2040_w25qxx.dir/E_/Raspberry/pico/pico-sdk/src/rp2_common/pico_divider/divider.S.obj
                0x1000581c                __wrap___aeabi_uidiv
                0x1000581c                __wrap___aeabi_uidivmod
                0x1000581c                div_u32u32
                0x1000581c                divmod_u32u32
                0x10005824                divmod_u32u32_unsafe
                0x1000584c                divmod_u32u32_savestate
 .text.__wrap___aeabi_ldiv
                0x10005868      0x424 CMakeFiles/rp2040_w25qxx.dir/E_/Raspberry/pico/pico-sdk/src/rp2_common/pico_divider/divider.S.obj
                0x10005868                div_s64s64
                0x10005868                divmod_s64s64
                0x10005868                __wrap___aeabi_ldivmod
                0x10005898                divmod_u64u64
                0x10005898                div_u64u64
                0x10005898                __wrap___aeabi_uldivmod
                0x100058a8                divmod_u64u64_savestate
                0x100058c8                divmod_s64s64_unsafe
                0x10005950                divmod_u64u64_unsafe
 .text.__wrap___aeabi_darithmetic
                0x10005c8c       0x80 CMakeFiles/rp2040_w25qxx.dir/E_/Raspberry/pico/pico-sdk/src/rp2_common/pico_double/double_aeabi.S.obj
                0x10005c8c                __wrap___aeabi_drsub
                0x10005c92                __wrap___aeabi_dsub
                0x10005ca4                __wrap___aeabi_dadd
                0x10005cb6                __wrap___aeabi_ddiv
                0x10005cf2                __wrap___aeabi_dmul
 .text.__wrap___aeabi_cdcmple
                0x10005d0c       0x6c CMakeFiles/rp2040_w25qxx.dir/E_/Raspberry/pico/pico-sdk/src/rp2_common/pico_double/double_aeabi.S.obj
                0x10005d0c                __wrap___aeabi_cdrcmple
                0x10005d1c                __wrap___aeabi_cdcmpeq
                0x10005d1c                __wrap___aeabi_cdcmple
 .text.__wrap___aeabi_dcmplt
                0x10005d78        0xc CMakeFiles/rp2040_w25qxx.dir/E_/Raspberry/pico/pico-sdk/src/rp2_common/pico_double/double_aeabi.S.obj
                0x10005d78                __wrap___aeabi_dcmplt
 .text.__wrap___aeabi_dcmpge
                0x10005d84       0x10 CMakeFiles/rp2040_w25qxx.dir/E_/Raspberry/pico/pico-sdk/src/rp2_common/pico_double/double_aeabi.S.obj
                0x10005d84                __wrap___aeabi_dcmpge
 .text.__wrap___aeabi_dcmpgt
                0x10005d94        0xa CMakeFiles/rp2040_w25qxx.dir/E_/Raspberry/pico/pico-sdk/src/rp2_common/pico_double/double_aeabi.S.obj
                0x10005d94                __wrap___aeabi_dcmpgt
 .text.__wrap___aeabi_dcmpun
                0x10005d9e       0x1c CMakeFiles/rp2040_w25qxx.dir/E_/Raspberry/pico/pico-sdk/src/rp2_common/pico_double/double_aeabi.S.obj
                0x10005d9e                __wrap___aeabi_dcmpun
 *fill*         0x10005dba        0x2 
 .text.__wrap___aeabi_i2d
                0x10005dbc       0x38 CMakeFiles/rp2040_w25qxx.dir/E_/Raspberry/pico/pico-sdk/src/rp2_common/pico_double/double_aeabi.S.obj
                0x10005dbc                __wrap___aeabi_ui2d
                0x10005dc4                __wrap___aeabi_i2d
 .text.__wrap___aeabi_d2iz
                0x10005df4       0x48 CMakeFiles/rp2040_w25qxx.dir/E_/Raspberry/pico/pico-sdk/src/rp2_common/pico_double/double_aeabi.S.obj
                0x10005df4                double2int_z
                0x10005df4                __wrap___aeabi_d2iz
 .text.__wrap___aeabi_d2uiz
                0x10005e3c       0x18 CMakeFiles/rp2040_w25qxx.dir/E_/Raspberry/pico/pico-sdk/src/rp2_common/pico_double/double_aeabi.S.obj
                0x10005e3c                __wrap___aeabi_d2uiz
                0x10005e3c                double2uint
 .text.rp2040_rom_version
                0x10005e54        0xe CMakeFiles/rp2040_w25qxx.dir/E_/Raspberry/pico/pico-sdk/src/rp2_common/pico_double/double_init_rom.c.obj
 .text.rom_table_code
                0x10005e62       0x26 CMakeFiles/rp2040_w25qxx.dir/E_/Raspberry/pico/pico-sdk/src/rp2_common/pico_double/double_init_rom.c.obj
 .text.__aeabi_double_init
                0x10005e88       0xfc CMakeFiles/rp2040_w25qxx.dir/E_/Raspberry/pico/pico-sdk/src/rp2_common/pico_double/double_init_rom.c.obj
                0x10005e88                __aeabi_double_init
 .text.double_table_shim_on_use_helper
                0x10005f84       0x34 CMakeFiles/rp2040_w25qxx.dir/E_/Raspberry/pico/pico-sdk/src/rp2_common/pico_double/double_v1_rom_shim.S.obj
                0x10005f84                double_table_shim_on_use_helper
 .text.__wrap___aeabi_dsub
                0x10005fb8       0x10 CMakeFiles/rp2040_w25qxx.dir/E_/Raspberry/pico/pico-sdk/src/rp2_common/pico_double/double_v1_rom_shim.S.obj
                0x10005fb8                drsub_shim
                0x10005fbe                dsub_shim
 .text.dadd_shim
                0x10005fc8      0x15c CMakeFiles/rp2040_w25qxx.dir/E_/Raspberry/pico/pico-sdk/src/rp2_common/pico_double/double_v1_rom_shim.S.obj
                0x10005fc8                dadd_shim
 .text.dmul_shim
                0x10006124      0x15c CMakeFiles/rp2040_w25qxx.dir/E_/Raspberry/pico/pico-sdk/src/rp2_common/pico_double/double_v1_rom_shim.S.obj
                0x10006124                dmul_shim
 .text.ddiv_shim
                0x10006280      0x1b0 CMakeFiles/rp2040_w25qxx.dir/E_/Raspberry/pico/pico-sdk/src/rp2_common/pico_double/double_v1_rom_shim.S.obj
                0x10006280                ddiv_shim
 .text.double2uint_shim
                0x10006430        0xe CMakeFiles/rp2040_w25qxx.dir/E_/Raspberry/pico/pico-sdk/src/rp2_common/pico_double/double_v1_rom_shim.S.obj
                0x10006430                double2uint_shim
                0x10006432                double2ufix_shim
 *fill*         0x1000643e        0x2 
 .text.double2uint64_shim
                0x10006440       0x70 CMakeFiles/rp2040_w25qxx.dir/E_/Raspberry/pico/pico-sdk/src/rp2_common/pico_double/double_v1_rom_shim.S.obj
                0x10006440                double2uint64_shim
                0x10006442                double2ufix64_shim
                0x10006462                d2fix_a
 .text.dunpacks
                0x100064b0       0x3c CMakeFiles/rp2040_w25qxx.dir/E_/Raspberry/pico/pico-sdk/src/rp2_common/pico_double/double_v1_rom_shim.S.obj
                0x100064b0                dunpacks
 .text.__aeabi_lmul
                0x100064ec       0x32 CMakeFiles/rp2040_w25qxx.dir/E_/Raspberry/pico/pico-sdk/src/rp2_common/pico_int64_ops/pico_int64_ops_aeabi.S.obj
                0x100064ec                __wrap___aeabi_lmul
 .text.rp2040_rom_version
                0x1000651e        0xe CMakeFiles/rp2040_w25qxx.dir/E_/Raspberry/pico/pico-sdk/src/rp2_common/pico_float/float_init_rom.c.obj
 .text.rom_table_code
                0x1000652c       0x26 CMakeFiles/rp2040_w25qxx.dir/E_/Raspberry/pico/pico-sdk/src/rp2_common/pico_float/float_init_rom.c.obj
 *fill*         0x10006552        0x2 
 .text.__aeabi_float_init
                0x10006554      0x130 CMakeFiles/rp2040_w25qxx.dir/E_/Raspberry/pico/pico-sdk/src/rp2_common/pico_float/float_init_rom.c.obj
                0x10006554                __aeabi_float_init
 .text.float_table_shim_on_use_helper
                0x10006684       0x34 CMakeFiles/rp2040_w25qxx.dir/E_/Raspberry/pico/pico-sdk/src/rp2_common/pico_float/float_v1_rom_shim.S.obj
                0x10006684                float_table_shim_on_use_helper
 .text          0x100066b8       0x10 CMakeFiles/rp2040_w25qxx.dir/E_/Raspberry/pico/pico-sdk/src/rp2_common/pico_mem_ops/mem_ops_aeabi.S.obj
                0x100066b8                __aeabi_mem_init
 .text.memset   0x100066c8        0xc CMakeFiles/rp2040_w25qxx.dir/E_/Raspberry/pico/pico-sdk/src/rp2_common/pico_mem_ops/mem_ops_aeabi.S.obj
                0x100066c8                __wrap_memset
 .text.memcpy   0x100066d4        0xc CMakeFiles/rp2040_w25qxx.dir/E_/Raspberry/pico/pico-sdk/src/rp2_common/pico_mem_ops/mem_ops_aeabi.S.obj
                0x100066d4                __wrap_memcpy
                0x100066d4                __wrap___aeabi_memcpy
 .text.to_us_since_boot
                0x100066e0       0x18 CMakeFiles/rp2040_w25qxx.dir/E_/Raspberry/pico/pico-sdk/src/rp2_common/pico_stdio/stdio.c.obj
 .text.update_us_since_boot
                0x100066f8       0x40 CMakeFiles/rp2040_w25qxx.dir/E_/Raspberry/pico/pico-sdk/src/rp2_common/pico_stdio/stdio.c.obj
 .text.get_absolute_time
                0x10006738       0x2c CMakeFiles/rp2040_w25qxx.dir/E_/Raspberry/pico/pico-sdk/src/rp2_common/pico_stdio/stdio.c.obj
 .text.delayed_by_ms
                0x10006764       0x80 CMakeFiles/rp2040_w25qxx.dir/E_/Raspberry/pico/pico-sdk/src/rp2_common/pico_stdio/stdio.c.obj
 .text.make_timeout_time_ms
                0x100067e4       0x2a CMakeFiles/rp2040_w25qxx.dir/E_/Raspberry/pico/pico-sdk/src/rp2_common/pico_stdio/stdio.c.obj
 *fill*         0x1000680e        0x2 
 .text.stdout_serialize_begin
                0x10006810       0x30 CMakeFiles/rp2040_w25qxx.dir/E_/Raspberry/pico/pico-sdk/src/rp2_common/pico_stdio/stdio.c.obj
                0x10006810                stdout_serialize_begin
 .text.stdout_serialize_end
                0x10006840       0x18 CMakeFiles/rp2040_w25qxx.dir/E_/Raspberry/pico/pico-sdk/src/rp2_common/pico_stdio/stdio.c.obj
                0x10006840                stdout_serialize_end
 .text.stdio_out_chars_no_crlf
                0x10006858       0x20 CMakeFiles/rp2040_w25qxx.dir/E_/Raspberry/pico/pico-sdk/src/rp2_common/pico_stdio/stdio.c.obj
 .text.stdio_out_chars_crlf
                0x10006878       0xf4 CMakeFiles/rp2040_w25qxx.dir/E_/Raspberry/pico/pico-sdk/src/rp2_common/pico_stdio/stdio.c.obj
 .text.stdio_put_string
                0x1000696c       0xcc CMakeFiles/rp2040_w25qxx.dir/E_/Raspberry/pico/pico-sdk/src/rp2_common/pico_stdio/stdio.c.obj
 .text.__wrap_puts
                0x10006a38       0x2e CMakeFiles/rp2040_w25qxx.dir/E_/Raspberry/pico/pico-sdk/src/rp2_common/pico_stdio/stdio.c.obj
                0x10006a38                __wrap_puts
 *fill*         0x10006a66        0x2 
 .text.stdio_set_driver_enabled
                0x10006a68       0x68 CMakeFiles/rp2040_w25qxx.dir/E_/Raspberry/pico/pico-sdk/src/rp2_common/pico_stdio/stdio.c.obj
                0x10006a68                stdio_set_driver_enabled
 .text.stdio_flush
                0x10006ad0       0x38 CMakeFiles/rp2040_w25qxx.dir/E_/Raspberry/pico/pico-sdk/src/rp2_common/pico_stdio/stdio.c.obj
                0x10006ad0                stdio_flush
 .text.stdio_stack_buffer_flush
                0x10006b08       0x6c CMakeFiles/rp2040_w25qxx.dir/E_/Raspberry/pico/pico-sdk/src/rp2_common/pico_stdio/stdio.c.obj
 .text.stdio_buffered_printer
                0x10006b74       0x3e CMakeFiles/rp2040_w25qxx.dir/E_/Raspberry/pico/pico-sdk/src/rp2_common/pico_stdio/stdio.c.obj
 *fill*         0x10006bb2        0x2 
 .text.__wrap_vprintf
                0x10006bb4       0x5c CMakeFiles/rp2040_w25qxx.dir/E_/Raspberry/pico/pico-sdk/src/rp2_common/pico_stdio/stdio.c.obj
                0x10006bb4                __wrap_vprintf
 .text.__wrap_printf
                0x10006c10       0x2e CMakeFiles/rp2040_w25qxx.dir/E_/Raspberry/pico/pico-sdk/src/rp2_common/pico_stdio/stdio.c.obj
                0x10006c10                __wrap_printf
 .text.stdio_init_all
                0x10006c3e       0x22 CMakeFiles/rp2040_w25qxx.dir/E_/Raspberry/pico/pico-sdk/src/rp2_common/pico_stdio/stdio.c.obj
                0x10006c3e                stdio_init_all
 .text.uart_get_index
                0x10006c60       0x24 CMakeFiles/rp2040_w25qxx.dir/E_/Raspberry/pico/pico-sdk/src/rp2_common/pico_stdio_uart/stdio_uart.c.obj
 .text.uart_get_hw
                0x10006c84       0x1a CMakeFiles/rp2040_w25qxx.dir/E_/Raspberry/pico/pico-sdk/src/rp2_common/pico_stdio_uart/stdio_uart.c.obj
 .text.uart_set_irq_enables
                0x10006c9e       0xde CMakeFiles/rp2040_w25qxx.dir/E_/Raspberry/pico/pico-sdk/src/rp2_common/pico_stdio_uart/stdio_uart.c.obj
 .text.uart_is_writable
                0x10006d7c       0x26 CMakeFiles/rp2040_w25qxx.dir/E_/Raspberry/pico/pico-sdk/src/rp2_common/pico_stdio_uart/stdio_uart.c.obj
 .text.uart_is_readable
                0x10006da2       0x26 CMakeFiles/rp2040_w25qxx.dir/E_/Raspberry/pico/pico-sdk/src/rp2_common/pico_stdio_uart/stdio_uart.c.obj
 .text.uart_write_blocking
                0x10006dc8       0x58 CMakeFiles/rp2040_w25qxx.dir/E_/Raspberry/pico/pico-sdk/src/rp2_common/pico_stdio_uart/stdio_uart.c.obj
 .text.uart_read_blocking
                0x10006e20       0x58 CMakeFiles/rp2040_w25qxx.dir/E_/Raspberry/pico/pico-sdk/src/rp2_common/pico_stdio_uart/stdio_uart.c.obj
 .text.uart_putc_raw
                0x10006e78       0x22 CMakeFiles/rp2040_w25qxx.dir/E_/Raspberry/pico/pico-sdk/src/rp2_common/pico_stdio_uart/stdio_uart.c.obj
 *fill*         0x10006e9a        0x2 
 .text.uart_putc
                0x10006e9c       0x4c CMakeFiles/rp2040_w25qxx.dir/E_/Raspberry/pico/pico-sdk/src/rp2_common/pico_stdio_uart/stdio_uart.c.obj
 .text.uart_getc
                0x10006ee8       0x22 CMakeFiles/rp2040_w25qxx.dir/E_/Raspberry/pico/pico-sdk/src/rp2_common/pico_stdio_uart/stdio_uart.c.obj
 *fill*         0x10006f0a        0x2 
 .text.stdio_uart_init
                0x10006f0c       0x44 CMakeFiles/rp2040_w25qxx.dir/E_/Raspberry/pico/pico-sdk/src/rp2_common/pico_stdio_uart/stdio_uart.c.obj
                0x10006f0c                stdio_uart_init
 .text.stdio_uart_init_full
                0x10006f50       0x5c CMakeFiles/rp2040_w25qxx.dir/E_/Raspberry/pico/pico-sdk/src/rp2_common/pico_stdio_uart/stdio_uart.c.obj
                0x10006f50                stdio_uart_init_full
 .text.stdio_uart_out_chars
                0x10006fac       0x40 CMakeFiles/rp2040_w25qxx.dir/E_/Raspberry/pico/pico-sdk/src/rp2_common/pico_stdio_uart/stdio_uart.c.obj
 .text.stdio_uart_in_chars
                0x10006fec       0x74 CMakeFiles/rp2040_w25qxx.dir/E_/Raspberry/pico/pico-sdk/src/rp2_common/pico_stdio_uart/stdio_uart.c.obj
                0x10006fec                stdio_uart_in_chars
 .text.on_uart_rx
                0x10007060       0x38 CMakeFiles/rp2040_w25qxx.dir/E_/Raspberry/pico/pico-sdk/src/rp2_common/pico_stdio_uart/stdio_uart.c.obj
 .text.stdio_uart_set_chars_available_callback
                0x10007098       0xa4 CMakeFiles/rp2040_w25qxx.dir/E_/Raspberry/pico/pico-sdk/src/rp2_common/pico_stdio_uart/stdio_uart.c.obj
 .text.reset_block
                0x1000713c       0x2c CMakeFiles/rp2040_w25qxx.dir/E_/Raspberry/pico/pico-sdk/src/rp2_common/hardware_spi/spi.c.obj
 .text.unreset_block_wait
                0x10007168       0x3c CMakeFiles/rp2040_w25qxx.dir/E_/Raspberry/pico/pico-sdk/src/rp2_common/hardware_spi/spi.c.obj
 .text.spi_get_index
                0x100071a4       0x24 CMakeFiles/rp2040_w25qxx.dir/E_/Raspberry/pico/pico-sdk/src/rp2_common/hardware_spi/spi.c.obj
 .text.spi_get_hw
                0x100071c8       0x1a CMakeFiles/rp2040_w25qxx.dir/E_/Raspberry/pico/pico-sdk/src/rp2_common/hardware_spi/spi.c.obj
 .text.spi_get_const_hw
                0x100071e2       0x1a CMakeFiles/rp2040_w25qxx.dir/E_/Raspberry/pico/pico-sdk/src/rp2_common/hardware_spi/spi.c.obj
 .text.spi_set_format
                0x100071fc       0xba CMakeFiles/rp2040_w25qxx.dir/E_/Raspberry/pico/pico-sdk/src/rp2_common/hardware_spi/spi.c.obj
 .text.spi_is_writable
                0x100072b6       0x26 CMakeFiles/rp2040_w25qxx.dir/E_/Raspberry/pico/pico-sdk/src/rp2_common/hardware_spi/spi.c.obj
 .text.spi_is_readable
                0x100072dc       0x26 CMakeFiles/rp2040_w25qxx.dir/E_/Raspberry/pico/pico-sdk/src/rp2_common/hardware_spi/spi.c.obj
 *fill*         0x10007302        0x2 
 .text.spi_reset
                0x10007304       0x2c CMakeFiles/rp2040_w25qxx.dir/E_/Raspberry/pico/pico-sdk/src/rp2_common/hardware_spi/spi.c.obj
 .text.spi_unreset
                0x10007330       0x2c CMakeFiles/rp2040_w25qxx.dir/E_/Raspberry/pico/pico-sdk/src/rp2_common/hardware_spi/spi.c.obj
 .text.spi_init
                0x1000735c       0x84 CMakeFiles/rp2040_w25qxx.dir/E_/Raspberry/pico/pico-sdk/src/rp2_common/hardware_spi/spi.c.obj
                0x1000735c                spi_init
 .text.spi_set_baudrate
                0x100073e0      0x148 CMakeFiles/rp2040_w25qxx.dir/E_/Raspberry/pico/pico-sdk/src/rp2_common/hardware_spi/spi.c.obj
                0x100073e0                spi_set_baudrate
 .text.w25qxx_Demo
                0x10007528      0x2d8 w25qxx/libw25qxx.a(w25qxx_Demo.c.obj)
                0x10007528                w25qxx_Demo
 .text.w25qxx_DemoErrorHandler
                0x10007800      0x160 w25qxx/libw25qxx.a(w25qxx_Demo.c.obj)
 .text.w25qxx_Link
                0x10007960      0x184 w25qxx/libw25qxx.a(w25qxx.c.obj)
                0x10007960                w25qxx_Link
 .text.w25qxx_Init
                0x10007ae4      0x228 w25qxx/libw25qxx.a(w25qxx.c.obj)
                0x10007ae4                w25qxx_Init
 .text.w25qxx_Write
                0x10007d0c      0x412 w25qxx/libw25qxx.a(w25qxx.c.obj)
                0x10007d0c                w25qxx_Write
 .text.w25qxx_Read
                0x1000811e      0x3a2 w25qxx/libw25qxx.a(w25qxx.c.obj)
                0x1000811e                w25qxx_Read
 .text.w25qxx_Erase
                0x100084c0      0x940 w25qxx/libw25qxx.a(w25qxx.c.obj)
                0x100084c0                w25qxx_Erase
 .text.w25qxx_WriteStatus
                0x10008e00      0x24a w25qxx/libw25qxx.a(w25qxx.c.obj)
                0x10008e00                w25qxx_WriteStatus
 .text.w25qxx_ResetError
                0x1000904a       0x8a w25qxx/libw25qxx.a(w25qxx.c.obj)
                0x1000904a                w25qxx_ResetError
 .text.w25qxx_WaitWithTimeout
                0x100090d4       0xfc w25qxx/libw25qxx.a(w25qxx.c.obj)
                0x100090d4                w25qxx_WaitWithTimeout
 .text.w25qxx_ReleasePowerDown
                0x100091d0       0xac w25qxx/libw25qxx.a(w25qxx.c.obj)
 .text.w25qxx_ResetDevice
                0x1000927c      0x114 w25qxx/libw25qxx.a(w25qxx.c.obj)
 .text.w25qxx_ReadID
                0x10009390      0x14a w25qxx/libw25qxx.a(w25qxx.c.obj)
 .text.w25qxx_WriteEnable
                0x100094da       0xa0 w25qxx/libw25qxx.a(w25qxx.c.obj)
 .text.w25qxx_StatusUpdate
                0x1000957a       0x86 w25qxx/libw25qxx.a(w25qxx.c.obj)
 .text.ModBus_CRC
                0x10009600       0xb4 w25qxx/libw25qxx.a(w25qxx.c.obj)
 .text.memcmp   0x100096b4       0x48 E:/Toolchain/arm-gnu-toolchain/bin/../lib/gcc/arm-none-eabi/13.2.1/thumb/v6-m/nofp\libg.a(libc_a-memcmp.o)
                0x100096b4                memcmp
 .text.strlen   0x100096fc       0x5c E:/Toolchain/arm-gnu-toolchain/bin/../lib/gcc/arm-none-eabi/13.2.1/thumb/v6-m/nofp\libg.a(libc_a-strlen-stub.o)
                0x100096fc                strlen
 *(.fini)
 .fini          0x10009758        0x4 E:/Toolchain/arm-gnu-toolchain/bin/../lib/gcc/arm-none-eabi/13.2.1/thumb/v6-m/nofp/crti.o
                0x10009758                _fini
 *fill*         0x1000975c        0x4 
 .fini.__stub   0x10009760       0x60 linker stubs
 *crtbegin.o(.ctors)
 *crtbegin?.o(.ctors)
 *(EXCLUDE_FILE(*crtend.o *crtend?.o) .ctors)
 *(SORT_BY_NAME(.ctors.*))
 *(.ctors)
 *crtbegin.o(.dtors)
 *crtbegin?.o(.dtors)
 *(EXCLUDE_FILE(*crtend.o *crtend?.o) .dtors)
 *(SORT_BY_NAME(.dtors.*))
 *(.dtors)
 *(.eh_frame*)
 .eh_frame      0x100097c0        0x0 E:/Toolchain/arm-gnu-toolchain/bin/../lib/gcc/arm-none-eabi/13.2.1/thumb/v6-m/nofp/crtbegin.o
                0x100097c0                        . = ALIGN (0x4)

.glue_7         0x100097c0        0x0
 .glue_7        0x100097c0        0x0 linker stubs

.glue_7t        0x100097c0        0x0
 .glue_7t       0x100097c0        0x0 linker stubs

.vfp11_veneer   0x100097c0        0x0
 .vfp11_veneer  0x100097c0        0x0 linker stubs

.v4_bx          0x100097c0        0x0
 .v4_bx         0x100097c0        0x0 linker stubs

.iplt           0x100097c0        0x0
 .iplt          0x100097c0        0x0 E:/Toolchain/arm-gnu-toolchain/bin/../lib/gcc/arm-none-eabi/13.2.1/thumb/v6-m/nofp/crtbegin.o

.rodata         0x100097c0     0x16c0
 *(EXCLUDE_FILE(*libm.a: *libc.a:*lib_a-mem*.o *libgcc.a:) .rodata*)
 .rodata        0x100097c0        0x3 CMakeFiles/rp2040_w25qxx.dir/w25qxx_Interface.c.obj
 *fill*         0x100097c3        0x1 
 .rodata        0x100097c4      0x243 CMakeFiles/rp2040_w25qxx.dir/E_/Raspberry/pico/pico-sdk/src/rp2_common/hardware_irq/irq.c.obj
 *fill*         0x10009a07        0x1 
 .rodata.__func__.6
                0x10009a08       0x1a CMakeFiles/rp2040_w25qxx.dir/E_/Raspberry/pico/pico-sdk/src/rp2_common/hardware_irq/irq.c.obj
 *fill*         0x10009a22        0x2 
 .rodata.__func__.5
                0x10009a24        0xc CMakeFiles/rp2040_w25qxx.dir/E_/Raspberry/pico/pico-sdk/src/rp2_common/hardware_irq/irq.c.obj
 .rodata.__func__.4
                0x10009a30       0x17 CMakeFiles/rp2040_w25qxx.dir/E_/Raspberry/pico/pico-sdk/src/rp2_common/hardware_irq/irq.c.obj
 *fill*         0x10009a47        0x1 
 .rodata.__func__.2
                0x10009a48        0xf CMakeFiles/rp2040_w25qxx.dir/E_/Raspberry/pico/pico-sdk/src/rp2_common/hardware_irq/irq.c.obj
 *fill*         0x10009a57        0x1 
 .rodata.__func__.1
                0x10009a58       0x13 CMakeFiles/rp2040_w25qxx.dir/E_/Raspberry/pico/pico-sdk/src/rp2_common/hardware_irq/irq.c.obj
 *fill*         0x10009a6b        0x1 
 .rodata.__func__.0
                0x10009a6c       0x1a CMakeFiles/rp2040_w25qxx.dir/E_/Raspberry/pico/pico-sdk/src/rp2_common/hardware_irq/irq.c.obj
 *fill*         0x10009a86        0x2 
 .rodata        0x10009a88       0xed CMakeFiles/rp2040_w25qxx.dir/E_/Raspberry/pico/pico-sdk/src/common/pico_sync/mutex.c.obj
 *fill*         0x10009b75        0x3 
 .rodata.__func__.3
                0x10009b78       0x18 CMakeFiles/rp2040_w25qxx.dir/E_/Raspberry/pico/pico-sdk/src/common/pico_sync/mutex.c.obj
 .rodata.__func__.1
                0x10009b90        0xb CMakeFiles/rp2040_w25qxx.dir/E_/Raspberry/pico/pico-sdk/src/common/pico_sync/mutex.c.obj
 *fill*         0x10009b9b        0x1 
 .rodata        0x10009b9c      0x309 CMakeFiles/rp2040_w25qxx.dir/E_/Raspberry/pico/pico-sdk/src/common/pico_time/time.c.obj
 *fill*         0x10009ea5        0x3 
 .rodata.__func__.12
                0x10009ea8       0x12 CMakeFiles/rp2040_w25qxx.dir/E_/Raspberry/pico/pico-sdk/src/common/pico_time/time.c.obj
 *fill*         0x10009eba        0x2 
 .rodata.__func__.11
                0x10009ebc        0xc CMakeFiles/rp2040_w25qxx.dir/E_/Raspberry/pico/pico-sdk/src/common/pico_time/time.c.obj
 .rodata.__func__.10
                0x10009ec8        0xa CMakeFiles/rp2040_w25qxx.dir/E_/Raspberry/pico/pico-sdk/src/common/pico_time/time.c.obj
 *fill*         0x10009ed2        0x2 
 .rodata.__func__.9
                0x10009ed4       0x17 CMakeFiles/rp2040_w25qxx.dir/E_/Raspberry/pico/pico-sdk/src/common/pico_time/time.c.obj
 *fill*         0x10009eeb        0x1 
 .rodata.__func__.8
                0x10009eec       0x15 CMakeFiles/rp2040_w25qxx.dir/E_/Raspberry/pico/pico-sdk/src/common/pico_time/time.c.obj
 *fill*         0x10009f01        0x3 
 .rodata.__func__.7
                0x10009f04        0xf CMakeFiles/rp2040_w25qxx.dir/E_/Raspberry/pico/pico-sdk/src/common/pico_time/time.c.obj
 *fill*         0x10009f13        0x1 
 .rodata.__func__.6
                0x10009f14       0x1a CMakeFiles/rp2040_w25qxx.dir/E_/Raspberry/pico/pico-sdk/src/common/pico_time/time.c.obj
 *fill*         0x10009f2e        0x2 
 .rodata.__func__.5
                0x10009f30       0x15 CMakeFiles/rp2040_w25qxx.dir/E_/Raspberry/pico/pico-sdk/src/common/pico_time/time.c.obj
 *fill*         0x10009f45        0x3 
 .rodata.__func__.4
                0x10009f48        0xd CMakeFiles/rp2040_w25qxx.dir/E_/Raspberry/pico/pico-sdk/src/common/pico_time/time.c.obj
 *fill*         0x10009f55        0x3 
 .rodata.__func__.3
                0x10009f58       0x12 CMakeFiles/rp2040_w25qxx.dir/E_/Raspberry/pico/pico-sdk/src/common/pico_time/time.c.obj
 *fill*         0x10009f6a        0x2 
 .rodata.__func__.1
                0x10009f6c       0x18 CMakeFiles/rp2040_w25qxx.dir/E_/Raspberry/pico/pico-sdk/src/common/pico_time/time.c.obj
 .rodata.__func__.0
                0x10009f84       0x19 CMakeFiles/rp2040_w25qxx.dir/E_/Raspberry/pico/pico-sdk/src/common/pico_time/time.c.obj
 *fill*         0x10009f9d        0x3 
 .rodata        0x10009fa0      0x101 CMakeFiles/rp2040_w25qxx.dir/E_/Raspberry/pico/pico-sdk/src/rp2_common/hardware_timer/timer.c.obj
 *fill*         0x1000a0a1        0x3 
 .rodata.__func__.1
                0x1000a0a4       0x15 CMakeFiles/rp2040_w25qxx.dir/E_/Raspberry/pico/pico-sdk/src/rp2_common/hardware_timer/timer.c.obj
 *fill*         0x1000a0b9        0x3 
 .rodata.__func__.0
                0x1000a0bc       0x1a CMakeFiles/rp2040_w25qxx.dir/E_/Raspberry/pico/pico-sdk/src/rp2_common/hardware_timer/timer.c.obj
 *fill*         0x1000a0d6        0x2 
 .rodata        0x1000a0d8      0x187 CMakeFiles/rp2040_w25qxx.dir/E_/Raspberry/pico/pico-sdk/src/common/pico_util/pheap.c.obj
 *fill*         0x1000a25f        0x1 
 .rodata.__func__.3
                0x1000a260       0x12 CMakeFiles/rp2040_w25qxx.dir/E_/Raspberry/pico/pico-sdk/src/common/pico_util/pheap.c.obj
 *fill*         0x1000a272        0x2 
 .rodata.__func__.2
                0x1000a274        0xc CMakeFiles/rp2040_w25qxx.dir/E_/Raspberry/pico/pico-sdk/src/common/pico_util/pheap.c.obj
 .rodata.__func__.1
                0x1000a280       0x13 CMakeFiles/rp2040_w25qxx.dir/E_/Raspberry/pico/pico-sdk/src/common/pico_util/pheap.c.obj
 *fill*         0x1000a293        0x1 
 .rodata.__func__.0
                0x1000a294       0x18 CMakeFiles/rp2040_w25qxx.dir/E_/Raspberry/pico/pico-sdk/src/common/pico_util/pheap.c.obj
 .rodata        0x1000a2ac       0xfb CMakeFiles/rp2040_w25qxx.dir/E_/Raspberry/pico/pico-sdk/src/rp2_common/hardware_clocks/clocks.c.obj
 *fill*         0x1000a3a7        0x1 
 .rodata.__func__.1
                0x1000a3a8       0x10 CMakeFiles/rp2040_w25qxx.dir/E_/Raspberry/pico/pico-sdk/src/rp2_common/hardware_clocks/clocks.c.obj
 .rodata        0x1000a3b8      0x124 CMakeFiles/rp2040_w25qxx.dir/E_/Raspberry/pico/pico-sdk/src/rp2_common/hardware_pll/pll.c.obj
 .rodata.__func__.0
                0x1000a4dc        0x9 CMakeFiles/rp2040_w25qxx.dir/E_/Raspberry/pico/pico-sdk/src/rp2_common/hardware_pll/pll.c.obj
 *fill*         0x1000a4e5        0x3 
 .rodata        0x1000a4e8      0x13c CMakeFiles/rp2040_w25qxx.dir/E_/Raspberry/pico/pico-sdk/src/rp2_common/pico_runtime/runtime.c.obj
 .rodata.__func__.2
                0x1000a624        0xd CMakeFiles/rp2040_w25qxx.dir/E_/Raspberry/pico/pico-sdk/src/rp2_common/pico_runtime/runtime.c.obj
 *fill*         0x1000a631        0x3 
 .rodata        0x1000a634       0x18 CMakeFiles/rp2040_w25qxx.dir/E_/Raspberry/pico/pico-sdk/src/rp2_common/pico_printf/printf.c.obj
 .rodata._vsnprintf
                0x1000a64c      0x19c CMakeFiles/rp2040_w25qxx.dir/E_/Raspberry/pico/pico-sdk/src/rp2_common/pico_printf/printf.c.obj
 .rodata.pow10.0
                0x1000a7e8       0x50 CMakeFiles/rp2040_w25qxx.dir/E_/Raspberry/pico/pico-sdk/src/rp2_common/pico_printf/printf.c.obj
 .rodata        0x1000a838       0x9c CMakeFiles/rp2040_w25qxx.dir/E_/Raspberry/pico/pico-sdk/src/rp2_common/pico_double/double_init_rom.c.obj
 .rodata.__func__.0
                0x1000a8d4       0x14 CMakeFiles/rp2040_w25qxx.dir/E_/Raspberry/pico/pico-sdk/src/rp2_common/pico_double/double_init_rom.c.obj
 .rodata        0x1000a8e8       0x7e CMakeFiles/rp2040_w25qxx.dir/E_/Raspberry/pico/pico-sdk/src/rp2_common/pico_float/float_init_rom.c.obj
 *fill*         0x1000a966        0x2 
 .rodata.__func__.0
                0x1000a968       0x13 CMakeFiles/rp2040_w25qxx.dir/E_/Raspberry/pico/pico-sdk/src/rp2_common/pico_float/float_init_rom.c.obj
 *fill*         0x1000a97b        0x1 
 .rodata        0x1000a97c       0x5e CMakeFiles/rp2040_w25qxx.dir/E_/Raspberry/pico/pico-sdk/src/rp2_common/pico_standard_link/binary_info.c.obj
 *fill*         0x1000a9da        0x2 
 .rodata.__bi_44
                0x1000a9dc        0xc CMakeFiles/rp2040_w25qxx.dir/E_/Raspberry/pico/pico-sdk/src/rp2_common/pico_standard_link/binary_info.c.obj
 .rodata.__bi_75
                0x1000a9e8        0xc CMakeFiles/rp2040_w25qxx.dir/E_/Raspberry/pico/pico-sdk/src/rp2_common/pico_standard_link/binary_info.c.obj
 .rodata.__bi_81
                0x1000a9f4        0xc CMakeFiles/rp2040_w25qxx.dir/E_/Raspberry/pico/pico-sdk/src/rp2_common/pico_standard_link/binary_info.c.obj
 .rodata.__bi_91
                0x1000aa00        0xc CMakeFiles/rp2040_w25qxx.dir/E_/Raspberry/pico/pico-sdk/src/rp2_common/pico_standard_link/binary_info.c.obj
 .rodata        0x1000aa0c       0xb3 CMakeFiles/rp2040_w25qxx.dir/E_/Raspberry/pico/pico-sdk/src/rp2_common/pico_stdio/stdio.c.obj
 *fill*         0x1000aabf        0x1 
 .rodata.__func__.3
                0x1000aac0       0x15 CMakeFiles/rp2040_w25qxx.dir/E_/Raspberry/pico/pico-sdk/src/rp2_common/pico_stdio/stdio.c.obj
 *fill*         0x1000aad5        0x3 
 .rodata.crlf_str.2
                0x1000aad8        0x2 CMakeFiles/rp2040_w25qxx.dir/E_/Raspberry/pico/pico-sdk/src/rp2_common/pico_stdio/stdio.c.obj
 *fill*         0x1000aada        0x2 
 .rodata.__bi_34.11
                0x1000aadc        0x8 CMakeFiles/rp2040_w25qxx.dir/E_/Raspberry/pico/pico-sdk/src/rp2_common/pico_stdio_uart/stdio_uart.c.obj
 .rodata        0x1000aae4       0x2b CMakeFiles/rp2040_w25qxx.dir/E_/Raspberry/pico/pico-sdk/src/rp2_common/pico_stdio_uart/stdio_uart.c.obj
 *fill*         0x1000ab0f        0x1 
 .rodata.__bi_33.9
                0x1000ab10        0xc CMakeFiles/rp2040_w25qxx.dir/E_/Raspberry/pico/pico-sdk/src/rp2_common/pico_stdio_uart/stdio_uart.c.obj
 .rodata.bufferWrite
                0x1000ab1c        0xd w25qxx/libw25qxx.a(w25qxx_Demo.c.obj)
 *fill*         0x1000ab29        0x3 
 .rodata        0x1000ab2c      0x2cf w25qxx/libw25qxx.a(w25qxx_Demo.c.obj)
 *fill*         0x1000adfb        0x1 
 .rodata.w25qxx_Demo
                0x1000adfc       0x14 w25qxx/libw25qxx.a(w25qxx_Demo.c.obj)
 .rodata.w25qxx_DemoErrorHandler
                0x1000ae10       0x48 w25qxx/libw25qxx.a(w25qxx_Demo.c.obj)
 .rodata.w25qxx_Init
                0x1000ae58       0x14 w25qxx/libw25qxx.a(w25qxx.c.obj)
 .rodata.w25qxx_Erase
                0x1000ae6c       0x14 w25qxx/libw25qxx.a(w25qxx.c.obj)
                0x1000ae80                        . = ALIGN (0x4)
 *(SORT_BY_ALIGNMENT(SORT_BY_NAME(.flashdata*)))
                0x1000ae80                        . = ALIGN (0x4)

.ARM.extab
 *(.ARM.extab* .gnu.linkonce.armextab.*)
                0x1000ae80                        __exidx_start = .

.ARM.exidx
 *(.ARM.exidx* .gnu.linkonce.armexidx.*)
                0x1000ae80                        __exidx_end = .
                0x1000ae80                        . = ALIGN (0x4)
                0x1000ae80                        __binary_info_start = .

.binary_info    0x1000ae80       0x28
 *(.binary_info.keep.*)
 .binary_info.keep.__bi_ptr22
                0x1000ae80        0x4 CMakeFiles/rp2040_w25qxx.dir/E_/Raspberry/pico/pico-sdk/src/rp2_common/pico_standard_link/binary_info.c.obj
 .binary_info.keep.__bi_ptr30
                0x1000ae84        0x4 CMakeFiles/rp2040_w25qxx.dir/E_/Raspberry/pico/pico-sdk/src/rp2_common/pico_standard_link/binary_info.c.obj
 .binary_info.keep.__bi_ptr38
                0x1000ae88        0x4 CMakeFiles/rp2040_w25qxx.dir/E_/Raspberry/pico/pico-sdk/src/rp2_common/pico_standard_link/binary_info.c.obj
 .binary_info.keep.__bi_ptr44
                0x1000ae8c        0x4 CMakeFiles/rp2040_w25qxx.dir/E_/Raspberry/pico/pico-sdk/src/rp2_common/pico_standard_link/binary_info.c.obj
 .binary_info.keep.__bi_ptr50
                0x1000ae90        0x4 CMakeFiles/rp2040_w25qxx.dir/E_/Raspberry/pico/pico-sdk/src/rp2_common/pico_standard_link/binary_info.c.obj
 .binary_info.keep.__bi_ptr75
                0x1000ae94        0x4 CMakeFiles/rp2040_w25qxx.dir/E_/Raspberry/pico/pico-sdk/src/rp2_common/pico_standard_link/binary_info.c.obj
 .binary_info.keep.__bi_ptr81
                0x1000ae98        0x4 CMakeFiles/rp2040_w25qxx.dir/E_/Raspberry/pico/pico-sdk/src/rp2_common/pico_standard_link/binary_info.c.obj
 .binary_info.keep.__bi_ptr91
                0x1000ae9c        0x4 CMakeFiles/rp2040_w25qxx.dir/E_/Raspberry/pico/pico-sdk/src/rp2_common/pico_standard_link/binary_info.c.obj
 *(.binary_info.*)
 .binary_info.__bi_ptr33
                0x1000aea0        0x4 CMakeFiles/rp2040_w25qxx.dir/E_/Raspberry/pico/pico-sdk/src/rp2_common/pico_stdio_uart/stdio_uart.c.obj
 .binary_info.__bi_ptr34
                0x1000aea4        0x4 CMakeFiles/rp2040_w25qxx.dir/E_/Raspberry/pico/pico-sdk/src/rp2_common/pico_stdio_uart/stdio_uart.c.obj
                0x1000aea8                        __binary_info_end = .

.rel.dyn        0x1000aea8        0x0
 .rel.iplt      0x1000aea8        0x0 E:/Toolchain/arm-gnu-toolchain/bin/../lib/gcc/arm-none-eabi/13.2.1/thumb/v6-m/nofp/crtbegin.o
                0x1000aea8                        . = ALIGN (0x4)

.ram_vector_table
                0x20000000       0xc0
 *(.ram_vector_table)
 .ram_vector_table
                0x20000000       0xc0 CMakeFiles/rp2040_w25qxx.dir/E_/Raspberry/pico/pico-sdk/src/rp2_common/pico_runtime/runtime.c.obj
                0x20000000                ram_vector_table

.data           0x200000c0      0x514 load address 0x1000aea8
                0x200000c0                        __data_start__ = .
 *(vtable)
 *(.time_critical*)
 .time_critical.mutex_try_enter
                0x200000c0       0xb2 CMakeFiles/rp2040_w25qxx.dir/E_/Raspberry/pico/pico-sdk/src/common/pico_sync/mutex.c.obj
                0x200000c0                mutex_try_enter
 .time_critical.mutex_try_enter_block_until
                0x20000172       0x56 CMakeFiles/rp2040_w25qxx.dir/E_/Raspberry/pico/pico-sdk/src/common/pico_sync/mutex.c.obj
                0x20000172                mutex_try_enter_block_until
 .time_critical.mutex_enter_block_until
                0x200001c8       0xf8 CMakeFiles/rp2040_w25qxx.dir/E_/Raspberry/pico/pico-sdk/src/common/pico_sync/mutex.c.obj
                0x200001c8                mutex_enter_block_until
 .time_critical.mutex_exit
                0x200002c0       0x9c CMakeFiles/rp2040_w25qxx.dir/E_/Raspberry/pico/pico-sdk/src/common/pico_sync/mutex.c.obj
                0x200002c0                mutex_exit
 .time_critical.spi_write_blocking
                0x2000035c       0xb0 CMakeFiles/rp2040_w25qxx.dir/E_/Raspberry/pico/pico-sdk/src/rp2_common/hardware_spi/spi.c.obj
                0x2000035c                spi_write_blocking
 .time_critical.spi_read_blocking
                0x2000040c       0x9c CMakeFiles/rp2040_w25qxx.dir/E_/Raspberry/pico/pico-sdk/src/rp2_common/hardware_spi/spi.c.obj
                0x2000040c                spi_read_blocking
 *(.text*)
 .text          0x200004a8        0x4 E:/Toolchain/arm-gnu-toolchain/bin/../lib/gcc/arm-none-eabi/13.2.1/thumb/v6-m/nofp\libgcc.a(_dvmd_tls.o)
                0x200004a8                __aeabi_idiv0
                0x200004a8                __aeabi_ldiv0
 *fill*         0x200004ac        0x4 
 .text.__stub   0x200004b0       0x50 linker stubs
                0x20000500                        . = ALIGN (0x4)
 *(.rodata*)
                0x20000500                        . = ALIGN (0x4)
 *(.data*)
 .data.striped_spin_lock_num
                0x20000500        0x1 CMakeFiles/rp2040_w25qxx.dir/E_/Raspberry/pico/pico-sdk/src/rp2_common/hardware_sync/sync.c.obj
 *fill*         0x20000501        0x3 
 .data          0x20000504       0x48 CMakeFiles/rp2040_w25qxx.dir/E_/Raspberry/pico/pico-sdk/src/rp2_common/hardware_irq/irq_handler_chain.S.obj
                0x20000504                irq_handler_chain_slots
                0x20000534                irq_handler_chain_first_slot
                0x2000053e                irq_handler_chain_remove_tail
 .data.default_alarm_pool_heap
                0x2000054c       0x10 CMakeFiles/rp2040_w25qxx.dir/E_/Raspberry/pico/pico-sdk/src/common/pico_time/time.c.obj
 .data.default_alarm_pool
                0x2000055c       0x18 CMakeFiles/rp2040_w25qxx.dir/E_/Raspberry/pico/pico-sdk/src/common/pico_time/time.c.obj
 *fill*         0x20000574        0xc 
 .data.aeabi_bits_funcs
                0x20000580       0x10 CMakeFiles/rp2040_w25qxx.dir/E_/Raspberry/pico/pico-sdk/src/rp2_common/pico_bit_ops/bit_ops_aeabi.S.obj
                0x20000580                aeabi_bits_funcs
                0x20000590                aeabi_bits_funcs_end
 .data.aeabi_mem_funcs
                0x20000590       0x10 CMakeFiles/rp2040_w25qxx.dir/E_/Raspberry/pico/pico-sdk/src/rp2_common/pico_mem_ops/mem_ops_aeabi.S.obj
                0x20000590                aeabi_mem_funcs
                0x200005a0                aeabi_mem_funcs_end
 .data.stdio_uart
                0x200005a0       0x18 CMakeFiles/rp2040_w25qxx.dir/E_/Raspberry/pico/pico-sdk/src/rp2_common/pico_stdio_uart/stdio_uart.c.obj
                0x200005a0                stdio_uart
                0x200005b8                        . = ALIGN (0x4)
 *(.after_data.*)
                0x200005b8                        . = ALIGN (0x4)
                0x200005b8                        PROVIDE (__mutex_array_start = .)
 *(SORT_BY_NAME(.mutex_array.*))
 *(.mutex_array)
 .mutex_array   0x200005b8        0x8 CMakeFiles/rp2040_w25qxx.dir/E_/Raspberry/pico/pico-sdk/src/rp2_common/pico_stdio/stdio.c.obj
                0x200005c0                        PROVIDE (__mutex_array_end = .)
                0x200005c0                        . = ALIGN (0x4)
                0x200005c0                        PROVIDE (__preinit_array_start = .)
 *(SORT_BY_NAME(.preinit_array.*))
 .preinit_array.00001
                0x200005c0        0x4 CMakeFiles/rp2040_w25qxx.dir/E_/Raspberry/pico/pico-sdk/src/rp2_common/pico_mem_ops/mem_ops_aeabi.S.obj
 .preinit_array.00010
                0x200005c4        0x4 CMakeFiles/rp2040_w25qxx.dir/E_/Raspberry/pico/pico-sdk/src/rp2_common/pico_bit_ops/bit_ops_aeabi.S.obj
 .preinit_array.00020
                0x200005c8        0x4 CMakeFiles/rp2040_w25qxx.dir/E_/Raspberry/pico/pico-sdk/src/rp2_common/pico_double/double_aeabi.S.obj
 .preinit_array.00020
                0x200005cc        0x4 CMakeFiles/rp2040_w25qxx.dir/E_/Raspberry/pico/pico-sdk/src/rp2_common/pico_float/float_aeabi.S.obj
 *(.preinit_array)
                0x200005d0                        PROVIDE (__preinit_array_end = .)
                0x200005d0                        . = ALIGN (0x4)
                0x200005d0                        PROVIDE (__init_array_start = .)
 *(SORT_BY_NAME(.init_array.*))
 *(.init_array)
 .init_array    0x200005d0        0x4 E:/Toolchain/arm-gnu-toolchain/bin/../lib/gcc/arm-none-eabi/13.2.1/thumb/v6-m/nofp/crtbegin.o
                0x200005d4                        PROVIDE (__init_array_end = .)
                0x200005d4                        . = ALIGN (0x4)
                [!provide]                        PROVIDE (__fini_array_start = .)
 *(SORT_BY_NAME(.fini_array.*))
 *(.fini_array)
                [!provide]                        PROVIDE (__fini_array_end = .)
 *(.jcr)
                0x200005d4                        . = ALIGN (0x4)
                0x200005d4                        __data_end__ = .
                0x1000aea8                        __etext = LOADADDR (.data)

.tm_clone_table
                0x200005d4        0x0 load address 0x1000b3bc
 .tm_clone_table
                0x200005d4        0x0 E:/Toolchain/arm-gnu-toolchain/bin/../lib/gcc/arm-none-eabi/13.2.1/thumb/v6-m/nofp/crtbegin.o
 .tm_clone_table
                0x200005d4        0x0 E:/Toolchain/arm-gnu-toolchain/bin/../lib/gcc/arm-none-eabi/13.2.1/thumb/v6-m/nofp/crtend.o

.igot.plt       0x200005d4        0x0 load address 0x1000b3bc
 .igot.plt      0x200005d4        0x0 E:/Toolchain/arm-gnu-toolchain/bin/../lib/gcc/arm-none-eabi/13.2.1/thumb/v6-m/nofp/crtbegin.o

.uninitialized_data
                0x200005d4        0x0 load address 0x1000b3bc
                0x200005d4                        . = ALIGN (0x4)
 *(.uninitialized_data*)

.scratch_x      0x20040000        0x0 load address 0x1000b3bc
                0x20040000                        __scratch_x_start__ = .
 *(.scratch_x.*)
                0x20040000                        . = ALIGN (0x4)
                0x20040000                        __scratch_x_end__ = .
                0x1000b3bc                        __scratch_x_source__ = LOADADDR (.scratch_x)

.scratch_y      0x20041000        0x0 load address 0x1000b3bc
                0x20041000                        __scratch_y_start__ = .
 *(.scratch_y.*)
                0x20041000                        . = ALIGN (0x4)
                0x20041000                        __scratch_y_end__ = .
                0x1000b3bc                        __scratch_y_source__ = LOADADDR (.scratch_y)

.bss            0x200005d8      0x510
                0x200005d8                        . = ALIGN (0x4)
                0x200005d8                        __bss_start__ = .
 *(SORT_BY_ALIGNMENT(SORT_BY_NAME(.bss*)))
 .bss.default_alarm_pool_entries
                0x200005d8      0x100 CMakeFiles/rp2040_w25qxx.dir/E_/Raspberry/pico/pico-sdk/src/common/pico_time/time.c.obj
 .bss.alarm_callbacks
                0x200006d8       0x10 CMakeFiles/rp2040_w25qxx.dir/E_/Raspberry/pico/pico-sdk/src/rp2_common/hardware_timer/timer.c.obj
 .bss.bufferRead
                0x200006e8        0xd w25qxx/libw25qxx.a(w25qxx_Demo.c.obj)
 *fill*         0x200006f5        0x3 
 .bss.chars_available_callback
                0x200006f8        0x4 CMakeFiles/rp2040_w25qxx.dir/E_/Raspberry/pico/pico-sdk/src/rp2_common/pico_stdio_uart/stdio_uart.c.obj
 .bss.chars_available_param
                0x200006fc        0x4 CMakeFiles/rp2040_w25qxx.dir/E_/Raspberry/pico/pico-sdk/src/rp2_common/pico_stdio_uart/stdio_uart.c.obj
 .bss.configured_freq
                0x20000700       0x28 CMakeFiles/rp2040_w25qxx.dir/E_/Raspberry/pico/pico-sdk/src/rp2_common/hardware_clocks/clocks.c.obj
 .bss.default_alarm_pool_entry_ids_high
                0x20000728       0x10 CMakeFiles/rp2040_w25qxx.dir/E_/Raspberry/pico/pico-sdk/src/common/pico_time/time.c.obj
 .bss.default_alarm_pool_heap_nodes
                0x20000738       0x30 CMakeFiles/rp2040_w25qxx.dir/E_/Raspberry/pico/pico-sdk/src/common/pico_time/time.c.obj
 .bss.demoFlags
                0x20000768        0x1 w25qxx/libw25qxx.a(w25qxx_Demo.c.obj)
 *fill*         0x20000769        0x3 
 .bss.drivers   0x2000076c        0x4 CMakeFiles/rp2040_w25qxx.dir/E_/Raspberry/pico/pico-sdk/src/rp2_common/pico_stdio/stdio.c.obj
 .bss.filter    0x20000770        0x4 CMakeFiles/rp2040_w25qxx.dir/E_/Raspberry/pico/pico-sdk/src/rp2_common/pico_stdio/stdio.c.obj
 .bss.object.0  0x20000774       0x18 E:/Toolchain/arm-gnu-toolchain/bin/../lib/gcc/arm-none-eabi/13.2.1/thumb/v6-m/nofp/crtbegin.o
 .bss.pools     0x2000078c       0x10 CMakeFiles/rp2040_w25qxx.dir/E_/Raspberry/pico/pico-sdk/src/common/pico_time/time.c.obj
 .bss.sd_table  0x2000079c      0x100 CMakeFiles/rp2040_w25qxx.dir/E_/Raspberry/pico/pico-sdk/src/rp2_common/pico_double/double_init_rom.c.obj
                0x2000079c                sd_table
 .bss.sf_clz_func
                0x2000089c        0x4 CMakeFiles/rp2040_w25qxx.dir/E_/Raspberry/pico/pico-sdk/src/rp2_common/pico_double/double_init_rom.c.obj
                0x2000089c                sf_clz_func
 .bss.sf_table  0x200008a0      0x100 CMakeFiles/rp2040_w25qxx.dir/E_/Raspberry/pico/pico-sdk/src/rp2_common/pico_float/float_init_rom.c.obj
                0x200008a0                sf_table
 .bss.sleep_notifier
                0x200009a0        0x4 CMakeFiles/rp2040_w25qxx.dir/E_/Raspberry/pico/pico-sdk/src/common/pico_time/time.c.obj
 .bss.target_hi
                0x200009a4       0x10 CMakeFiles/rp2040_w25qxx.dir/E_/Raspberry/pico/pico-sdk/src/rp2_common/hardware_timer/timer.c.obj
 .bss.uart_char_to_line_feed
                0x200009b4        0x4 CMakeFiles/rp2040_w25qxx.dir/E_/Raspberry/pico/pico-sdk/src/rp2_common/hardware_uart/uart.c.obj
                0x200009b4                uart_char_to_line_feed
 .bss.uart_instance
                0x200009b8        0x4 CMakeFiles/rp2040_w25qxx.dir/E_/Raspberry/pico/pico-sdk/src/rp2_common/pico_stdio_uart/stdio_uart.c.obj
 .bss.uwTick    0x200009bc        0x4 CMakeFiles/rp2040_w25qxx.dir/rp2040_w25qxx.c.obj
                0x200009bc                uwTick
 .bss.w25qxx_Handle
                0x200009c0      0x124 w25qxx/libw25qxx.a(w25qxx_Demo.c.obj)
 .bss.claimed   0x20000ae4        0x1 CMakeFiles/rp2040_w25qxx.dir/E_/Raspberry/pico/pico-sdk/src/rp2_common/hardware_timer/timer.c.obj
 .bss.irq_hander_chain_free_slot_head
                0x20000ae5        0x1 CMakeFiles/rp2040_w25qxx.dir/E_/Raspberry/pico/pico-sdk/src/rp2_common/hardware_irq/irq.c.obj
 .bss.timer_callbacks_pending
                0x20000ae6        0x1 CMakeFiles/rp2040_w25qxx.dir/E_/Raspberry/pico/pico-sdk/src/rp2_common/hardware_timer/timer.c.obj
 *(COMMON)
                0x20000ae8                        . = ALIGN (0x4)
 *fill*         0x20000ae7        0x1 
                0x20000ae8                        __bss_end__ = .

.heap           0x20000ae8      0x800
                0x20000ae8                        __end__ = .
                0x20000ae8                        end = __end__
 *(.heap*)
 .heap          0x20000ae8      0x800 CMakeFiles/rp2040_w25qxx.dir/E_/Raspberry/pico/pico-sdk/src/rp2_common/pico_standard_link/crt0.S.obj
                0x200012e8                        __HeapLimit = .

.stack1_dummy
 *(.stack1*)

.stack_dummy    0x20041000      0x800
 *(.stack*)
 .stack         0x20041000      0x800 CMakeFiles/rp2040_w25qxx.dir/E_/Raspberry/pico/pico-sdk/src/rp2_common/pico_standard_link/crt0.S.obj

.flash_end      0x1000b3bc        0x0
                0x1000b3bc                        PROVIDE (__flash_binary_end = .)
                0x20040000                        __StackLimit = (ORIGIN (RAM) + LENGTH (RAM))
                0x20041000                        __StackOneTop = (ORIGIN (SCRATCH_X) + LENGTH (SCRATCH_X))
                0x20042000                        __StackTop = (ORIGIN (SCRATCH_Y) + LENGTH (SCRATCH_Y))
                0x20041000                        __StackOneBottom = (__StackOneTop - SIZEOF (.stack1_dummy))
                0x20041800                        __StackBottom = (__StackTop - SIZEOF (.stack_dummy))
                0x20042000                        PROVIDE (__stack = __StackTop)
                0x00000001                        ASSERT ((__StackLimit >= __HeapLimit), region RAM overflowed)
                0x00000001                        ASSERT (((__binary_info_header_end - __logical_binary_start) <= 0x100), Binary info must be in first 256 bytes of the binary)
LOAD CMakeFiles/rp2040_w25qxx.dir/rp2040_w25qxx.c.obj
LOAD CMakeFiles/rp2040_w25qxx.dir/w25qxx_Interface.c.obj
LOAD CMakeFiles/rp2040_w25qxx.dir/E_/Raspberry/pico/pico-sdk/src/rp2_common/pico_stdlib/stdlib.c.obj
LOAD CMakeFiles/rp2040_w25qxx.dir/E_/Raspberry/pico/pico-sdk/src/rp2_common/hardware_gpio/gpio.c.obj
LOAD CMakeFiles/rp2040_w25qxx.dir/E_/Raspberry/pico/pico-sdk/src/rp2_common/pico_platform/platform.c.obj
LOAD CMakeFiles/rp2040_w25qxx.dir/E_/Raspberry/pico/pico-sdk/src/rp2_common/hardware_claim/claim.c.obj
LOAD CMakeFiles/rp2040_w25qxx.dir/E_/Raspberry/pico/pico-sdk/src/rp2_common/hardware_sync/sync.c.obj
LOAD CMakeFiles/rp2040_w25qxx.dir/E_/Raspberry/pico/pico-sdk/src/rp2_common/hardware_irq/irq.c.obj
LOAD CMakeFiles/rp2040_w25qxx.dir/E_/Raspberry/pico/pico-sdk/src/rp2_common/hardware_irq/irq_handler_chain.S.obj
LOAD CMakeFiles/rp2040_w25qxx.dir/E_/Raspberry/pico/pico-sdk/src/common/pico_sync/sem.c.obj
LOAD CMakeFiles/rp2040_w25qxx.dir/E_/Raspberry/pico/pico-sdk/src/common/pico_sync/lock_core.c.obj
LOAD CMakeFiles/rp2040_w25qxx.dir/E_/Raspberry/pico/pico-sdk/src/common/pico_sync/mutex.c.obj
LOAD CMakeFiles/rp2040_w25qxx.dir/E_/Raspberry/pico/pico-sdk/src/common/pico_sync/critical_section.c.obj
LOAD CMakeFiles/rp2040_w25qxx.dir/E_/Raspberry/pico/pico-sdk/src/common/pico_time/time.c.obj
LOAD CMakeFiles/rp2040_w25qxx.dir/E_/Raspberry/pico/pico-sdk/src/common/pico_time/timeout_helper.c.obj
LOAD CMakeFiles/rp2040_w25qxx.dir/E_/Raspberry/pico/pico-sdk/src/rp2_common/hardware_timer/timer.c.obj
LOAD CMakeFiles/rp2040_w25qxx.dir/E_/Raspberry/pico/pico-sdk/src/common/pico_util/datetime.c.obj
LOAD CMakeFiles/rp2040_w25qxx.dir/E_/Raspberry/pico/pico-sdk/src/common/pico_util/pheap.c.obj
LOAD CMakeFiles/rp2040_w25qxx.dir/E_/Raspberry/pico/pico-sdk/src/common/pico_util/queue.c.obj
LOAD CMakeFiles/rp2040_w25qxx.dir/E_/Raspberry/pico/pico-sdk/src/rp2_common/hardware_uart/uart.c.obj
LOAD CMakeFiles/rp2040_w25qxx.dir/E_/Raspberry/pico/pico-sdk/src/rp2_common/hardware_clocks/clocks.c.obj
LOAD CMakeFiles/rp2040_w25qxx.dir/E_/Raspberry/pico/pico-sdk/src/rp2_common/hardware_pll/pll.c.obj
LOAD CMakeFiles/rp2040_w25qxx.dir/E_/Raspberry/pico/pico-sdk/src/rp2_common/hardware_vreg/vreg.c.obj
LOAD CMakeFiles/rp2040_w25qxx.dir/E_/Raspberry/pico/pico-sdk/src/rp2_common/hardware_watchdog/watchdog.c.obj
LOAD CMakeFiles/rp2040_w25qxx.dir/E_/Raspberry/pico/pico-sdk/src/rp2_common/hardware_xosc/xosc.c.obj
LOAD CMakeFiles/rp2040_w25qxx.dir/E_/Raspberry/pico/pico-sdk/src/rp2_common/hardware_divider/divider.S.obj
LOAD CMakeFiles/rp2040_w25qxx.dir/E_/Raspberry/pico/pico-sdk/src/rp2_common/pico_runtime/runtime.c.obj
LOAD CMakeFiles/rp2040_w25qxx.dir/E_/Raspberry/pico/pico-sdk/src/rp2_common/pico_printf/printf.c.obj
LOAD CMakeFiles/rp2040_w25qxx.dir/E_/Raspberry/pico/pico-sdk/src/rp2_common/pico_bit_ops/bit_ops_aeabi.S.obj
LOAD CMakeFiles/rp2040_w25qxx.dir/E_/Raspberry/pico/pico-sdk/src/rp2_common/pico_bootrom/bootrom.c.obj
LOAD CMakeFiles/rp2040_w25qxx.dir/E_/Raspberry/pico/pico-sdk/src/rp2_common/pico_divider/divider.S.obj
LOAD CMakeFiles/rp2040_w25qxx.dir/E_/Raspberry/pico/pico-sdk/src/rp2_common/pico_double/double_aeabi.S.obj
LOAD CMakeFiles/rp2040_w25qxx.dir/E_/Raspberry/pico/pico-sdk/src/rp2_common/pico_double/double_init_rom.c.obj
LOAD CMakeFiles/rp2040_w25qxx.dir/E_/Raspberry/pico/pico-sdk/src/rp2_common/pico_double/double_math.c.obj
LOAD CMakeFiles/rp2040_w25qxx.dir/E_/Raspberry/pico/pico-sdk/src/rp2_common/pico_double/double_v1_rom_shim.S.obj
LOAD CMakeFiles/rp2040_w25qxx.dir/E_/Raspberry/pico/pico-sdk/src/rp2_common/pico_int64_ops/pico_int64_ops_aeabi.S.obj
LOAD CMakeFiles/rp2040_w25qxx.dir/E_/Raspberry/pico/pico-sdk/src/rp2_common/pico_float/float_aeabi.S.obj
LOAD CMakeFiles/rp2040_w25qxx.dir/E_/Raspberry/pico/pico-sdk/src/rp2_common/pico_float/float_init_rom.c.obj
LOAD CMakeFiles/rp2040_w25qxx.dir/E_/Raspberry/pico/pico-sdk/src/rp2_common/pico_float/float_math.c.obj
LOAD CMakeFiles/rp2040_w25qxx.dir/E_/Raspberry/pico/pico-sdk/src/rp2_common/pico_float/float_v1_rom_shim.S.obj
LOAD CMakeFiles/rp2040_w25qxx.dir/E_/Raspberry/pico/pico-sdk/src/rp2_common/pico_malloc/pico_malloc.c.obj
LOAD CMakeFiles/rp2040_w25qxx.dir/E_/Raspberry/pico/pico-sdk/src/rp2_common/pico_mem_ops/mem_ops_aeabi.S.obj
LOAD CMakeFiles/rp2040_w25qxx.dir/E_/Raspberry/pico/pico-sdk/src/rp2_common/pico_standard_link/crt0.S.obj
LOAD CMakeFiles/rp2040_w25qxx.dir/E_/Raspberry/pico/pico-sdk/src/rp2_common/pico_standard_link/new_delete.cpp.obj
LOAD CMakeFiles/rp2040_w25qxx.dir/E_/Raspberry/pico/pico-sdk/src/rp2_common/pico_standard_link/binary_info.c.obj
LOAD CMakeFiles/rp2040_w25qxx.dir/E_/Raspberry/pico/pico-sdk/src/rp2_common/pico_stdio/stdio.c.obj
LOAD CMakeFiles/rp2040_w25qxx.dir/E_/Raspberry/pico/pico-sdk/src/rp2_common/pico_stdio_uart/stdio_uart.c.obj
LOAD CMakeFiles/rp2040_w25qxx.dir/E_/Raspberry/pico/pico-sdk/src/rp2_common/hardware_spi/spi.c.obj
LOAD w25qxx/libw25qxx.a
LOAD C:\Users\RE5FE~1.CHE\AppData\Local\Temp\ccINGzBi.o
LOAD E:/Toolchain/arm-gnu-toolchain/bin/../lib/gcc/arm-none-eabi/13.2.1/thumb/v6-m/nofp\libstdc++.a
LOAD E:/Toolchain/arm-gnu-toolchain/bin/../lib/gcc/arm-none-eabi/13.2.1/thumb/v6-m/nofp\libm.a
START GROUP
LOAD E:/Toolchain/arm-gnu-toolchain/bin/../lib/gcc/arm-none-eabi/13.2.1/thumb/v6-m/nofp\libgcc.a
LOAD E:/Toolchain/arm-gnu-toolchain/bin/../lib/gcc/arm-none-eabi/13.2.1/thumb/v6-m/nofp\libg.a
LOAD E:/Toolchain/arm-gnu-toolchain/bin/../lib/gcc/arm-none-eabi/13.2.1/thumb/v6-m/nofp\libc.a
END GROUP
START GROUP
LOAD E:/Toolchain/arm-gnu-toolchain/bin/../lib/gcc/arm-none-eabi/13.2.1/thumb/v6-m/nofp\libgcc.a
LOAD E:/Toolchain/arm-gnu-toolchain/bin/../lib/gcc/arm-none-eabi/13.2.1/thumb/v6-m/nofp\libc.a
LOAD E:/Toolchain/arm-gnu-toolchain/bin/../lib/gcc/arm-none-eabi/13.2.1/thumb/v6-m/nofp\libnosys.a
END GROUP
LOAD E:/Toolchain/arm-gnu-toolchain/bin/../lib/gcc/arm-none-eabi/13.2.1/thumb/v6-m/nofp/crtend.o
LOAD E:/Toolchain/arm-gnu-toolchain/bin/../lib/gcc/arm-none-eabi/13.2.1/thumb/v6-m/nofp/crtn.o
OUTPUT(rp2040_w25qxx.elf elf32-littlearm)
LOAD linker stubs

.ARM.attributes
                0x00000000       0x28
 .ARM.attributes
                0x00000000       0x1e E:/Toolchain/arm-gnu-toolchain/bin/../lib/gcc/arm-none-eabi/13.2.1/thumb/v6-m/nofp/crti.o
 .ARM.attributes
                0x0000001e       0x2c E:/Toolchain/arm-gnu-toolchain/bin/../lib/gcc/arm-none-eabi/13.2.1/thumb/v6-m/nofp/crtbegin.o
 .ARM.attributes
                0x0000004a       0x2c CMakeFiles/rp2040_w25qxx.dir/rp2040_w25qxx.c.obj
 .ARM.attributes
                0x00000076       0x2c CMakeFiles/rp2040_w25qxx.dir/w25qxx_Interface.c.obj
 .ARM.attributes
                0x000000a2       0x2c CMakeFiles/rp2040_w25qxx.dir/E_/Raspberry/pico/pico-sdk/src/rp2_common/hardware_gpio/gpio.c.obj
 .ARM.attributes
                0x000000ce       0x2c CMakeFiles/rp2040_w25qxx.dir/E_/Raspberry/pico/pico-sdk/src/rp2_common/pico_platform/platform.c.obj
 .ARM.attributes
                0x000000fa       0x2c CMakeFiles/rp2040_w25qxx.dir/E_/Raspberry/pico/pico-sdk/src/rp2_common/hardware_claim/claim.c.obj
 .ARM.attributes
                0x00000126       0x2c CMakeFiles/rp2040_w25qxx.dir/E_/Raspberry/pico/pico-sdk/src/rp2_common/hardware_sync/sync.c.obj
 .ARM.attributes
                0x00000152       0x2c CMakeFiles/rp2040_w25qxx.dir/E_/Raspberry/pico/pico-sdk/src/rp2_common/hardware_irq/irq.c.obj
 .ARM.attributes
                0x0000017e       0x22 CMakeFiles/rp2040_w25qxx.dir/E_/Raspberry/pico/pico-sdk/src/rp2_common/hardware_irq/irq_handler_chain.S.obj
 .ARM.attributes
                0x000001a0       0x2c CMakeFiles/rp2040_w25qxx.dir/E_/Raspberry/pico/pico-sdk/src/common/pico_sync/lock_core.c.obj
 .ARM.attributes
                0x000001cc       0x2c CMakeFiles/rp2040_w25qxx.dir/E_/Raspberry/pico/pico-sdk/src/common/pico_sync/mutex.c.obj
 .ARM.attributes
                0x000001f8       0x2c CMakeFiles/rp2040_w25qxx.dir/E_/Raspberry/pico/pico-sdk/src/common/pico_time/time.c.obj
 .ARM.attributes
                0x00000224       0x2c CMakeFiles/rp2040_w25qxx.dir/E_/Raspberry/pico/pico-sdk/src/rp2_common/hardware_timer/timer.c.obj
 .ARM.attributes
                0x00000250       0x2c CMakeFiles/rp2040_w25qxx.dir/E_/Raspberry/pico/pico-sdk/src/common/pico_util/pheap.c.obj
 .ARM.attributes
                0x0000027c       0x2c CMakeFiles/rp2040_w25qxx.dir/E_/Raspberry/pico/pico-sdk/src/rp2_common/hardware_uart/uart.c.obj
 .ARM.attributes
                0x000002a8       0x2c CMakeFiles/rp2040_w25qxx.dir/E_/Raspberry/pico/pico-sdk/src/rp2_common/hardware_clocks/clocks.c.obj
 .ARM.attributes
                0x000002d4       0x2c CMakeFiles/rp2040_w25qxx.dir/E_/Raspberry/pico/pico-sdk/src/rp2_common/hardware_pll/pll.c.obj
 .ARM.attributes
                0x00000300       0x2c CMakeFiles/rp2040_w25qxx.dir/E_/Raspberry/pico/pico-sdk/src/rp2_common/hardware_watchdog/watchdog.c.obj
 .ARM.attributes
                0x0000032c       0x2c CMakeFiles/rp2040_w25qxx.dir/E_/Raspberry/pico/pico-sdk/src/rp2_common/hardware_xosc/xosc.c.obj
 .ARM.attributes
                0x00000358       0x2c CMakeFiles/rp2040_w25qxx.dir/E_/Raspberry/pico/pico-sdk/src/rp2_common/pico_runtime/runtime.c.obj
 .ARM.attributes
                0x00000384       0x2c CMakeFiles/rp2040_w25qxx.dir/E_/Raspberry/pico/pico-sdk/src/rp2_common/pico_printf/printf.c.obj
 .ARM.attributes
                0x000003b0       0x22 CMakeFiles/rp2040_w25qxx.dir/E_/Raspberry/pico/pico-sdk/src/rp2_common/pico_bit_ops/bit_ops_aeabi.S.obj
 .ARM.attributes
                0x000003d2       0x2c CMakeFiles/rp2040_w25qxx.dir/E_/Raspberry/pico/pico-sdk/src/rp2_common/pico_bootrom/bootrom.c.obj
 .ARM.attributes
                0x000003fe       0x22 CMakeFiles/rp2040_w25qxx.dir/E_/Raspberry/pico/pico-sdk/src/rp2_common/pico_divider/divider.S.obj
 .ARM.attributes
                0x00000420       0x22 CMakeFiles/rp2040_w25qxx.dir/E_/Raspberry/pico/pico-sdk/src/rp2_common/pico_double/double_aeabi.S.obj
 .ARM.attributes
                0x00000442       0x2c CMakeFiles/rp2040_w25qxx.dir/E_/Raspberry/pico/pico-sdk/src/rp2_common/pico_double/double_init_rom.c.obj
 .ARM.attributes
                0x0000046e       0x22 CMakeFiles/rp2040_w25qxx.dir/E_/Raspberry/pico/pico-sdk/src/rp2_common/pico_double/double_v1_rom_shim.S.obj
 .ARM.attributes
                0x00000490       0x22 CMakeFiles/rp2040_w25qxx.dir/E_/Raspberry/pico/pico-sdk/src/rp2_common/pico_int64_ops/pico_int64_ops_aeabi.S.obj
 .ARM.attributes
                0x000004b2       0x22 CMakeFiles/rp2040_w25qxx.dir/E_/Raspberry/pico/pico-sdk/src/rp2_common/pico_float/float_aeabi.S.obj
 .ARM.attributes
                0x000004d4       0x2c CMakeFiles/rp2040_w25qxx.dir/E_/Raspberry/pico/pico-sdk/src/rp2_common/pico_float/float_init_rom.c.obj
 .ARM.attributes
                0x00000500       0x22 CMakeFiles/rp2040_w25qxx.dir/E_/Raspberry/pico/pico-sdk/src/rp2_common/pico_float/float_v1_rom_shim.S.obj
 .ARM.attributes
                0x00000522       0x22 CMakeFiles/rp2040_w25qxx.dir/E_/Raspberry/pico/pico-sdk/src/rp2_common/pico_mem_ops/mem_ops_aeabi.S.obj
 .ARM.attributes
                0x00000544       0x22 CMakeFiles/rp2040_w25qxx.dir/E_/Raspberry/pico/pico-sdk/src/rp2_common/pico_standard_link/crt0.S.obj
 .ARM.attributes
                0x00000566       0x2c CMakeFiles/rp2040_w25qxx.dir/E_/Raspberry/pico/pico-sdk/src/rp2_common/pico_standard_link/binary_info.c.obj
 .ARM.attributes
                0x00000592       0x2c CMakeFiles/rp2040_w25qxx.dir/E_/Raspberry/pico/pico-sdk/src/rp2_common/pico_stdio/stdio.c.obj
 .ARM.attributes
                0x000005be       0x2c CMakeFiles/rp2040_w25qxx.dir/E_/Raspberry/pico/pico-sdk/src/rp2_common/pico_stdio_uart/stdio_uart.c.obj
 .ARM.attributes
                0x000005ea       0x2c CMakeFiles/rp2040_w25qxx.dir/E_/Raspberry/pico/pico-sdk/src/rp2_common/hardware_spi/spi.c.obj
 .ARM.attributes
                0x00000616       0x2c w25qxx/libw25qxx.a(w25qxx_Demo.c.obj)
 .ARM.attributes
                0x00000642       0x2c w25qxx/libw25qxx.a(w25qxx.c.obj)
 .ARM.attributes
                0x0000066e       0x22 C:\Users\RE5FE~1.CHE\AppData\Local\Temp\ccINGzBi.o
 .ARM.attributes
                0x00000690       0x1e E:/Toolchain/arm-gnu-toolchain/bin/../lib/gcc/arm-none-eabi/13.2.1/thumb/v6-m/nofp\libgcc.a(_dvmd_tls.o)
 .ARM.attributes
                0x000006ae       0x2c E:/Toolchain/arm-gnu-toolchain/bin/../lib/gcc/arm-none-eabi/13.2.1/thumb/v6-m/nofp\libg.a(libc_a-memcmp.o)
 .ARM.attributes
                0x000006da       0x2c E:/Toolchain/arm-gnu-toolchain/bin/../lib/gcc/arm-none-eabi/13.2.1/thumb/v6-m/nofp\libg.a(libc_a-strlen-stub.o)
 .ARM.attributes
                0x00000706       0x2c E:/Toolchain/arm-gnu-toolchain/bin/../lib/gcc/arm-none-eabi/13.2.1/thumb/v6-m/nofp/crtend.o

.comment        0x00000000       0x44
 .comment       0x00000000       0x44 CMakeFiles/rp2040_w25qxx.dir/rp2040_w25qxx.c.obj
                                 0x45 (size before relaxing)