###############################################################################
#
# IAR ELF Linker V9.20.1.318/W64 for ARM                  15/May/2023  14:45:37
# Copyright 2007-2021 IAR Systems AB.
#
#    Output file  =
#        C:\Users\cheryomushkinra\Desktop\w25qxx\Debug\Exe\w25qxx.out
#    Map file     =
#        C:\Users\cheryomushkinra\Desktop\w25qxx\Debug\List\w25qxx.map
#    Command line =
#        -f C:\Users\cheryomushkinra\Desktop\w25qxx\Debug\Exe\w25qxx.out.rsp
#        (C:\Users\cheryomushkinra\Desktop\w25qxx\Debug\Obj\Libraries\Delay\Delay.o
#        C:\Users\cheryomushkinra\Desktop\w25qxx\Debug\Obj\Source\Init.o
#        C:\Users\cheryomushkinra\Desktop\w25qxx\Debug\Obj\Source\main.o
#        C:\Users\cheryomushkinra\Desktop\w25qxx\Debug\Obj\Libraries\SPI\SPI.o
#        C:\Users\cheryomushkinra\Desktop\w25qxx\Debug\Obj\Libraries\w25qxx\SPI_Interface.o
#        C:\Users\cheryomushkinra\Desktop\w25qxx\Debug\Obj\Config\startup_stm32f407xx.o
#        C:\Users\cheryomushkinra\Desktop\w25qxx\Debug\Obj\Libraries\STM32F4xx_StdPeriph_Driver\src\stm32f4xx_gpio.o
#        C:\Users\cheryomushkinra\Desktop\w25qxx\Debug\Obj\Libraries\STM32F4xx_StdPeriph_Driver\src\stm32f4xx_rcc.o
#        C:\Users\cheryomushkinra\Desktop\w25qxx\Debug\Obj\Libraries\STM32F4xx_StdPeriph_Driver\src\stm32f4xx_spi.o
#        C:\Users\cheryomushkinra\Desktop\w25qxx\Debug\Obj\Config\Sys_Init.o
#        C:\Users\cheryomushkinra\Desktop\w25qxx\Debug\Obj\Config\system_stm32f4xx.o
#        C:\Users\cheryomushkinra\Desktop\w25qxx\Debug\Obj\Libraries\w25qxx\w25qxx.o
#        --no_out_extension -o
#        C:\Users\cheryomushkinra\Desktop\w25qxx\Debug\Exe\w25qxx.out
#        --redirect _Printf=_PrintfFullNoMb --redirect _Scanf=_ScanfFullNoMb
#        --map C:\Users\cheryomushkinra\Desktop\w25qxx\Debug\List\w25qxx.map
#        --config "C:\Program Files (x86)\IAR Systems\Embedded Workbench
#        9.0\arm\config\linker\ST\stm32f407xG.icf" --semihosting --entry
#        __iar_program_start --vfe --text_out locale)
#
###############################################################################

*******************************************************************************
*** RUNTIME MODEL ATTRIBUTES
***

CppFlavor       = *
__CPP_Runtime   = 1
__Heap_Handler  = NoFree
__SystemLibrary = DLib
__dlib_version  = 6


*******************************************************************************
*** HEAP SELECTION
***

The no free heap was selected because no calls to memory
deallocation functions were found in the application.


*******************************************************************************
*** PLACEMENT SUMMARY
***

"A0":  place at address 0x800'0000 { ro section .intvec };
"P1":  place in [from 0x800'0000 to 0x80f'ffff] { ro };
define block CSTACK with size = 8K, alignment = 8 { };
define block HEAP with size = 8K, alignment = 8 { };
"P4":  place in [from 0x2000'0000 to 0x2001'bfff] |
                [from 0x2001'c000 to 0x2001'ffff] {
          rw, block CSTACK, block HEAP };
initialize by copy { rw };

No sections matched the following patterns:

  ro section application_specific_ro  in "P2"
  section .backup_sram                in "P5"
  section .ccram                      in "P3"


  Section            Kind         Address    Size  Object
  -------            ----         -------    ----  ------
"A0":                                       0x188
  .intvec            ro code   0x800'0000   0x188  startup_stm32f407xx.o [1]
                             - 0x800'0188   0x188

"P1":                                      0x1318
  .text              ro code   0x800'0188   0x3e8  w25qxx.o [5]
  .text              ro code   0x800'0570    0xa6  Delay.o [2]
  .text              ro code   0x800'0616    0x10  SPI_Interface.o [5]
  .text              ro code   0x800'0626    0x2a  copy_init3.o [9]
  .text              ro code   0x800'0650    0x24  ABIassert.o [10]
  .text              ro code   0x800'0674   0x324  SPI.o [3]
  .text              ro code   0x800'0998     0x6  abort.o [7]
  .text              ro code   0x800'09a0   0x150  stm32f4xx_rcc.o [4]
  .text              ro code   0x800'0af0    0x78  no_free_heap0.o [7]
  .text              ro code   0x800'0b68   0x138  stm32f4xx_spi.o [4]
  .text              ro code   0x800'0ca0    0x14  exit.o [10]
  .text              ro code   0x800'0cb4    0x2c  xgetmemchunk.o [7]
  .text              ro code   0x800'0ce0    0x12  xxmemxmemzero.o [7]
  .text              ro code   0x800'0cf4   0x114  stm32f4xx_gpio.o [4]
  .text              ro code   0x800'0e08    0xc0  Init.o [6]
  .text              ro code   0x800'0ec8    0xc0  Sys_Init.o [1]
  .text              ro code   0x800'0f88    0xb8  system_stm32f4xx.o [1]
  .text              ro code   0x800'1040    0xb4  main.o [6]
  .text              ro code   0x800'10f4    0x66  ABImemset.o [9]
  .text              ro code   0x800'115a    0x28  strncmp.o [7]
  .rodata            const     0x800'1184    0x40  Delay.o [2]
  .text              ro code   0x800'11c4    0x38  zero_init3.o [9]
  .rodata            const     0x800'11fc    0x34  Delay.o [2]
  .text              ro code   0x800'1230    0x28  data_init.o [9]
  .text              ro code   0x800'1258    0x22  fpinit_M.o [8]
  .iar.init_table    const     0x800'127c    0x24  - Linker created -
  .text              ro code   0x800'12a0    0x1e  cmain.o [9]
  .text              ro code   0x800'12be     0x4  low_level_init.o [7]
  .text              ro code   0x800'12c2     0x4  exit.o [7]
  .text              ro code   0x800'12c8     0xa  cexit.o [9]
  .text              ro code   0x800'12d4    0x1c  cstartup_M.o [9]
  .rodata            const     0x800'12f0    0x14  main.o [6]
  .rodata            const     0x800'1304    0x10  system_stm32f4xx.o [1]
  .text              ro code   0x800'1314    0x10  startup_stm32f407xx.o [1]
  .text              ro code   0x800'1324     0x4  startup_stm32f407xx.o [1]
  .text              ro code   0x800'1328     0x4  startup_stm32f407xx.o [1]
  .text              ro code   0x800'132c     0x4  startup_stm32f407xx.o [1]
  .text              ro code   0x800'1330     0x4  startup_stm32f407xx.o [1]
  .text              ro code   0x800'1334     0x4  startup_stm32f407xx.o [1]
  .text              ro code   0x800'1338     0x4  startup_stm32f407xx.o [1]
  .text              ro code   0x800'133c     0x4  startup_stm32f407xx.o [1]
  .text              ro code   0x800'1340     0x4  startup_stm32f407xx.o [1]
  .text              ro code   0x800'1344     0x4  startup_stm32f407xx.o [1]
  .text              ro code   0x800'1348     0x4  startup_stm32f407xx.o [1]
  .text              ro code   0x800'134c     0x4  startup_stm32f407xx.o [1]
  .text              ro code   0x800'1350     0x4  startup_stm32f407xx.o [1]
  .text              ro code   0x800'1354     0x4  startup_stm32f407xx.o [1]
  .text              ro code   0x800'1358     0x4  startup_stm32f407xx.o [1]
  .text              ro code   0x800'135c     0x4  startup_stm32f407xx.o [1]
  .text              ro code   0x800'1360     0x4  startup_stm32f407xx.o [1]
  .text              ro code   0x800'1364     0x4  startup_stm32f407xx.o [1]
  .text              ro code   0x800'1368     0x4  startup_stm32f407xx.o [1]
  .text              ro code   0x800'136c     0x4  startup_stm32f407xx.o [1]
  .text              ro code   0x800'1370     0x4  startup_stm32f407xx.o [1]
  .text              ro code   0x800'1374     0x4  startup_stm32f407xx.o [1]
  .text              ro code   0x800'1378     0x4  startup_stm32f407xx.o [1]
  .text              ro code   0x800'137c     0x4  startup_stm32f407xx.o [1]
  .text              ro code   0x800'1380     0x4  startup_stm32f407xx.o [1]
  .text              ro code   0x800'1384     0x4  startup_stm32f407xx.o [1]
  .text              ro code   0x800'1388     0x4  startup_stm32f407xx.o [1]
  .text              ro code   0x800'138c     0x4  startup_stm32f407xx.o [1]
  .text              ro code   0x800'1390     0x4  startup_stm32f407xx.o [1]
  .text              ro code   0x800'1394     0x4  startup_stm32f407xx.o [1]
  .text              ro code   0x800'1398     0x4  startup_stm32f407xx.o [1]
  .text              ro code   0x800'139c     0x4  startup_stm32f407xx.o [1]
  .text              ro code   0x800'13a0     0x4  startup_stm32f407xx.o [1]
  .text              ro code   0x800'13a4     0x4  startup_stm32f407xx.o [1]
  .text              ro code   0x800'13a8     0x4  startup_stm32f407xx.o [1]
  .text              ro code   0x800'13ac     0x4  startup_stm32f407xx.o [1]
  .text              ro code   0x800'13b0     0x4  startup_stm32f407xx.o [1]
  .text              ro code   0x800'13b4     0x4  startup_stm32f407xx.o [1]
  .text              ro code   0x800'13b8     0x4  startup_stm32f407xx.o [1]
  .text              ro code   0x800'13bc     0x4  startup_stm32f407xx.o [1]
  .text              ro code   0x800'13c0     0x4  startup_stm32f407xx.o [1]
  .text              ro code   0x800'13c4     0x4  startup_stm32f407xx.o [1]
  .text              ro code   0x800'13c8     0x4  startup_stm32f407xx.o [1]
  .text              ro code   0x800'13cc     0x4  startup_stm32f407xx.o [1]
  .text              ro code   0x800'13d0     0x4  startup_stm32f407xx.o [1]
  .text              ro code   0x800'13d4     0x4  startup_stm32f407xx.o [1]
  .text              ro code   0x800'13d8     0x4  startup_stm32f407xx.o [1]
  .text              ro code   0x800'13dc     0x4  startup_stm32f407xx.o [1]
  .text              ro code   0x800'13e0     0x4  startup_stm32f407xx.o [1]
  .text              ro code   0x800'13e4     0x4  startup_stm32f407xx.o [1]
  .text              ro code   0x800'13e8     0x4  startup_stm32f407xx.o [1]
  .text              ro code   0x800'13ec     0x4  startup_stm32f407xx.o [1]
  .text              ro code   0x800'13f0     0x4  startup_stm32f407xx.o [1]
  .text              ro code   0x800'13f4     0x4  startup_stm32f407xx.o [1]
  .text              ro code   0x800'13f8     0x4  startup_stm32f407xx.o [1]
  .text              ro code   0x800'13fc     0x4  startup_stm32f407xx.o [1]
  .text              ro code   0x800'1400     0x4  startup_stm32f407xx.o [1]
  .text              ro code   0x800'1404     0x4  startup_stm32f407xx.o [1]
  .text              ro code   0x800'1408     0x4  startup_stm32f407xx.o [1]
  .text              ro code   0x800'140c     0x4  startup_stm32f407xx.o [1]
  .text              ro code   0x800'1410     0x4  startup_stm32f407xx.o [1]
  .text              ro code   0x800'1414     0x4  startup_stm32f407xx.o [1]
  .text              ro code   0x800'1418     0x4  startup_stm32f407xx.o [1]
  .text              ro code   0x800'141c     0x4  startup_stm32f407xx.o [1]
  .text              ro code   0x800'1420     0x4  startup_stm32f407xx.o [1]
  .text              ro code   0x800'1424     0x4  startup_stm32f407xx.o [1]
  .text              ro code   0x800'1428     0x4  startup_stm32f407xx.o [1]
  .text              ro code   0x800'142c     0x4  startup_stm32f407xx.o [1]
  .text              ro code   0x800'1430     0x4  startup_stm32f407xx.o [1]
  .text              ro code   0x800'1434     0x4  startup_stm32f407xx.o [1]
  .text              ro code   0x800'1438     0x4  startup_stm32f407xx.o [1]
  .text              ro code   0x800'143c     0x4  startup_stm32f407xx.o [1]
  .text              ro code   0x800'1440     0x4  startup_stm32f407xx.o [1]
  .text              ro code   0x800'1444     0x4  startup_stm32f407xx.o [1]
  .text              ro code   0x800'1448     0x4  startup_stm32f407xx.o [1]
  .text              ro code   0x800'144c     0x4  startup_stm32f407xx.o [1]
  .text              ro code   0x800'1450     0x4  startup_stm32f407xx.o [1]
  .text              ro code   0x800'1454     0x4  startup_stm32f407xx.o [1]
  .text              ro code   0x800'1458     0x4  startup_stm32f407xx.o [1]
  .text              ro code   0x800'145c     0x4  startup_stm32f407xx.o [1]
  .text              ro code   0x800'1460     0x4  startup_stm32f407xx.o [1]
  .text              ro code   0x800'1464     0x4  startup_stm32f407xx.o [1]
  .text              ro code   0x800'1468     0x4  startup_stm32f407xx.o [1]
  .text              ro code   0x800'146c     0x4  startup_stm32f407xx.o [1]
  .text              ro code   0x800'1470     0x4  startup_stm32f407xx.o [1]
  .text              ro code   0x800'1474     0x4  startup_stm32f407xx.o [1]
  .text              ro code   0x800'1478     0x4  startup_stm32f407xx.o [1]
  .text              ro code   0x800'147c     0x4  startup_stm32f407xx.o [1]
  .text              ro code   0x800'1480     0x4  startup_stm32f407xx.o [1]
  .text              ro code   0x800'1484     0x4  startup_stm32f407xx.o [1]
  .text              ro code   0x800'1488     0x4  startup_stm32f407xx.o [1]
  .rodata            const     0x800'148c     0x0  zero_init3.o [9]
  .rodata            const     0x800'148c     0x0  copy_init3.o [9]
  Initializer bytes  const     0x800'148c    0x14  <for P4 s0>
                             - 0x800'14a0  0x1318

"P4", part 1 of 3:                           0x14
  P4 s0                       0x2000'0000    0x14  <Init block>
    .data            inited   0x2000'0000    0x10  stm32f4xx_rcc.o [4]
    .data            inited   0x2000'0010     0x4  system_stm32f4xx.o [1]
                            - 0x2000'0014    0x14

"P4", part 2 of 3:                           0xb0
  .bss               zero     0x2000'0014    0x1c  SPI.o [3]
  .bss               zero     0x2000'0030    0x1c  SPI.o [3]
  .bss               zero     0x2000'004c    0x1c  SPI.o [3]
  .bss               zero     0x2000'0068    0x18  main.o [6]
  .bss               zero     0x2000'0080    0x14  main.o [6]
  .bss               zero     0x2000'0094    0x14  SPI.o [3]
  .bss               zero     0x2000'00a8    0x10  Sys_Init.o [1]
  .bss               zero     0x2000'00b8     0x4  no_free_heap0.o [7]
  .bss               zero     0x2000'00bc     0x4  xgetmemchunk.o [7]
  .bss               zero     0x2000'00c0     0x1  main.o [6]
                            - 0x2000'00c1    0xad

"P4", part 3 of 3:                         0x4000
  CSTACK                      0x2000'00c8  0x2000  <Block>
    CSTACK           uninit   0x2000'00c8  0x2000  <Block tail>
  HEAP                        0x2000'20c8  0x2000  <Block>
    HEAP             uninit   0x2000'20c8  0x2000  <Block tail>
                            - 0x2000'40c8  0x4000

Unused ranges:

         From           To      Size
         ----           --      ----
   0x800'14a0   0x80f'ffff  0xf'eb60
  0x2000'00c4  0x2000'00c7       0x4
  0x2000'40c8  0x2001'bfff  0x1'7f38
  0x2001'c000  0x2001'ffff    0x4000


*******************************************************************************
*** INIT TABLE
***

          Address      Size
          -------      ----
Zero (__iar_zero_init3)
    1 destination range, total size 0xad:
          0x2000'0014  0xad

Copy (__iar_copy_init3)
    1 source range, total size 0x14:
           0x800'148c  0x14
    1 destination range, total size 0x14:
          0x2000'0000  0x14



*******************************************************************************
*** MODULE SUMMARY
***

    Module                 ro code  ro data  rw data
    ------                 -------  -------  -------
command line/config:
    ------------------------------------------------
    Total:

C:\Users\cheryomushkinra\Desktop\w25qxx\Debug\Obj\Config: [1]
    Sys_Init.o                 192                16
    startup_stm32f407xx.o      768
    system_stm32f4xx.o         184       20        4
    ------------------------------------------------
    Total:                   1'144       20       20

C:\Users\cheryomushkinra\Desktop\w25qxx\Debug\Obj\Libraries\Delay: [2]
    Delay.o                    166      116
    ------------------------------------------------
    Total:                     166      116

C:\Users\cheryomushkinra\Desktop\w25qxx\Debug\Obj\Libraries\SPI: [3]
    SPI.o                      804               104
    ------------------------------------------------
    Total:                     804               104

C:\Users\cheryomushkinra\Desktop\w25qxx\Debug\Obj\Libraries\STM32F4xx_StdPeriph_Driver\src: [4]
    stm32f4xx_gpio.o           276
    stm32f4xx_rcc.o            336       16       16
    stm32f4xx_spi.o            312
    ------------------------------------------------
    Total:                     924       16       16

C:\Users\cheryomushkinra\Desktop\w25qxx\Debug\Obj\Libraries\w25qxx: [5]
    SPI_Interface.o             16
    w25qxx.o                 1'000
    ------------------------------------------------
    Total:                   1'016

C:\Users\cheryomushkinra\Desktop\w25qxx\Debug\Obj\Source: [6]
    Init.o                     192
    main.o                     180       20       45
    ------------------------------------------------
    Total:                     372       20       45

dl7M_tln.a: [7]
    abort.o                      6
    exit.o                       4
    low_level_init.o             4
    no_free_heap0.o            120                 4
    strncmp.o                   40
    xgetmemchunk.o              44                 4
    xxmemxmemzero.o             18
    ------------------------------------------------
    Total:                     236                 8

m7M_tls.a: [8]
    fpinit_M.o                  34
    ------------------------------------------------
    Total:                      34

rt7M_tl.a: [9]
    ABImemset.o                102
    cexit.o                     10
    cmain.o                     30
    copy_init3.o                42
    cstartup_M.o                28
    data_init.o                 40
    zero_init3.o                56
    ------------------------------------------------
    Total:                     308

shb_l.a: [10]
    ABIassert.o                 36
    exit.o                      20
    ------------------------------------------------
    Total:                      56

    Gaps                         8        4
    Linker created                       36   16'384
----------------------------------------------------
    Grand Total:             5'068      212   16'577


*******************************************************************************
*** ENTRY LIST
***

Entry                       Address   Size  Type      Object
-----                       -------   ----  ----      ------
.iar.init_table$$Base    0x800'127c          --   Gb  - Linker created -
.iar.init_table$$Limit   0x800'12a0          --   Gb  - Linker created -
?main                    0x800'12a1         Code  Gb  cmain.o [9]
AHBPrescTable            0x800'1304   0x10  Data  Gb  system_stm32f4xx.o [1]
APBAHBPrescTable        0x2000'0000   0x10  Data  Lc  stm32f4xx_rcc.o [4]
CSTACK$$Base            0x2000'00c8          --   Gb  - Linker created -
CSTACK$$Limit           0x2000'20c8          --   Gb  - Linker created -
FLASH_access            0x2000'00c0    0x1  Data  Gb  main.o [6]
GPIO_Init                0x800'0cf5   0xa8  Code  Gb  stm32f4xx_gpio.o [4]
GPIO_PinAFConfig         0x800'0db5   0x54  Code  Gb  stm32f4xx_gpio.o [4]
GPIO_StructInit          0x800'0d9d   0x18  Code  Gb  stm32f4xx_gpio.o [4]
HEAP$$Base              0x2000'20c8          --   Gb  - Linker created -
HEAP$$Limit             0x2000'40c8          --   Gb  - Linker created -
IO_Init                  0x800'0e09   0xc0  Code  Gb  Init.o [6]
IS_Busy                  0x800'050b   0x14  Code  Gb  w25qxx.o [5]
RCC_APB1PeriphClockCmd   0x800'0a5d   0x1c  Code  Gb  stm32f4xx_rcc.o [4]
RCC_APB1PeriphResetCmd   0x800'0a95   0x1c  Code  Gb  stm32f4xx_rcc.o [4]
RCC_APB2PeriphClockCmd   0x800'0a79   0x1c  Code  Gb  stm32f4xx_rcc.o [4]
RCC_APB2PeriphResetCmd   0x800'0ab1   0x1c  Code  Gb  stm32f4xx_rcc.o [4]
RCC_GetClocksFreq        0x800'09a1   0xbc  Code  Gb  stm32f4xx_rcc.o [4]
Region$$Table$$Base      0x800'127c          --   Gb  - Linker created -
Region$$Table$$Limit     0x800'12a0          --   Gb  - Linker created -
SPI1_Instance           0x2000'0014   0x1c  Data  Gb  SPI.o [3]
SPI2_Instance           0x2000'0030   0x1c  Data  Gb  SPI.o [3]
SPI3_Instance           0x2000'004c   0x1c  Data  Gb  SPI.o [3]
SPI_Cmd                  0x800'0c69   0x1c  Code  Gb  stm32f4xx_spi.o [4]
SPI_I2S_DeInit           0x800'0b69   0xaa  Code  Gb  stm32f4xx_spi.o [4]
SPI_Init                 0x800'0c13   0x3e  Code  Gb  stm32f4xx_spi.o [4]
SPI_InitStruct          0x2000'0094   0x14  Data  Gb  SPI.o [3]
SPI_Receive              0x800'088d   0xd4  Code  Gb  SPI.o [3]
SPI_Receive_Interface    0x800'061f    0x8  Code  Gb  SPI_Interface.o [5]
SPI_SSOutputCmd          0x800'0c85   0x1c  Code  Gb  stm32f4xx_spi.o [4]
SPI_Transmit             0x800'07b3   0xda  Code  Gb  SPI.o [3]
SPI_Transmit_Interface   0x800'0617    0x8  Code  Gb  SPI_Interface.o [5]
SPIx_Init                0x800'0691  0x122  Code  Gb  SPI.o [3]
Sys_Init                 0x800'0ec9   0xc0  Code  Gb  Sys_Init.o [1]
SystemCoreClock         0x2000'0010    0x4  Data  Gb  system_stm32f4xx.o [1]
SystemCoreClockUpdate    0x800'0f95   0x8e  Code  Gb  system_stm32f4xx.o [1]
SystemInit               0x800'0f89    0xc  Code  Gb  system_stm32f4xx.o [1]
__NVIC_EnableIRQ         0x800'0675   0x1c  Code  Lc  SPI.o [3]
__aeabi_assert           0x800'0651   0x24  Code  Gb  ABIassert.o [10]
__aeabi_memset           0x800'10f5         Code  Gb  ABImemset.o [9]
__cmain                  0x800'12a1         Code  Gb  cmain.o [9]
__data_GetMemChunk       0x800'0cb5   0x2c  Code  Gb  xgetmemchunk.o [7]
__data_GetMemChunk::start
                        0x2000'00bc    0x4  Data  Lc  xgetmemchunk.o [7]
__data_memzero           0x800'0ce1   0x12  Code  Gb  xxmemxmemzero.o [7]
__exit                   0x800'0ca1   0x14  Code  Gb  exit.o [10]
__iar_Memset             0x800'10f5         Code  Gb  ABImemset.o [9]
__iar_Memset_word        0x800'10fd         Code  Gb  ABImemset.o [9]
__iar_copy_init3         0x800'0627   0x2a  Code  Gb  copy_init3.o [9]
__iar_data_init3         0x800'1231   0x28  Code  Gb  data_init.o [9]
__iar_init_vfp           0x800'1259         Code  Gb  fpinit_M.o [8]
__iar_program_start      0x800'12d5         Code  Gb  cstartup_M.o [9]
__iar_zero_init3         0x800'11c5   0x38  Code  Gb  zero_init3.o [9]
__low_level_init         0x800'12bf    0x4  Code  Gb  low_level_init.o [7]
__no_free_calloc         0x800'0b37   0x2c  Code  Gb  no_free_heap0.o [7]
__no_free_malloc         0x800'0af1   0x46  Code  Gb  no_free_heap0.o [7]
__vector_table           0x800'0000         Data  Gb  startup_stm32f407xx.o [1]
_call_main               0x800'12ad         Code  Gb  cmain.o [9]
_delay_ms                0x800'0609    0xe  Code  Gb  Delay.o [2]
_delay_us                0x800'0571   0x7c  Code  Gb  Delay.o [2]
_exit                    0x800'12c9         Code  Gb  cexit.o [9]
abort                    0x800'0999    0x6  Code  Gb  abort.o [7]
bufferRead              0x2000'0080   0x14  Data  Gb  main.o [6]
bufferWrite              0x800'12f0   0x14  Data  Gb  main.o [6]
exit                     0x800'12c3    0x4  Code  Gb  exit.o [7]
main                     0x800'1041   0xb4  Code  Gb  main.o [6]
qs                      0x2000'00b8    0x4  Data  Lc  no_free_heap0.o [7]
rcc_clocks              0x2000'00a8   0x10  Data  Gb  Sys_Init.o [1]
strncmp                  0x800'115b   0x28  Code  Gb  strncmp.o [7]
w25qxx_Handle           0x2000'0068   0x18  Data  Gb  main.o [6]
w25qxx_Init              0x800'0189   0xee  Code  Gb  w25qxx.o [5]
w25qxx_Read              0x800'0349   0xa2  Code  Gb  w25qxx.o [5]
w25qxx_ReadID            0x800'049d   0x6e  Code  Gb  w25qxx.o [5]
w25qxx_ReadStatus        0x800'03eb   0xb2  Code  Gb  w25qxx.o [5]
w25qxx_WaitWithTimeout   0x800'051f   0x24  Code  Gb  w25qxx.o [5]
w25qxx_Write             0x800'0277   0xd2  Code  Gb  w25qxx.o [5]
w25qxx_WriteEnable       0x800'0543   0x2e  Code  Gb  w25qxx.o [5]


[1] = C:\Users\cheryomushkinra\Desktop\w25qxx\Debug\Obj\Config
[2] = C:\Users\cheryomushkinra\Desktop\w25qxx\Debug\Obj\Libraries\Delay
[3] = C:\Users\cheryomushkinra\Desktop\w25qxx\Debug\Obj\Libraries\SPI
[4] = C:\Users\cheryomushkinra\Desktop\w25qxx\Debug\Obj\Libraries\STM32F4xx_StdPeriph_Driver\src
[5] = C:\Users\cheryomushkinra\Desktop\w25qxx\Debug\Obj\Libraries\w25qxx
[6] = C:\Users\cheryomushkinra\Desktop\w25qxx\Debug\Obj\Source
[7] = dl7M_tln.a
[8] = m7M_tls.a
[9] = rt7M_tl.a
[10] = shb_l.a

   5'068 bytes of readonly  code memory
     212 bytes of readonly  data memory
  16'577 bytes of readwrite data memory

Errors: none
Warnings: none
