###############################################################################
#
# IAR ELF Linker V9.20.1.318/W64 for ARM                  30/Mar/2023  15:40:04
# Copyright 2007-2021 IAR Systems AB.
#
#    Output file  =  E:\IAR projects\STM32F4xx\w25qxx\Debug\Exe\w25qxx.out
#    Map file     =  E:\IAR projects\STM32F4xx\w25qxx\Debug\List\w25qxx.map
#    Command line =
#        -f "E:\IAR projects\STM32F4xx\w25qxx\Debug\Exe\w25qxx.out.rsp"
#        ("E:\IAR projects\STM32F4xx\w25qxx\Debug\Obj\Libraries\Delay\Delay.o"
#        "E:\IAR projects\STM32F4xx\w25qxx\Debug\Obj\Source\Init.o" "E:\IAR
#        projects\STM32F4xx\w25qxx\Debug\Obj\Source\main.o" "E:\IAR
#        projects\STM32F4xx\w25qxx\Debug\Obj\Libraries\SPI\SPI.o" "E:\IAR
#        projects\STM32F4xx\w25qxx\Debug\Obj\Config\startup_stm32f407xx.o"
#        "E:\IAR
#        projects\STM32F4xx\w25qxx\Debug\Obj\Libraries\STM32F4xx_StdPeriph_Driver\src\stm32f4xx_rcc.o"
#        "E:\IAR
#        projects\STM32F4xx\w25qxx\Debug\Obj\Libraries\STM32F4xx_StdPeriph_Driver\src\stm32f4xx_spi.o"
#        "E:\IAR projects\STM32F4xx\w25qxx\Debug\Obj\Config\Sys_Init.o" "E:\IAR
#        projects\STM32F4xx\w25qxx\Debug\Obj\Config\system_stm32f4xx.o" "E:\IAR
#        projects\STM32F4xx\w25qxx\Debug\Obj\Libraries\w25qxx\w25qxx.o"
#        --no_out_extension -o "E:\IAR
#        projects\STM32F4xx\w25qxx\Debug\Exe\w25qxx.out" --redirect
#        _Printf=_PrintfFullNoMb --redirect _Scanf=_ScanfFullNoMb --map "E:\IAR
#        projects\STM32F4xx\w25qxx\Debug\List\w25qxx.map" --config "C:\Program
#        Files (x86)\IAR Systems\Embedded Workbench
#        9.0\arm\config\linker\ST\stm32f407xG.icf" --semihosting --entry
#        __iar_program_start --vfe --text_out locale)
#
###############################################################################

*******************************************************************************
*** RUNTIME MODEL ATTRIBUTES
***

CppFlavor       = *
__CPP_Runtime   = 1
__Heap_Handler  = NoFree
__SystemLibrary = DLib
__dlib_version  = 6


*******************************************************************************
*** HEAP SELECTION
***

The no free heap was selected because no calls to memory
deallocation functions were found in the application.


*******************************************************************************
*** PLACEMENT SUMMARY
***

"A0":  place at address 0x800'0000 { ro section .intvec };
"P1":  place in [from 0x800'0000 to 0x80f'ffff] { ro };
define block CSTACK with size = 8K, alignment = 8 { };
define block HEAP with size = 8K, alignment = 8 { };
"P4":  place in [from 0x2000'0000 to 0x2001'bfff] |
                [from 0x2001'c000 to 0x2001'ffff] {
          rw, block CSTACK, block HEAP };
initialize by copy { rw };

No sections matched the following patterns:

  ro section application_specific_ro  in "P2"
  section .backup_sram                in "P5"
  section .ccram                      in "P3"


  Section            Kind         Address    Size  Object
  -------            ----         -------    ----  ------
"A0":                                       0x188
  .intvec            ro code   0x800'0000   0x188  startup_stm32f407xx.o [1]
                             - 0x800'0188   0x188

"P1":                                      0x1238
  .text              ro code   0x800'0188   0x448  w25qxx.o [5]
  .text              ro code   0x800'05d0    0xa6  Delay.o [2]
  .text              ro code   0x800'0676    0x2a  copy_init3.o [9]
  .text              ro code   0x800'06a0   0x324  SPI.o [3]
  .text              ro code   0x800'09c4    0x24  ABIassert.o [10]
  .text              ro code   0x800'09e8   0x150  stm32f4xx_rcc.o [4]
  .text              ro code   0x800'0b38    0x78  no_free_heap0.o [7]
  .text              ro code   0x800'0bb0   0x138  stm32f4xx_spi.o [4]
  .text              ro code   0x800'0ce8     0x6  abort.o [7]
  .rodata            const     0x800'0cee     0x1  w25qxx.o [5]
  .rodata            const     0x800'0cef     0x1  w25qxx.o [5]
  .text              ro code   0x800'0cf0    0x2c  xgetmemchunk.o [7]
  .text              ro code   0x800'0d1c    0x12  xxmemxmemzero.o [7]
  .rodata            const     0x800'0d2e     0x1  w25qxx.o [5]
  .rodata            const     0x800'0d2f     0x1  w25qxx.o [5]
  .text              ro code   0x800'0d30    0x14  exit.o [10]
  .text              ro code   0x800'0d44    0xc0  Sys_Init.o [1]
  .text              ro code   0x800'0e04    0xb8  system_stm32f4xx.o [1]
  .text              ro code   0x800'0ebc    0xb4  Init.o [6]
  .text              ro code   0x800'0f70    0xa4  main.o [6]
  .text              ro code   0x800'1014    0x66  ABImemset.o [9]
  .text              ro code   0x800'107a    0x28  strncmp.o [7]
  .rodata            const     0x800'10a2     0x1  w25qxx.o [5]
  .rodata            const     0x800'10a3     0x1  w25qxx.o [5]
  .rodata            const     0x800'10a4    0x3c  Delay.o [2]
  .text              ro code   0x800'10e0    0x38  zero_init3.o [9]
  .rodata            const     0x800'1118    0x34  Delay.o [2]
  .text              ro code   0x800'114c    0x28  data_init.o [9]
  .text              ro code   0x800'1174    0x22  fpinit_M.o [8]
  .iar.init_table    const     0x800'1198    0x24  - Linker created -
  .rodata            const     0x800'11bc     0x1  w25qxx.o [5]
  .rodata            const     0x800'11bd     0x1  w25qxx.o [5]
  .text              ro code   0x800'11c0    0x1e  cmain.o [9]
  .text              ro code   0x800'11de     0x4  low_level_init.o [7]
  .text              ro code   0x800'11e2     0x4  exit.o [7]
  .rodata            const     0x800'11e6     0x1  w25qxx.o [5]
  .rodata            const     0x800'11e7     0x1  w25qxx.o [5]
  .text              ro code   0x800'11e8     0xa  cexit.o [9]
  .rodata            const     0x800'11f2     0x1  w25qxx.o [5]
  .rodata            const     0x800'11f3     0x1  w25qxx.o [5]
  .text              ro code   0x800'11f4    0x1c  cstartup_M.o [9]
  .rodata            const     0x800'1210    0x14  main.o [6]
  .rodata            const     0x800'1224    0x10  system_stm32f4xx.o [1]
  .text              ro code   0x800'1234    0x10  startup_stm32f407xx.o [1]
  .text              ro code   0x800'1244     0x4  startup_stm32f407xx.o [1]
  .text              ro code   0x800'1248     0x4  startup_stm32f407xx.o [1]
  .text              ro code   0x800'124c     0x4  startup_stm32f407xx.o [1]
  .text              ro code   0x800'1250     0x4  startup_stm32f407xx.o [1]
  .text              ro code   0x800'1254     0x4  startup_stm32f407xx.o [1]
  .text              ro code   0x800'1258     0x4  startup_stm32f407xx.o [1]
  .text              ro code   0x800'125c     0x4  startup_stm32f407xx.o [1]
  .text              ro code   0x800'1260     0x4  startup_stm32f407xx.o [1]
  .text              ro code   0x800'1264     0x4  startup_stm32f407xx.o [1]
  .text              ro code   0x800'1268     0x4  startup_stm32f407xx.o [1]
  .text              ro code   0x800'126c     0x4  startup_stm32f407xx.o [1]
  .text              ro code   0x800'1270     0x4  startup_stm32f407xx.o [1]
  .text              ro code   0x800'1274     0x4  startup_stm32f407xx.o [1]
  .text              ro code   0x800'1278     0x4  startup_stm32f407xx.o [1]
  .text              ro code   0x800'127c     0x4  startup_stm32f407xx.o [1]
  .text              ro code   0x800'1280     0x4  startup_stm32f407xx.o [1]
  .text              ro code   0x800'1284     0x4  startup_stm32f407xx.o [1]
  .text              ro code   0x800'1288     0x4  startup_stm32f407xx.o [1]
  .text              ro code   0x800'128c     0x4  startup_stm32f407xx.o [1]
  .text              ro code   0x800'1290     0x4  startup_stm32f407xx.o [1]
  .text              ro code   0x800'1294     0x4  startup_stm32f407xx.o [1]
  .text              ro code   0x800'1298     0x4  startup_stm32f407xx.o [1]
  .text              ro code   0x800'129c     0x4  startup_stm32f407xx.o [1]
  .text              ro code   0x800'12a0     0x4  startup_stm32f407xx.o [1]
  .text              ro code   0x800'12a4     0x4  startup_stm32f407xx.o [1]
  .text              ro code   0x800'12a8     0x4  startup_stm32f407xx.o [1]
  .text              ro code   0x800'12ac     0x4  startup_stm32f407xx.o [1]
  .text              ro code   0x800'12b0     0x4  startup_stm32f407xx.o [1]
  .text              ro code   0x800'12b4     0x4  startup_stm32f407xx.o [1]
  .text              ro code   0x800'12b8     0x4  startup_stm32f407xx.o [1]
  .text              ro code   0x800'12bc     0x4  startup_stm32f407xx.o [1]
  .text              ro code   0x800'12c0     0x4  startup_stm32f407xx.o [1]
  .text              ro code   0x800'12c4     0x4  startup_stm32f407xx.o [1]
  .text              ro code   0x800'12c8     0x4  startup_stm32f407xx.o [1]
  .text              ro code   0x800'12cc     0x4  startup_stm32f407xx.o [1]
  .text              ro code   0x800'12d0     0x4  startup_stm32f407xx.o [1]
  .text              ro code   0x800'12d4     0x4  startup_stm32f407xx.o [1]
  .text              ro code   0x800'12d8     0x4  startup_stm32f407xx.o [1]
  .text              ro code   0x800'12dc     0x4  startup_stm32f407xx.o [1]
  .text              ro code   0x800'12e0     0x4  startup_stm32f407xx.o [1]
  .text              ro code   0x800'12e4     0x4  startup_stm32f407xx.o [1]
  .text              ro code   0x800'12e8     0x4  startup_stm32f407xx.o [1]
  .text              ro code   0x800'12ec     0x4  startup_stm32f407xx.o [1]
  .text              ro code   0x800'12f0     0x4  startup_stm32f407xx.o [1]
  .text              ro code   0x800'12f4     0x4  startup_stm32f407xx.o [1]
  .text              ro code   0x800'12f8     0x4  startup_stm32f407xx.o [1]
  .text              ro code   0x800'12fc     0x4  startup_stm32f407xx.o [1]
  .text              ro code   0x800'1300     0x4  startup_stm32f407xx.o [1]
  .text              ro code   0x800'1304     0x4  startup_stm32f407xx.o [1]
  .text              ro code   0x800'1308     0x4  startup_stm32f407xx.o [1]
  .text              ro code   0x800'130c     0x4  startup_stm32f407xx.o [1]
  .text              ro code   0x800'1310     0x4  startup_stm32f407xx.o [1]
  .text              ro code   0x800'1314     0x4  startup_stm32f407xx.o [1]
  .text              ro code   0x800'1318     0x4  startup_stm32f407xx.o [1]
  .text              ro code   0x800'131c     0x4  startup_stm32f407xx.o [1]
  .text              ro code   0x800'1320     0x4  startup_stm32f407xx.o [1]
  .text              ro code   0x800'1324     0x4  startup_stm32f407xx.o [1]
  .text              ro code   0x800'1328     0x4  startup_stm32f407xx.o [1]
  .text              ro code   0x800'132c     0x4  startup_stm32f407xx.o [1]
  .text              ro code   0x800'1330     0x4  startup_stm32f407xx.o [1]
  .text              ro code   0x800'1334     0x4  startup_stm32f407xx.o [1]
  .text              ro code   0x800'1338     0x4  startup_stm32f407xx.o [1]
  .text              ro code   0x800'133c     0x4  startup_stm32f407xx.o [1]
  .text              ro code   0x800'1340     0x4  startup_stm32f407xx.o [1]
  .text              ro code   0x800'1344     0x4  startup_stm32f407xx.o [1]
  .text              ro code   0x800'1348     0x4  startup_stm32f407xx.o [1]
  .text              ro code   0x800'134c     0x4  startup_stm32f407xx.o [1]
  .text              ro code   0x800'1350     0x4  startup_stm32f407xx.o [1]
  .text              ro code   0x800'1354     0x4  startup_stm32f407xx.o [1]
  .text              ro code   0x800'1358     0x4  startup_stm32f407xx.o [1]
  .text              ro code   0x800'135c     0x4  startup_stm32f407xx.o [1]
  .text              ro code   0x800'1360     0x4  startup_stm32f407xx.o [1]
  .text              ro code   0x800'1364     0x4  startup_stm32f407xx.o [1]
  .text              ro code   0x800'1368     0x4  startup_stm32f407xx.o [1]
  .text              ro code   0x800'136c     0x4  startup_stm32f407xx.o [1]
  .text              ro code   0x800'1370     0x4  startup_stm32f407xx.o [1]
  .text              ro code   0x800'1374     0x4  startup_stm32f407xx.o [1]
  .text              ro code   0x800'1378     0x4  startup_stm32f407xx.o [1]
  .text              ro code   0x800'137c     0x4  startup_stm32f407xx.o [1]
  .text              ro code   0x800'1380     0x4  startup_stm32f407xx.o [1]
  .text              ro code   0x800'1384     0x4  startup_stm32f407xx.o [1]
  .text              ro code   0x800'1388     0x4  startup_stm32f407xx.o [1]
  .text              ro code   0x800'138c     0x4  startup_stm32f407xx.o [1]
  .text              ro code   0x800'1390     0x4  startup_stm32f407xx.o [1]
  .text              ro code   0x800'1394     0x4  startup_stm32f407xx.o [1]
  .text              ro code   0x800'1398     0x4  startup_stm32f407xx.o [1]
  .text              ro code   0x800'139c     0x4  startup_stm32f407xx.o [1]
  .text              ro code   0x800'13a0     0x4  startup_stm32f407xx.o [1]
  .text              ro code   0x800'13a4     0x4  startup_stm32f407xx.o [1]
  .text              ro code   0x800'13a8     0x4  startup_stm32f407xx.o [1]
  .rodata            const     0x800'13ac     0x0  zero_init3.o [9]
  .rodata            const     0x800'13ac     0x0  copy_init3.o [9]
  Initializer bytes  const     0x800'13ac    0x14  <for P4 s0>
                             - 0x800'13c0  0x1238

"P4", part 1 of 3:                           0x14
  P4 s0                       0x2000'0000    0x14  <Init block>
    .data            inited   0x2000'0000    0x10  stm32f4xx_rcc.o [4]
    .data            inited   0x2000'0010     0x4  system_stm32f4xx.o [1]
                            - 0x2000'0014    0x14

"P4", part 2 of 3:                           0xa4
  .bss               zero     0x2000'0014    0x1c  SPI.o [3]
  .bss               zero     0x2000'0030    0x1c  SPI.o [3]
  .bss               zero     0x2000'004c    0x1c  SPI.o [3]
  .bss               zero     0x2000'0068    0x14  main.o [6]
  .bss               zero     0x2000'007c    0x14  SPI.o [3]
  .bss               zero     0x2000'0090    0x10  Sys_Init.o [1]
  .bss               zero     0x2000'00a0     0x4  w25qxx.o [5]
  .bss               zero     0x2000'00a4     0x4  w25qxx.o [5]
  .bss               zero     0x2000'00a8     0x4  w25qxx.o [5]
  .bss               zero     0x2000'00ac     0x4  no_free_heap0.o [7]
  .bss               zero     0x2000'00b0     0x4  xgetmemchunk.o [7]
  .bss               zero     0x2000'00b4     0x2  w25qxx.o [5]
  .bss               zero     0x2000'00b6     0x1  main.o [6]
                            - 0x2000'00b7    0xa3

"P4", part 3 of 3:                         0x4000
  CSTACK                      0x2000'00b8  0x2000  <Block>
    CSTACK           uninit   0x2000'00b8  0x2000  <Block tail>
  HEAP                        0x2000'20b8  0x2000  <Block>
    HEAP             uninit   0x2000'20b8  0x2000  <Block tail>
                            - 0x2000'40b8  0x4000

Unused ranges:

         From           To      Size
         ----           --      ----
   0x800'13c0   0x80f'ffff  0xf'ec40
  0x2000'40b8  0x2001'bfff  0x1'7f48
  0x2001'c000  0x2001'ffff    0x4000


*******************************************************************************
*** INIT TABLE
***

          Address      Size
          -------      ----
Zero (__iar_zero_init3)
    1 destination range, total size 0xa3:
          0x2000'0014  0xa3

Copy (__iar_copy_init3)
    1 source range, total size 0x14:
           0x800'13ac  0x14
    1 destination range, total size 0x14:
          0x2000'0000  0x14



*******************************************************************************
*** MODULE SUMMARY
***

    Module                 ro code  ro data  rw data
    ------                 -------  -------  -------
command line/config:
    ------------------------------------------------
    Total:

E:\IAR projects\STM32F4xx\w25qxx\Debug\Obj\Config: [1]
    Sys_Init.o                 192                16
    startup_stm32f407xx.o      768
    system_stm32f4xx.o         184       20        4
    ------------------------------------------------
    Total:                   1'144       20       20

E:\IAR projects\STM32F4xx\w25qxx\Debug\Obj\Libraries\Delay: [2]
    Delay.o                    166      112
    ------------------------------------------------
    Total:                     166      112

E:\IAR projects\STM32F4xx\w25qxx\Debug\Obj\Libraries\SPI: [3]
    SPI.o                      804               104
    ------------------------------------------------
    Total:                     804               104

E:\IAR projects\STM32F4xx\w25qxx\Debug\Obj\Libraries\STM32F4xx_StdPeriph_Driver\src: [4]
    stm32f4xx_rcc.o            336       16       16
    stm32f4xx_spi.o            312
    ------------------------------------------------
    Total:                     648       16       16

E:\IAR projects\STM32F4xx\w25qxx\Debug\Obj\Libraries\w25qxx: [5]
    w25qxx.o                 1'096       12       14
    ------------------------------------------------
    Total:                   1'096       12       14

E:\IAR projects\STM32F4xx\w25qxx\Debug\Obj\Source: [6]
    Init.o                     180
    main.o                     164       20       21
    ------------------------------------------------
    Total:                     344       20       21

dl7M_tln.a: [7]
    abort.o                      6
    exit.o                       4
    low_level_init.o             4
    no_free_heap0.o            120                 4
    strncmp.o                   40
    xgetmemchunk.o              44                 4
    xxmemxmemzero.o             18
    ------------------------------------------------
    Total:                     236                 8

m7M_tls.a: [8]
    fpinit_M.o                  34
    ------------------------------------------------
    Total:                      34

rt7M_tl.a: [9]
    ABImemset.o                102
    cexit.o                     10
    cmain.o                     30
    copy_init3.o                42
    cstartup_M.o                28
    data_init.o                 40
    zero_init3.o                56
    ------------------------------------------------
    Total:                     308

shb_l.a: [10]
    ABIassert.o                 36
    exit.o                      20
    ------------------------------------------------
    Total:                      56

    Gaps                         2        2
    Linker created                       36   16'384
----------------------------------------------------
    Grand Total:             4'838      218   16'567


*******************************************************************************
*** ENTRY LIST
***

Entry                       Address   Size  Type      Object
-----                       -------   ----  ----      ------
.iar.init_table$$Base    0x800'1198          --   Gb  - Linker created -
.iar.init_table$$Limit   0x800'11bc          --   Gb  - Linker created -
?main                    0x800'11c1         Code  Gb  cmain.o [9]
AHBPrescTable            0x800'1224   0x10  Data  Gb  system_stm32f4xx.o [1]
APBAHBPrescTable        0x2000'0000   0x10  Data  Lc  stm32f4xx_rcc.o [4]
CSTACK$$Base            0x2000'00b8          --   Gb  - Linker created -
CSTACK$$Limit           0x2000'20b8          --   Gb  - Linker created -
DummyByte                0x800'11f3    0x1  Data  Gb  w25qxx.o [5]
EnableReset              0x800'11e6    0x1  Data  Gb  w25qxx.o [5]
FLASH_access            0x2000'00b6    0x1  Data  Gb  main.o [6]
HEAP$$Base              0x2000'20b8          --   Gb  - Linker created -
HEAP$$Limit             0x2000'40b8          --   Gb  - Linker created -
IO_Init                  0x800'0ebd   0xb4  Code  Gb  Init.o [6]
IS_Busy                  0x800'0521   0x14  Code  Gb  w25qxx.o [5]
ManufacturerID           0x800'11f2    0x1  Data  Gb  w25qxx.o [5]
PageProgram              0x800'10a2    0x1  Data  Gb  w25qxx.o [5]
RCC_APB1PeriphClockCmd   0x800'0aa5   0x1c  Code  Gb  stm32f4xx_rcc.o [4]
RCC_APB1PeriphResetCmd   0x800'0add   0x1c  Code  Gb  stm32f4xx_rcc.o [4]
RCC_APB2PeriphClockCmd   0x800'0ac1   0x1c  Code  Gb  stm32f4xx_rcc.o [4]
RCC_APB2PeriphResetCmd   0x800'0af9   0x1c  Code  Gb  stm32f4xx_rcc.o [4]
RCC_GetClocksFreq        0x800'09e9   0xbc  Code  Gb  stm32f4xx_rcc.o [4]
ReadData                 0x800'0d2f    0x1  Data  Gb  w25qxx.o [5]
ReadManufacturerDeviceID
                         0x800'0d2e    0x1  Data  Gb  w25qxx.o [5]
ReadStatusRegister1      0x800'10a3    0x1  Data  Gb  w25qxx.o [5]
ReadStatusRegister2      0x800'11bc    0x1  Data  Gb  w25qxx.o [5]
ReadStatusRegister3      0x800'11bd    0x1  Data  Gb  w25qxx.o [5]
Region$$Table$$Base      0x800'1198          --   Gb  - Linker created -
Region$$Table$$Limit     0x800'11bc          --   Gb  - Linker created -
ReleasePowerDown         0x800'0cef    0x1  Data  Gb  w25qxx.o [5]
ResetDevice              0x800'11e7    0x1  Data  Gb  w25qxx.o [5]
SPI1_Instance           0x2000'0014   0x1c  Data  Gb  SPI.o [3]
SPI2_Instance           0x2000'0030   0x1c  Data  Gb  SPI.o [3]
SPI3_Instance           0x2000'004c   0x1c  Data  Gb  SPI.o [3]
SPI_Cmd                  0x800'0cb1   0x1c  Code  Gb  stm32f4xx_spi.o [4]
SPI_I2S_DeInit           0x800'0bb1   0xaa  Code  Gb  stm32f4xx_spi.o [4]
SPI_Init                 0x800'0c5b   0x3e  Code  Gb  stm32f4xx_spi.o [4]
SPI_InitStruct          0x2000'007c   0x14  Data  Gb  SPI.o [3]
SPI_Receive              0x800'08b9   0xd4  Code  Gb  SPI.o [3]
SPI_SSOutputCmd          0x800'0ccd   0x1c  Code  Gb  stm32f4xx_spi.o [4]
SPI_Transmit             0x800'07df   0xda  Code  Gb  SPI.o [3]
SPIx_Init                0x800'06bd  0x122  Code  Gb  SPI.o [3]
Sys_Init                 0x800'0d45   0xc0  Code  Gb  Sys_Init.o [1]
SystemCoreClock         0x2000'0010    0x4  Data  Gb  system_stm32f4xx.o [1]
SystemCoreClockUpdate    0x800'0e11   0x8e  Code  Gb  system_stm32f4xx.o [1]
SystemInit               0x800'0e05    0xc  Code  Gb  system_stm32f4xx.o [1]
WriteEnable              0x800'0cee    0x1  Data  Gb  w25qxx.o [5]
__NVIC_EnableIRQ         0x800'06a1   0x1c  Code  Lc  SPI.o [3]
__aeabi_assert           0x800'09c5   0x24  Code  Gb  ABIassert.o [10]
__aeabi_memset           0x800'1015         Code  Gb  ABImemset.o [9]
__cmain                  0x800'11c1         Code  Gb  cmain.o [9]
__data_GetMemChunk       0x800'0cf1   0x2c  Code  Gb  xgetmemchunk.o [7]
__data_GetMemChunk::start
                        0x2000'00b0    0x4  Data  Lc  xgetmemchunk.o [7]
__data_memzero           0x800'0d1d   0x12  Code  Gb  xxmemxmemzero.o [7]
__exit                   0x800'0d31   0x14  Code  Gb  exit.o [10]
__iar_Memset             0x800'1015         Code  Gb  ABImemset.o [9]
__iar_Memset_word        0x800'101d         Code  Gb  ABImemset.o [9]
__iar_copy_init3         0x800'0677   0x2a  Code  Gb  copy_init3.o [9]
__iar_data_init3         0x800'114d   0x28  Code  Gb  data_init.o [9]
__iar_init_vfp           0x800'1175         Code  Gb  fpinit_M.o [8]
__iar_program_start      0x800'11f5         Code  Gb  cstartup_M.o [9]
__iar_zero_init3         0x800'10e1   0x38  Code  Gb  zero_init3.o [9]
__low_level_init         0x800'11df    0x4  Code  Gb  low_level_init.o [7]
__no_free_calloc         0x800'0b7f   0x2c  Code  Gb  no_free_heap0.o [7]
__no_free_malloc         0x800'0b39   0x46  Code  Gb  no_free_heap0.o [7]
__vector_table           0x800'0000         Data  Gb  startup_stm32f407xx.o [1]
_call_main               0x800'11cd         Code  Gb  cmain.o [9]
_delay_ms                0x800'0669    0xe  Code  Gb  Delay.o [2]
_delay_us                0x800'05d1   0x7c  Code  Gb  Delay.o [2]
_exit                    0x800'11e9         Code  Gb  cexit.o [9]
abort                    0x800'0ce9    0x6  Code  Gb  abort.o [7]
addressBytes            0x2000'00a4    0x4  Data  Gb  w25qxx.o [5]
bufferRead              0x2000'0068   0x14  Data  Gb  main.o [6]
bufferWrite              0x800'1210   0x14  Data  Gb  main.o [6]
exit                     0x800'11e3    0x4  Code  Gb  exit.o [7]
main                     0x800'0f71   0xa4  Code  Gb  main.o [6]
numberOfPages           0x2000'00a0    0x4  Data  Gb  w25qxx.o [5]
qs                      0x2000'00ac    0x4  Data  Lc  no_free_heap0.o [7]
rcc_clocks              0x2000'0090   0x10  Data  Gb  Sys_Init.o [1]
strncmp                  0x800'107b   0x28  Code  Gb  strncmp.o [7]
threeAddrBytes          0x2000'00a8    0x4  Data  Gb  w25qxx.o [5]
w25qxx_ID               0x2000'00b4    0x2  Data  Gb  w25qxx.o [5]
w25qxx_Init              0x800'0189   0xe8  Code  Gb  w25qxx.o [5]
w25qxx_Read              0x800'0355   0xba  Code  Gb  w25qxx.o [5]
w25qxx_ReadID            0x800'040f   0x6c  Code  Gb  w25qxx.o [5]
w25qxx_ReadStatus        0x800'047b   0xa6  Code  Gb  w25qxx.o [5]
w25qxx_WaitWithTimeout   0x800'0535   0x34  Code  Gb  w25qxx.o [5]
w25qxx_Write             0x800'0271   0xe4  Code  Gb  w25qxx.o [5]
w25qxx_WriteEnable       0x800'0569   0x24  Code  Gb  w25qxx.o [5]


[1] = E:\IAR projects\STM32F4xx\w25qxx\Debug\Obj\Config
[2] = E:\IAR projects\STM32F4xx\w25qxx\Debug\Obj\Libraries\Delay
[3] = E:\IAR projects\STM32F4xx\w25qxx\Debug\Obj\Libraries\SPI
[4] = E:\IAR projects\STM32F4xx\w25qxx\Debug\Obj\Libraries\STM32F4xx_StdPeriph_Driver\src
[5] = E:\IAR projects\STM32F4xx\w25qxx\Debug\Obj\Libraries\w25qxx
[6] = E:\IAR projects\STM32F4xx\w25qxx\Debug\Obj\Source
[7] = dl7M_tln.a
[8] = m7M_tls.a
[9] = rt7M_tl.a
[10] = shb_l.a

   4'838 bytes of readonly  code memory
     218 bytes of readonly  data memory
  16'567 bytes of readwrite data memory

Errors: none
Warnings: none
