###############################################################################
#
# IAR ELF Linker V9.20.1.318/W64 for ARM                  04/Apr/2023  15:20:59
# Copyright 2007-2021 IAR Systems AB.
#
#    Output file  =  E:\IAR projects\STM32F4xx\w25qxx\Debug\Exe\w25qxx.out
#    Map file     =  E:\IAR projects\STM32F4xx\w25qxx\Debug\List\w25qxx.map
#    Command line =
#        -f "E:\IAR projects\STM32F4xx\w25qxx\Debug\Exe\w25qxx.out.rsp"
#        ("E:\IAR projects\STM32F4xx\w25qxx\Debug\Obj\Libraries\Delay\Delay.o"
#        "E:\IAR projects\STM32F4xx\w25qxx\Debug\Obj\Source\Init.o" "E:\IAR
#        projects\STM32F4xx\w25qxx\Debug\Obj\Source\main.o" "E:\IAR
#        projects\STM32F4xx\w25qxx\Debug\Obj\Libraries\SPI\SPI.o" "E:\IAR
#        projects\STM32F4xx\w25qxx\Debug\Obj\Config\startup_stm32f407xx.o"
#        "E:\IAR
#        projects\STM32F4xx\w25qxx\Debug\Obj\Libraries\STM32F4xx_StdPeriph_Driver\src\stm32f4xx_rcc.o"
#        "E:\IAR
#        projects\STM32F4xx\w25qxx\Debug\Obj\Libraries\STM32F4xx_StdPeriph_Driver\src\stm32f4xx_spi.o"
#        "E:\IAR projects\STM32F4xx\w25qxx\Debug\Obj\Config\Sys_Init.o" "E:\IAR
#        projects\STM32F4xx\w25qxx\Debug\Obj\Config\system_stm32f4xx.o" "E:\IAR
#        projects\STM32F4xx\w25qxx\Debug\Obj\Libraries\w25qxx\w25qxx.o"
#        --no_out_extension -o "E:\IAR
#        projects\STM32F4xx\w25qxx\Debug\Exe\w25qxx.out" --redirect
#        _Printf=_PrintfFullNoMb --redirect _Scanf=_ScanfFullNoMb --map "E:\IAR
#        projects\STM32F4xx\w25qxx\Debug\List\w25qxx.map" --config "C:\Program
#        Files (x86)\IAR Systems\Embedded Workbench
#        9.0\arm\config\linker\ST\stm32f407xG.icf" --semihosting --entry
#        __iar_program_start --vfe --text_out locale)
#
###############################################################################

*******************************************************************************
*** RUNTIME MODEL ATTRIBUTES
***

CppFlavor       = *
__CPP_Runtime   = 1
__Heap_Handler  = NoFree
__SystemLibrary = DLib
__dlib_version  = 6


*******************************************************************************
*** HEAP SELECTION
***

The no free heap was selected because no calls to memory
deallocation functions were found in the application.


*******************************************************************************
*** PLACEMENT SUMMARY
***

"A0":  place at address 0x800'0000 { ro section .intvec };
"P1":  place in [from 0x800'0000 to 0x80f'ffff] { ro };
define block CSTACK with size = 8K, alignment = 8 { };
define block HEAP with size = 8K, alignment = 8 { };
"P4":  place in [from 0x2000'0000 to 0x2001'bfff] |
                [from 0x2001'c000 to 0x2001'ffff] {
          rw, block CSTACK, block HEAP };
initialize by copy { rw };

No sections matched the following patterns:

  ro section application_specific_ro  in "P2"
  section .backup_sram                in "P5"
  section .ccram                      in "P3"


  Section            Kind         Address    Size  Object
  -------            ----         -------    ----  ------
"A0":                                       0x188
  .intvec            ro code   0x800'0000   0x188  startup_stm32f407xx.o [1]
                             - 0x800'0188   0x188

"P1":                                      0x14a4
  .text              ro code   0x800'0188   0x6a4  w25qxx.o [5]
  .text              ro code   0x800'082c    0xa6  Delay.o [2]
  .text              ro code   0x800'08d2    0x2a  copy_init3.o [9]
  .text              ro code   0x800'08fc   0x324  SPI.o [3]
  .text              ro code   0x800'0c20    0x24  ABIassert.o [10]
  .text              ro code   0x800'0c44   0x150  stm32f4xx_rcc.o [4]
  .text              ro code   0x800'0d94    0x78  no_free_heap0.o [7]
  .text              ro code   0x800'0e0c   0x138  stm32f4xx_spi.o [4]
  .text              ro code   0x800'0f44     0x6  abort.o [7]
  .rodata            const     0x800'0f4a     0x1  w25qxx.o [5]
  .rodata            const     0x800'0f4b     0x1  w25qxx.o [5]
  .text              ro code   0x800'0f4c    0x2c  xgetmemchunk.o [7]
  .text              ro code   0x800'0f78    0x12  xxmemxmemzero.o [7]
  .rodata            const     0x800'0f8a     0x1  w25qxx.o [5]
  .rodata            const     0x800'0f8b     0x1  w25qxx.o [5]
  .text              ro code   0x800'0f8c    0x14  exit.o [10]
  .text              ro code   0x800'0fa0    0xc0  Sys_Init.o [1]
  .text              ro code   0x800'1060    0xb8  system_stm32f4xx.o [1]
  .text              ro code   0x800'1118    0xb4  Init.o [6]
  .text              ro code   0x800'11cc    0xb0  main.o [6]
  .text              ro code   0x800'127c    0x66  ABImemset.o [9]
  .text              ro code   0x800'12e2    0x28  strncmp.o [7]
  .rodata            const     0x800'130a     0x1  w25qxx.o [5]
  .rodata            const     0x800'130b     0x1  w25qxx.o [5]
  .rodata            const     0x800'130c    0x3c  Delay.o [2]
  .text              ro code   0x800'1348    0x38  zero_init3.o [9]
  .rodata            const     0x800'1380    0x34  Delay.o [2]
  .text              ro code   0x800'13b4    0x28  data_init.o [9]
  .text              ro code   0x800'13dc    0x22  fpinit_M.o [8]
  .iar.init_table    const     0x800'1400    0x24  - Linker created -
  .rodata            const     0x800'1424     0x1  w25qxx.o [5]
  .rodata            const     0x800'1425     0x1  w25qxx.o [5]
  .text              ro code   0x800'1428    0x1e  cmain.o [9]
  .text              ro code   0x800'1446     0x4  low_level_init.o [7]
  .text              ro code   0x800'144a     0x4  exit.o [7]
  .rodata            const     0x800'144e     0x1  w25qxx.o [5]
  .rodata            const     0x800'144f     0x1  w25qxx.o [5]
  .text              ro code   0x800'1450     0xa  cexit.o [9]
  .rodata            const     0x800'145a     0x1  w25qxx.o [5]
  .rodata            const     0x800'145b     0x1  w25qxx.o [5]
  .text              ro code   0x800'145c    0x1c  cstartup_M.o [9]
  .rodata            const     0x800'1478    0x14  main.o [6]
  .rodata            const     0x800'148c    0x10  system_stm32f4xx.o [1]
  .text              ro code   0x800'149c    0x10  startup_stm32f407xx.o [1]
  .text              ro code   0x800'14ac     0x4  startup_stm32f407xx.o [1]
  .text              ro code   0x800'14b0     0x4  startup_stm32f407xx.o [1]
  .text              ro code   0x800'14b4     0x4  startup_stm32f407xx.o [1]
  .text              ro code   0x800'14b8     0x4  startup_stm32f407xx.o [1]
  .text              ro code   0x800'14bc     0x4  startup_stm32f407xx.o [1]
  .text              ro code   0x800'14c0     0x4  startup_stm32f407xx.o [1]
  .text              ro code   0x800'14c4     0x4  startup_stm32f407xx.o [1]
  .text              ro code   0x800'14c8     0x4  startup_stm32f407xx.o [1]
  .text              ro code   0x800'14cc     0x4  startup_stm32f407xx.o [1]
  .text              ro code   0x800'14d0     0x4  startup_stm32f407xx.o [1]
  .text              ro code   0x800'14d4     0x4  startup_stm32f407xx.o [1]
  .text              ro code   0x800'14d8     0x4  startup_stm32f407xx.o [1]
  .text              ro code   0x800'14dc     0x4  startup_stm32f407xx.o [1]
  .text              ro code   0x800'14e0     0x4  startup_stm32f407xx.o [1]
  .text              ro code   0x800'14e4     0x4  startup_stm32f407xx.o [1]
  .text              ro code   0x800'14e8     0x4  startup_stm32f407xx.o [1]
  .text              ro code   0x800'14ec     0x4  startup_stm32f407xx.o [1]
  .text              ro code   0x800'14f0     0x4  startup_stm32f407xx.o [1]
  .text              ro code   0x800'14f4     0x4  startup_stm32f407xx.o [1]
  .text              ro code   0x800'14f8     0x4  startup_stm32f407xx.o [1]
  .text              ro code   0x800'14fc     0x4  startup_stm32f407xx.o [1]
  .text              ro code   0x800'1500     0x4  startup_stm32f407xx.o [1]
  .text              ro code   0x800'1504     0x4  startup_stm32f407xx.o [1]
  .text              ro code   0x800'1508     0x4  startup_stm32f407xx.o [1]
  .text              ro code   0x800'150c     0x4  startup_stm32f407xx.o [1]
  .text              ro code   0x800'1510     0x4  startup_stm32f407xx.o [1]
  .text              ro code   0x800'1514     0x4  startup_stm32f407xx.o [1]
  .text              ro code   0x800'1518     0x4  startup_stm32f407xx.o [1]
  .text              ro code   0x800'151c     0x4  startup_stm32f407xx.o [1]
  .text              ro code   0x800'1520     0x4  startup_stm32f407xx.o [1]
  .text              ro code   0x800'1524     0x4  startup_stm32f407xx.o [1]
  .text              ro code   0x800'1528     0x4  startup_stm32f407xx.o [1]
  .text              ro code   0x800'152c     0x4  startup_stm32f407xx.o [1]
  .text              ro code   0x800'1530     0x4  startup_stm32f407xx.o [1]
  .text              ro code   0x800'1534     0x4  startup_stm32f407xx.o [1]
  .text              ro code   0x800'1538     0x4  startup_stm32f407xx.o [1]
  .text              ro code   0x800'153c     0x4  startup_stm32f407xx.o [1]
  .text              ro code   0x800'1540     0x4  startup_stm32f407xx.o [1]
  .text              ro code   0x800'1544     0x4  startup_stm32f407xx.o [1]
  .text              ro code   0x800'1548     0x4  startup_stm32f407xx.o [1]
  .text              ro code   0x800'154c     0x4  startup_stm32f407xx.o [1]
  .text              ro code   0x800'1550     0x4  startup_stm32f407xx.o [1]
  .text              ro code   0x800'1554     0x4  startup_stm32f407xx.o [1]
  .text              ro code   0x800'1558     0x4  startup_stm32f407xx.o [1]
  .text              ro code   0x800'155c     0x4  startup_stm32f407xx.o [1]
  .text              ro code   0x800'1560     0x4  startup_stm32f407xx.o [1]
  .text              ro code   0x800'1564     0x4  startup_stm32f407xx.o [1]
  .text              ro code   0x800'1568     0x4  startup_stm32f407xx.o [1]
  .text              ro code   0x800'156c     0x4  startup_stm32f407xx.o [1]
  .text              ro code   0x800'1570     0x4  startup_stm32f407xx.o [1]
  .text              ro code   0x800'1574     0x4  startup_stm32f407xx.o [1]
  .text              ro code   0x800'1578     0x4  startup_stm32f407xx.o [1]
  .text              ro code   0x800'157c     0x4  startup_stm32f407xx.o [1]
  .text              ro code   0x800'1580     0x4  startup_stm32f407xx.o [1]
  .text              ro code   0x800'1584     0x4  startup_stm32f407xx.o [1]
  .text              ro code   0x800'1588     0x4  startup_stm32f407xx.o [1]
  .text              ro code   0x800'158c     0x4  startup_stm32f407xx.o [1]
  .text              ro code   0x800'1590     0x4  startup_stm32f407xx.o [1]
  .text              ro code   0x800'1594     0x4  startup_stm32f407xx.o [1]
  .text              ro code   0x800'1598     0x4  startup_stm32f407xx.o [1]
  .text              ro code   0x800'159c     0x4  startup_stm32f407xx.o [1]
  .text              ro code   0x800'15a0     0x4  startup_stm32f407xx.o [1]
  .text              ro code   0x800'15a4     0x4  startup_stm32f407xx.o [1]
  .text              ro code   0x800'15a8     0x4  startup_stm32f407xx.o [1]
  .text              ro code   0x800'15ac     0x4  startup_stm32f407xx.o [1]
  .text              ro code   0x800'15b0     0x4  startup_stm32f407xx.o [1]
  .text              ro code   0x800'15b4     0x4  startup_stm32f407xx.o [1]
  .text              ro code   0x800'15b8     0x4  startup_stm32f407xx.o [1]
  .text              ro code   0x800'15bc     0x4  startup_stm32f407xx.o [1]
  .text              ro code   0x800'15c0     0x4  startup_stm32f407xx.o [1]
  .text              ro code   0x800'15c4     0x4  startup_stm32f407xx.o [1]
  .text              ro code   0x800'15c8     0x4  startup_stm32f407xx.o [1]
  .text              ro code   0x800'15cc     0x4  startup_stm32f407xx.o [1]
  .text              ro code   0x800'15d0     0x4  startup_stm32f407xx.o [1]
  .text              ro code   0x800'15d4     0x4  startup_stm32f407xx.o [1]
  .text              ro code   0x800'15d8     0x4  startup_stm32f407xx.o [1]
  .text              ro code   0x800'15dc     0x4  startup_stm32f407xx.o [1]
  .text              ro code   0x800'15e0     0x4  startup_stm32f407xx.o [1]
  .text              ro code   0x800'15e4     0x4  startup_stm32f407xx.o [1]
  .text              ro code   0x800'15e8     0x4  startup_stm32f407xx.o [1]
  .text              ro code   0x800'15ec     0x4  startup_stm32f407xx.o [1]
  .text              ro code   0x800'15f0     0x4  startup_stm32f407xx.o [1]
  .text              ro code   0x800'15f4     0x4  startup_stm32f407xx.o [1]
  .text              ro code   0x800'15f8     0x4  startup_stm32f407xx.o [1]
  .text              ro code   0x800'15fc     0x4  startup_stm32f407xx.o [1]
  .text              ro code   0x800'1600     0x4  startup_stm32f407xx.o [1]
  .text              ro code   0x800'1604     0x4  startup_stm32f407xx.o [1]
  .text              ro code   0x800'1608     0x4  startup_stm32f407xx.o [1]
  .text              ro code   0x800'160c     0x4  startup_stm32f407xx.o [1]
  .text              ro code   0x800'1610     0x4  startup_stm32f407xx.o [1]
  .rodata            const     0x800'1614     0x1  w25qxx.o [5]
  .rodata            const     0x800'1615     0x1  w25qxx.o [5]
  .rodata            const     0x800'1616     0x1  w25qxx.o [5]
  .rodata            const     0x800'1617     0x1  w25qxx.o [5]
  .rodata            const     0x800'1618     0x0  zero_init3.o [9]
  .rodata            const     0x800'1618     0x0  copy_init3.o [9]
  Initializer bytes  const     0x800'1618    0x14  <for P4 s0>
                             - 0x800'162c  0x14a4

"P4", part 1 of 3:                           0x14
  P4 s0                       0x2000'0000    0x14  <Init block>
    .data            inited   0x2000'0000    0x10  stm32f4xx_rcc.o [4]
    .data            inited   0x2000'0010     0x4  system_stm32f4xx.o [1]
                            - 0x2000'0014    0x14

"P4", part 2 of 3:                           0xa4
  .bss               zero     0x2000'0014    0x1c  SPI.o [3]
  .bss               zero     0x2000'0030    0x1c  SPI.o [3]
  .bss               zero     0x2000'004c    0x1c  SPI.o [3]
  .bss               zero     0x2000'0068    0x14  main.o [6]
  .bss               zero     0x2000'007c    0x14  SPI.o [3]
  .bss               zero     0x2000'0090    0x10  Sys_Init.o [1]
  .bss               zero     0x2000'00a0     0x4  w25qxx.o [5]
  .bss               zero     0x2000'00a4     0x4  w25qxx.o [5]
  .bss               zero     0x2000'00a8     0x4  w25qxx.o [5]
  .bss               zero     0x2000'00ac     0x4  no_free_heap0.o [7]
  .bss               zero     0x2000'00b0     0x4  xgetmemchunk.o [7]
  .bss               zero     0x2000'00b4     0x2  w25qxx.o [5]
  .bss               zero     0x2000'00b6     0x1  main.o [6]
                            - 0x2000'00b7    0xa3

"P4", part 3 of 3:                         0x4000
  CSTACK                      0x2000'00b8  0x2000  <Block>
    CSTACK           uninit   0x2000'00b8  0x2000  <Block tail>
  HEAP                        0x2000'20b8  0x2000  <Block>
    HEAP             uninit   0x2000'20b8  0x2000  <Block tail>
                            - 0x2000'40b8  0x4000

Unused ranges:

         From           To      Size
         ----           --      ----
   0x800'162c   0x80f'ffff  0xf'e9d4
  0x2000'40b8  0x2001'bfff  0x1'7f48
  0x2001'c000  0x2001'ffff    0x4000


*******************************************************************************
*** INIT TABLE
***

          Address      Size
          -------      ----
Zero (__iar_zero_init3)
    1 destination range, total size 0xa3:
          0x2000'0014  0xa3

Copy (__iar_copy_init3)
    1 source range, total size 0x14:
           0x800'1618  0x14
    1 destination range, total size 0x14:
          0x2000'0000  0x14



*******************************************************************************
*** MODULE SUMMARY
***

    Module                 ro code  ro data  rw data
    ------                 -------  -------  -------
command line/config:
    ------------------------------------------------
    Total:

E:\IAR projects\STM32F4xx\w25qxx\Debug\Obj\Config: [1]
    Sys_Init.o                 192                16
    startup_stm32f407xx.o      768
    system_stm32f4xx.o         184       20        4
    ------------------------------------------------
    Total:                   1'144       20       20

E:\IAR projects\STM32F4xx\w25qxx\Debug\Obj\Libraries\Delay: [2]
    Delay.o                    166      112
    ------------------------------------------------
    Total:                     166      112

E:\IAR projects\STM32F4xx\w25qxx\Debug\Obj\Libraries\SPI: [3]
    SPI.o                      804               104
    ------------------------------------------------
    Total:                     804               104

E:\IAR projects\STM32F4xx\w25qxx\Debug\Obj\Libraries\STM32F4xx_StdPeriph_Driver\src: [4]
    stm32f4xx_rcc.o            336       16       16
    stm32f4xx_spi.o            312
    ------------------------------------------------
    Total:                     648       16       16

E:\IAR projects\STM32F4xx\w25qxx\Debug\Obj\Libraries\w25qxx: [5]
    w25qxx.o                 1'700       16       14
    ------------------------------------------------
    Total:                   1'700       16       14

E:\IAR projects\STM32F4xx\w25qxx\Debug\Obj\Source: [6]
    Init.o                     180
    main.o                     176       20       21
    ------------------------------------------------
    Total:                     356       20       21

dl7M_tln.a: [7]
    abort.o                      6
    exit.o                       4
    low_level_init.o             4
    no_free_heap0.o            120                 4
    strncmp.o                   40
    xgetmemchunk.o              44                 4
    xxmemxmemzero.o             18
    ------------------------------------------------
    Total:                     236                 8

m7M_tls.a: [8]
    fpinit_M.o                  34
    ------------------------------------------------
    Total:                      34

rt7M_tl.a: [9]
    ABImemset.o                102
    cexit.o                     10
    cmain.o                     30
    copy_init3.o                42
    cstartup_M.o                28
    data_init.o                 40
    zero_init3.o                56
    ------------------------------------------------
    Total:                     308

shb_l.a: [10]
    ABIassert.o                 36
    exit.o                      20
    ------------------------------------------------
    Total:                      56

    Gaps                         2        2
    Linker created                       36   16'384
----------------------------------------------------
    Grand Total:             5'454      222   16'567


*******************************************************************************
*** ENTRY LIST
***

Entry                       Address   Size  Type      Object
-----                       -------   ----  ----      ------
.iar.init_table$$Base    0x800'1400          --   Gb  - Linker created -
.iar.init_table$$Limit   0x800'1424          --   Gb  - Linker created -
?main                    0x800'1429         Code  Gb  cmain.o [9]
AHBPrescTable            0x800'148c   0x10  Data  Gb  system_stm32f4xx.o [1]
APBAHBPrescTable        0x2000'0000   0x10  Data  Lc  stm32f4xx_rcc.o [4]
BlockErase_32KB          0x800'1424    0x1  Data  Gb  w25qxx.o [5]
BlockErase_64KB          0x800'1425    0x1  Data  Gb  w25qxx.o [5]
CSTACK$$Base            0x2000'00b8          --   Gb  - Linker created -
CSTACK$$Limit           0x2000'20b8          --   Gb  - Linker created -
ChipErase                0x800'144e    0x1  Data  Gb  w25qxx.o [5]
DummyByte                0x800'1617    0x1  Data  Gb  w25qxx.o [5]
EnableReset              0x800'1614    0x1  Data  Gb  w25qxx.o [5]
FLASH_access            0x2000'00b6    0x1  Data  Gb  main.o [6]
HEAP$$Base              0x2000'20b8          --   Gb  - Linker created -
HEAP$$Limit             0x2000'40b8          --   Gb  - Linker created -
IO_Init                  0x800'1119   0xb4  Code  Gb  Init.o [6]
IS_Busy                  0x800'0525   0x14  Code  Gb  w25qxx.o [5]
ManufacturerID           0x800'1616    0x1  Data  Gb  w25qxx.o [5]
PageProgram              0x800'130a    0x1  Data  Gb  w25qxx.o [5]
RCC_APB1PeriphClockCmd   0x800'0d01   0x1c  Code  Gb  stm32f4xx_rcc.o [4]
RCC_APB1PeriphResetCmd   0x800'0d39   0x1c  Code  Gb  stm32f4xx_rcc.o [4]
RCC_APB2PeriphClockCmd   0x800'0d1d   0x1c  Code  Gb  stm32f4xx_rcc.o [4]
RCC_APB2PeriphResetCmd   0x800'0d55   0x1c  Code  Gb  stm32f4xx_rcc.o [4]
RCC_GetClocksFreq        0x800'0c45   0xbc  Code  Gb  stm32f4xx_rcc.o [4]
ReadData                 0x800'0f8b    0x1  Data  Gb  w25qxx.o [5]
ReadManufacturerDeviceID
                         0x800'0f8a    0x1  Data  Gb  w25qxx.o [5]
ReadStatusRegister1      0x800'144f    0x1  Data  Gb  w25qxx.o [5]
ReadStatusRegister2      0x800'145a    0x1  Data  Gb  w25qxx.o [5]
ReadStatusRegister3      0x800'145b    0x1  Data  Gb  w25qxx.o [5]
Region$$Table$$Base      0x800'1400          --   Gb  - Linker created -
Region$$Table$$Limit     0x800'1424          --   Gb  - Linker created -
ReleasePowerDown         0x800'0f4b    0x1  Data  Gb  w25qxx.o [5]
ResetDevice              0x800'1615    0x1  Data  Gb  w25qxx.o [5]
SPI1_Instance           0x2000'0014   0x1c  Data  Gb  SPI.o [3]
SPI2_Instance           0x2000'0030   0x1c  Data  Gb  SPI.o [3]
SPI3_Instance           0x2000'004c   0x1c  Data  Gb  SPI.o [3]
SPI_Cmd                  0x800'0f0d   0x1c  Code  Gb  stm32f4xx_spi.o [4]
SPI_I2S_DeInit           0x800'0e0d   0xaa  Code  Gb  stm32f4xx_spi.o [4]
SPI_Init                 0x800'0eb7   0x3e  Code  Gb  stm32f4xx_spi.o [4]
SPI_InitStruct          0x2000'007c   0x14  Data  Gb  SPI.o [3]
SPI_Receive              0x800'0b15   0xd4  Code  Gb  SPI.o [3]
SPI_SSOutputCmd          0x800'0f29   0x1c  Code  Gb  stm32f4xx_spi.o [4]
SPI_Transmit             0x800'0a3b   0xda  Code  Gb  SPI.o [3]
SPIx_Init                0x800'0919  0x122  Code  Gb  SPI.o [3]
SectorErase_4KB          0x800'130b    0x1  Data  Gb  w25qxx.o [5]
Sys_Init                 0x800'0fa1   0xc0  Code  Gb  Sys_Init.o [1]
SystemCoreClock         0x2000'0010    0x4  Data  Gb  system_stm32f4xx.o [1]
SystemCoreClockUpdate    0x800'106d   0x8e  Code  Gb  system_stm32f4xx.o [1]
SystemInit               0x800'1061    0xc  Code  Gb  system_stm32f4xx.o [1]
WriteEnable              0x800'0f4a    0x1  Data  Gb  w25qxx.o [5]
__NVIC_EnableIRQ         0x800'08fd   0x1c  Code  Lc  SPI.o [3]
__aeabi_assert           0x800'0c21   0x24  Code  Gb  ABIassert.o [10]
__aeabi_memset           0x800'127d         Code  Gb  ABImemset.o [9]
__cmain                  0x800'1429         Code  Gb  cmain.o [9]
__data_GetMemChunk       0x800'0f4d   0x2c  Code  Gb  xgetmemchunk.o [7]
__data_GetMemChunk::start
                        0x2000'00b0    0x4  Data  Lc  xgetmemchunk.o [7]
__data_memzero           0x800'0f79   0x12  Code  Gb  xxmemxmemzero.o [7]
__exit                   0x800'0f8d   0x14  Code  Gb  exit.o [10]
__iar_Memset             0x800'127d         Code  Gb  ABImemset.o [9]
__iar_Memset_word        0x800'1285         Code  Gb  ABImemset.o [9]
__iar_copy_init3         0x800'08d3   0x2a  Code  Gb  copy_init3.o [9]
__iar_data_init3         0x800'13b5   0x28  Code  Gb  data_init.o [9]
__iar_init_vfp           0x800'13dd         Code  Gb  fpinit_M.o [8]
__iar_program_start      0x800'145d         Code  Gb  cstartup_M.o [9]
__iar_zero_init3         0x800'1349   0x38  Code  Gb  zero_init3.o [9]
__low_level_init         0x800'1447    0x4  Code  Gb  low_level_init.o [7]
__no_free_calloc         0x800'0ddb   0x2c  Code  Gb  no_free_heap0.o [7]
__no_free_malloc         0x800'0d95   0x46  Code  Gb  no_free_heap0.o [7]
__vector_table           0x800'0000         Data  Gb  startup_stm32f407xx.o [1]
_call_main               0x800'1435         Code  Gb  cmain.o [9]
_delay_ms                0x800'08c5    0xe  Code  Gb  Delay.o [2]
_delay_us                0x800'082d   0x7c  Code  Gb  Delay.o [2]
_exit                    0x800'1451         Code  Gb  cexit.o [9]
abort                    0x800'0f45    0x6  Code  Gb  abort.o [7]
addressBytes            0x2000'00a4    0x4  Data  Gb  w25qxx.o [5]
bufferRead              0x2000'0068   0x14  Data  Gb  main.o [6]
bufferWrite              0x800'1478   0x14  Data  Gb  main.o [6]
exit                     0x800'144b    0x4  Code  Gb  exit.o [7]
main                     0x800'11cd   0xb0  Code  Gb  main.o [6]
numberOfPages           0x2000'00a0    0x4  Data  Gb  w25qxx.o [5]
qs                      0x2000'00ac    0x4  Data  Lc  no_free_heap0.o [7]
rcc_clocks              0x2000'0090   0x10  Data  Gb  Sys_Init.o [1]
strncmp                  0x800'12e3   0x28  Code  Gb  strncmp.o [7]
threeAddrBytes          0x2000'00a8    0x4  Data  Gb  w25qxx.o [5]
w25qxx_Erase             0x800'0591  0x244  Code  Gb  w25qxx.o [5]
w25qxx_ID               0x2000'00b4    0x2  Data  Gb  w25qxx.o [5]
w25qxx_Init              0x800'0189   0xe8  Code  Gb  w25qxx.o [5]
w25qxx_Read              0x800'0355   0xba  Code  Gb  w25qxx.o [5]
w25qxx_ReadID            0x800'040f   0x6c  Code  Gb  w25qxx.o [5]
w25qxx_ReadStatus        0x800'047b   0xaa  Code  Gb  w25qxx.o [5]
w25qxx_WaitWithTimeout   0x800'0539   0x34  Code  Gb  w25qxx.o [5]
w25qxx_Write             0x800'0271   0xe4  Code  Gb  w25qxx.o [5]
w25qxx_WriteEnable       0x800'056d   0x24  Code  Gb  w25qxx.o [5]


[1] = E:\IAR projects\STM32F4xx\w25qxx\Debug\Obj\Config
[2] = E:\IAR projects\STM32F4xx\w25qxx\Debug\Obj\Libraries\Delay
[3] = E:\IAR projects\STM32F4xx\w25qxx\Debug\Obj\Libraries\SPI
[4] = E:\IAR projects\STM32F4xx\w25qxx\Debug\Obj\Libraries\STM32F4xx_StdPeriph_Driver\src
[5] = E:\IAR projects\STM32F4xx\w25qxx\Debug\Obj\Libraries\w25qxx
[6] = E:\IAR projects\STM32F4xx\w25qxx\Debug\Obj\Source
[7] = dl7M_tln.a
[8] = m7M_tls.a
[9] = rt7M_tl.a
[10] = shb_l.a

   5'454 bytes of readonly  code memory
     222 bytes of readonly  data memory
  16'567 bytes of readwrite data memory

Errors: none
Warnings: none
